Archive member included to satisfy reference by file (symbol)

app/libapp.a(main.c.obj)      (--whole-archive)
app/libapp.a(remote.c.obj)    (--whole-archive)
app/libapp.a(ultrasonic_hc-sr04.c.obj)
                              (--whole-archive)
app/libapp.a(helpers.c.obj)   (--whole-archive)
zephyr/libzephyr.a(cbprintf_packaged.c.obj)
                              (--whole-archive)
zephyr/libzephyr.a(crc32c_sw.c.obj)
                              (--whole-archive)
zephyr/libzephyr.a(crc32_sw.c.obj)
                              (--whole-archive)
zephyr/libzephyr.a(crc16_sw.c.obj)
                              (--whole-archive)
zephyr/libzephyr.a(crc8_sw.c.obj)
                              (--whole-archive)
zephyr/libzephyr.a(crc7_sw.c.obj)
                              (--whole-archive)
zephyr/libzephyr.a(dec.c.obj)
                              (--whole-archive)
zephyr/libzephyr.a(fdtable.c.obj)
                              (--whole-archive)
zephyr/libzephyr.a(hex.c.obj)
                              (--whole-archive)
zephyr/libzephyr.a(printk.c.obj)
                              (--whole-archive)
zephyr/libzephyr.a(rb.c.obj)  (--whole-archive)
zephyr/libzephyr.a(sem.c.obj)
                              (--whole-archive)
zephyr/libzephyr.a(thread_entry.c.obj)
                              (--whole-archive)
zephyr/libzephyr.a(timeutil.c.obj)
                              (--whole-archive)
zephyr/libzephyr.a(heap.c.obj)
                              (--whole-archive)
zephyr/libzephyr.a(heap-validate.c.obj)
                              (--whole-archive)
zephyr/libzephyr.a(bitarray.c.obj)
                              (--whole-archive)
zephyr/libzephyr.a(multi_heap.c.obj)
                              (--whole-archive)
zephyr/libzephyr.a(onoff.c.obj)
                              (--whole-archive)
zephyr/libzephyr.a(notify.c.obj)
                              (--whole-archive)
zephyr/libzephyr.a(cbprintf_complete.c.obj)
                              (--whole-archive)
zephyr/libzephyr.a(cbprintf.c.obj)
                              (--whole-archive)
zephyr/libzephyr.a(assert.c.obj)
                              (--whole-archive)
zephyr/libzephyr.a(mpsc_pbuf.c.obj)
                              (--whole-archive)
zephyr/libzephyr.a(reboot.c.obj)
                              (--whole-archive)
zephyr/libzephyr.a(configs.c.obj)
                              (--whole-archive)
zephyr/libzephyr.a(soc.c.obj)
                              (--whole-archive)
zephyr/libzephyr.a(power.c.obj)
                              (--whole-archive)
zephyr/libzephyr.a(sync_rtc.c.obj)
                              (--whole-archive)
zephyr/libzephyr.a(soc_nrf_common.S.obj)
                              (--whole-archive)
zephyr/libzephyr.a(soc_secure.c.obj)
                              (--whole-archive)
zephyr/libzephyr.a(validate_base_addresses.c.obj)
                              (--whole-archive)
zephyr/libzephyr.a(validate_enabled_instances.c.obj)
                              (--whole-archive)
zephyr/libzephyr.a(log_core.c.obj)
                              (--whole-archive)
zephyr/libzephyr.a(log_mgmt.c.obj)
                              (--whole-archive)
zephyr/libzephyr.a(log_cache.c.obj)
                              (--whole-archive)
zephyr/libzephyr.a(log_msg.c.obj)
                              (--whole-archive)
zephyr/libzephyr.a(log_output.c.obj)
                              (--whole-archive)
zephyr/libzephyr.a(log_backend_uart.c.obj)
                              (--whole-archive)
zephyr/libzephyr.a(ipc_service.c.obj)
                              (--whole-archive)
zephyr/libzephyr.a(ipc_rpmsg_static_vrings.c.obj)
                              (--whole-archive)
zephyr/libzephyr.a(ipc_rpmsg.c.obj)
                              (--whole-archive)
zephyr/libzephyr.a(ipc_static_vrings.c.obj)
                              (--whole-archive)
zephyr/libzephyr.a(addr_utils.c.obj)
                              (--whole-archive)
zephyr/libzephyr.a(pm.c.obj)  (--whole-archive)
zephyr/libzephyr.a(policy.c.obj)
                              (--whole-archive)
zephyr/libzephyr.a(state.c.obj)
                              (--whole-archive)
zephyr/libzephyr.a(tracing_none.c.obj)
                              (--whole-archive)
zephyr/libzephyr.a(flash_map_partition_manager.c.obj)
                              (--whole-archive)
zephyr/libzephyr.a(utils.c.obj)
                              (--whole-archive)
zephyr/libzephyr.a(aes_decrypt.c.obj)
                              (--whole-archive)
zephyr/libzephyr.a(aes_encrypt.c.obj)
                              (--whole-archive)
zephyr/libzephyr.a(cmac_mode.c.obj)
                              (--whole-archive)
zephyr/libzephyr.a(sha256.c.obj)
                              (--whole-archive)
zephyr/libzephyr.a(hmac.c.obj)
                              (--whole-archive)
zephyr/libzephyr.a(hmac_prng.c.obj)
                              (--whole-archive)
[...]
Memory Configuration

Name             Origin             Length             Attributes
FLASH            0x0000000000008000 0x00000000000f8000 xr
RAM              0x0000000020008000 0x0000000000068000 xw
IDT_LIST         0x00000000fffff7ff 0x0000000000000800 xw
*default*        0x0000000000000000 0xffffffffffffffff

Linker script and memory map

LOAD zephyr/CMakeFiles/zephyr_final.dir/misc/empty_file.c.obj
LOAD zephyr/CMakeFiles/zephyr_final.dir/dev_handles.c.obj
LOAD zephyr/CMakeFiles/zephyr_final.dir/isr_tables.c.obj
                0x0000000000000020                _region_min_align = 0x20

.rel.plt        0x0000000000008000        0x0
 *(SORT_BY_ALIGNMENT(.rel.plt))
                [!provide]                        PROVIDE (__rel_iplt_start = .)
 *(SORT_BY_ALIGNMENT(.rel.iplt))
 .rel.iplt      0x0000000000008000        0x0 zephyr/CMakeFiles/zephyr_final.dir/isr_tables.c.obj
                [!provide]                        PROVIDE (__rel_iplt_end = .)

.rela.plt       0x0000000000000000        0x0
 *(SORT_BY_ALIGNMENT(.rela.plt))
                [!provide]                        PROVIDE (__rela_iplt_start = .)
 *(SORT_BY_ALIGNMENT(.rela.iplt))
                [!provide]                        PROVIDE (__rela_iplt_end = .)

.rel.dyn
 *(SORT_BY_ALIGNMENT(.rel.*))

.rela.dyn
 *(SORT_BY_ALIGNMENT(.rela.*))

/DISCARD/
 *(SORT_BY_ALIGNMENT(.plt))

/DISCARD/
 *(SORT_BY_ALIGNMENT(.iplt))
                0x0000000000008000                __rom_region_start = 0x8000

rom_start       0x0000000000008000      0x154
                0x0000000000000000                . = 0x0
                0x0000000000000000                . = ALIGN (0x4)
                0x0000000000000000                . = ALIGN (0x80)
                0x0000000000000000                . = ALIGN (0x200)
                0x0000000000008000                _vector_start = .
 *(SORT_BY_ALIGNMENT(.exc_vector_table))
 *(SORT_BY_ALIGNMENT(.exc_vector_table.*))
 .exc_vector_table._vector_table_section
                0x0000000000008000       0x40 zephyr/arch/arch/arm/core/aarch32/cortex_m/libarch__arm__core__aarch32__cortex_m.a(vector_table.S.obj)
                0x0000000000008000                _vector_table
 *(SORT_BY_ALIGNMENT(.vectors))
                0x0000000000008154                _vector_end = .
                0x0000000000008040                . = ALIGN (0x4)
 *(SORT_BY_ALIGNMENT(.gnu.linkonce.irq_vector_table*))
 .gnu.linkonce.irq_vector_table
                0x0000000000008040      0x114 zephyr/CMakeFiles/zephyr_final.dir/isr_tables.c.obj
                0x0000000000008040                _irq_vector_table
                0x0000000000008154                _vector_end = .

text            0x0000000000008158    0x1821c
                0x0000000000008158                __text_region_start = .
 *(SORT_BY_ALIGNMENT(.text))
 .text          0x0000000000008158      0x378 c:/ncs/toolchains/v2.2.0/opt/zephyr-sdk/arm-zephyr-eabi/bin/../lib/gcc/arm-zephyr-eabi/12.1.0/thumb/v8-m.main/nofp\libgcc.a(_arm_addsubdf3.o)
                0x0000000000008158                __aeabi_drsub
                0x0000000000008160                __aeabi_dsub
                0x0000000000008160                __subdf3
                0x0000000000008164                __aeabi_dadd
                0x0000000000008164                __adddf3
                0x00000000000083dc                __floatunsidf
                0x00000000000083dc                __aeabi_ui2d
                0x00000000000083fc                __floatsidf
                0x00000000000083fc                __aeabi_i2d
                0x0000000000008420                __aeabi_f2d
                0x0000000000008420                __extendsfdf2
                0x0000000000008464                __floatundidf
                0x0000000000008464                __aeabi_ul2d
                0x0000000000008474                __floatdidf
                0x0000000000008474                __aeabi_l2d
 .text          0x00000000000084d0      0x424 c:/ncs/toolchains/v2.2.0/opt/zephyr-sdk/arm-zephyr-eabi/bin/../lib/gcc/arm-zephyr-eabi/12.1.0/thumb/v8-m.main/nofp\libgcc.a(_arm_muldivdf3.o)
                0x00000000000084d0                __aeabi_dmul
                0x00000000000084d0                __muldf3
                0x0000000000008724                __divdf3
                0x0000000000008724                __aeabi_ddiv
 .text          0x00000000000088f4       0x40 c:/ncs/toolchains/v2.2.0/opt/zephyr-sdk/arm-zephyr-eabi/bin/../lib/gcc/arm-zephyr-eabi/12.1.0/thumb/v8-m.main/nofp\libgcc.a(_arm_fixunsdfsi.o)
                0x00000000000088f4                __aeabi_d2uiz
                0x00000000000088f4                __fixunsdfsi
 .text          0x0000000000008934       0x30 c:/ncs/toolchains/v2.2.0/opt/zephyr-sdk/arm-zephyr-eabi/bin/../lib/gcc/arm-zephyr-eabi/12.1.0/thumb/v8-m.main/nofp\libgcc.a(_aeabi_uldivmod.o)
                0x0000000000008934                __aeabi_uldivmod
 .text          0x0000000000008964        0x4 c:/ncs/toolchains/v2.2.0/opt/zephyr-sdk/arm-zephyr-eabi/bin/../lib/gcc/arm-zephyr-eabi/12.1.0/thumb/v8-m.main/nofp\libgcc.a(_dvmd_tls.o)
                0x0000000000008964                __aeabi_idiv0
                0x0000000000008964                __aeabi_ldiv0
 .text          0x0000000000008968      0x29c c:/ncs/toolchains/v2.2.0/opt/zephyr-sdk/arm-zephyr-eabi/bin/../lib/gcc/arm-zephyr-eabi/12.1.0/thumb/v8-m.main/nofp\libgcc.a(_udivmoddi4.o)
                0x0000000000008968                __udivmoddi4
 *(SORT_BY_ALIGNMENT(.text.*))
 *fill*         0x0000000000008c04        0x4 
 .text.pwm_set_pulse_dt
                0x0000000000008c08       0xac app/libapp.a(main.c.obj)
 *fill*         0x0000000000008cb4        0x4 
 .text.sense_distance
                0x0000000000008cb8       0x8c app/libapp.a(ultrasonic_hc-sr04.c.obj)
                0x0000000000008cb8                sense_distance
 .text.on_disconnected
                0x0000000000008d44       0x48 app/libapp.a(main.c.obj)
                0x0000000000008d44                on_disconnected
 .text.reset_motors
                0x0000000000008d8c       0x44 app/libapp.a(main.c.obj)
                0x0000000000008d8c                reset_motors
 .text.on_connected
                0x0000000000008dd0       0x68 app/libapp.a(main.c.obj)
                0x0000000000008dd0                on_connected
 .text.update_motors
                0x0000000000008e38       0xbc app/libapp.a(main.c.obj)
                0x0000000000008e38                update_motors
 .text.on_data_received
                0x0000000000008ef4       0x9c app/libapp.a(main.c.obj)
                0x0000000000008ef4                on_data_received
 .text.dot_matrix_write
                0x0000000000008f90       0x68 app/libapp.a(main.c.obj)
                0x0000000000008f90                dot_matrix_write
 .text.ultrasonic_thread
                0x0000000000008ff8      0x194 app/libapp.a(main.c.obj)
                0x0000000000008ff8                ultrasonic_thread
 .text.main     0x000000000000918c      0x188 app/libapp.a(main.c.obj)
                0x000000000000918c                main
 .text.on_write
                0x0000000000009314       0x54 app/libapp.a(remote.c.obj)
 .text.bt_ready
                0x0000000000009368       0x3c app/libapp.a(remote.c.obj)
                0x0000000000009368                bt_ready
 .text.bluetooth_init
                0x00000000000093a4       0xd4 app/libapp.a(remote.c.obj)
                0x00000000000093a4                bluetooth_init
 .text.echo_cb  0x0000000000009478       0x58 app/libapp.a(ultrasonic_hc-sr04.c.obj)
 .text.gpio_pin_set_raw.isra.0
                0x00000000000094d0       0x50 app/libapp.a(ultrasonic_hc-sr04.c.obj)
 .text.ultrasonic_init
                0x0000000000009520       0xf4 app/libapp.a(ultrasonic_hc-sr04.c.obj)
                0x0000000000009520                ultrasonic_init
 .text.cbprintf_package_convert
                0x0000000000009614      0x46c zephyr/libzephyr.a(cbprintf_packaged.c.obj)
                0x0000000000009614                cbprintf_package_convert
 .text.char_out
                0x0000000000009a80        0xc zephyr/libzephyr.a(printk.c.obj)
 .text.__printk_hook_install
                0x0000000000009a8c        0xc zephyr/libzephyr.a(printk.c.obj)
                0x0000000000009a8c                __printk_hook_install
 .text.vprintk  0x0000000000009a98       0x1c zephyr/libzephyr.a(printk.c.obj)
                0x0000000000009a98                vprintk
 .text.vsnprintk
                0x0000000000009ab4       0x2c zephyr/libzephyr.a(printk.c.obj)
                0x0000000000009ab4                vsnprintk
 .text.sys_heap_free
                0x0000000000009ae0       0x8c zephyr/libzephyr.a(heap.c.obj)
                0x0000000000009ae0                sys_heap_free
 .text.sys_heap_aligned_alloc
                0x0000000000009b6c      0x104 zephyr/libzephyr.a(heap.c.obj)
                0x0000000000009b6c                sys_heap_aligned_alloc
 .text.sys_heap_init
                0x0000000000009c70      0x114 zephyr/libzephyr.a(heap.c.obj)
                0x0000000000009c70                sys_heap_init
 .text.process_event
                0x0000000000009d84      0x3a8 zephyr/libzephyr.a(onoff.c.obj)
 .text.transition_complete
                0x000000000000a12c       0x64 zephyr/libzephyr.a(onoff.c.obj)
 .text.onoff_request
                0x000000000000a190      0x130 zephyr/libzephyr.a(onoff.c.obj)
                0x000000000000a190                onoff_request
 .text.sys_notify_finalize
                0x000000000000a2c0       0x58 zephyr/libzephyr.a(notify.c.obj)
                0x000000000000a2c0                sys_notify_finalize
 .text.z_cbvprintf_impl
                0x000000000000a318      0x764 zephyr/libzephyr.a(cbprintf_complete.c.obj)
                0x000000000000a318                z_cbvprintf_impl
 .text.mpsc_pbuf_init
                0x000000000000aa7c       0x64 zephyr/libzephyr.a(mpsc_pbuf.c.obj)
                0x000000000000aa7c                mpsc_pbuf_init
 .text.mpsc_pbuf_alloc
                0x000000000000aae0      0x17c zephyr/libzephyr.a(mpsc_pbuf.c.obj)
                0x000000000000aae0                mpsc_pbuf_alloc
 .text.mpsc_pbuf_commit
                0x000000000000ac5c       0xac zephyr/libzephyr.a(mpsc_pbuf.c.obj)
                0x000000000000ac5c                mpsc_pbuf_commit
 .text.mpsc_pbuf_claim
                0x000000000000ad08      0x10c zephyr/libzephyr.a(mpsc_pbuf.c.obj)
                0x000000000000ad08                mpsc_pbuf_claim
 .text.mpsc_pbuf_free
                0x000000000000ae14       0xd4 zephyr/libzephyr.a(mpsc_pbuf.c.obj)
                0x000000000000ae14                mpsc_pbuf_free
 .text.arch_busy_wait
                0x000000000000aee8       0x24 zephyr/libzephyr.a(soc.c.obj)
                0x000000000000aee8                arch_busy_wait
 .text.ppi_ipc_to_rtc.isra.0
                0x000000000000af0c       0x98 zephyr/libzephyr.a(sync_rtc.c.obj)
 .text.sync_rtc_setup
                0x000000000000afa4       0xb8 zephyr/libzephyr.a(sync_rtc.c.obj)
 .text.rtc_cb   0x000000000000b05c       0xb0 zephyr/libzephyr.a(sync_rtc.c.obj)
 .text.mbox_callback
                0x000000000000b10c       0xd0 zephyr/libzephyr.a(sync_rtc.c.obj)
 .text.z_arm_platform_init
                0x000000000000b1dc        0x4 zephyr/libzephyr.a(soc_nrf_common.S.obj)
                0x000000000000b1dc                z_arm_platform_init
 .text.soc_secure_gpio_pin_mcu_select
                0x000000000000b1e0       0x60 zephyr/libzephyr.a(soc_secure.c.obj)
                0x000000000000b1e0                soc_secure_gpio_pin_mcu_select
 .text.enable_logger
                0x000000000000b240       0x5c zephyr/libzephyr.a(log_core.c.obj)
 .text.activate_foreach_backend
                0x000000000000b29c       0x64 zephyr/libzephyr.a(log_core.c.obj)
 .text.z_log_init
                0x000000000000b300       0xe0 zephyr/libzephyr.a(log_core.c.obj)
 .text.log_process_thread_timer_expiry_fn
                0x000000000000b3e0        0xc zephyr/libzephyr.a(log_core.c.obj)
 .text.log_format_func_t_get
                0x000000000000b3ec        0xc zephyr/libzephyr.a(log_core.c.obj)
                0x000000000000b3ec                log_format_func_t_get
 .text.log_set_timestamp_func
                0x000000000000b3f8       0x20 zephyr/libzephyr.a(log_core.c.obj)
                0x000000000000b3f8                log_set_timestamp_func
 .text.z_log_notify_backend_enabled
                0x000000000000b418       0x1c zephyr/libzephyr.a(log_core.c.obj)
                0x000000000000b418                z_log_notify_backend_enabled
 .text.z_log_dropped
                0x000000000000b434       0x28 zephyr/libzephyr.a(log_core.c.obj)
                0x000000000000b434                z_log_dropped
 .text.z_log_dropped_read_and_clear
                0x000000000000b45c       0x18 zephyr/libzephyr.a(log_core.c.obj)
                0x000000000000b45c                z_log_dropped_read_and_clear
 .text.dropped_notify
                0x000000000000b474       0x60 zephyr/libzephyr.a(log_core.c.obj)
                0x000000000000b474                dropped_notify
 .text.z_log_msg_init
                0x000000000000b4d4       0x20 zephyr/libzephyr.a(log_core.c.obj)
                0x000000000000b4d4                z_log_msg_init
 .text.log_core_init
                0x000000000000b4f4       0x2c zephyr/libzephyr.a(log_core.c.obj)
                0x000000000000b4f4                log_core_init
 .text.z_log_msg_alloc
                0x000000000000b520       0x10 zephyr/libzephyr.a(log_core.c.obj)
                0x000000000000b520                z_log_msg_alloc
 .text.z_log_msg_local_claim
                0x000000000000b530        0xc zephyr/libzephyr.a(log_core.c.obj)
                0x000000000000b530                z_log_msg_local_claim
 .text.z_log_msg_free
                0x000000000000b53c       0x10 zephyr/libzephyr.a(log_core.c.obj)
                0x000000000000b53c                z_log_msg_free
 .text.z_log_msg_pending
                0x000000000000b54c        0xc zephyr/libzephyr.a(log_core.c.obj)
                0x000000000000b54c                z_log_msg_pending
 .text.z_impl_log_process
                0x000000000000b558       0xe4 zephyr/libzephyr.a(log_core.c.obj)
                0x000000000000b558                z_impl_log_process
 .text.z_impl_log_panic
                0x000000000000b63c       0x74 zephyr/libzephyr.a(log_core.c.obj)
                0x000000000000b63c                z_impl_log_panic
 .text.log_process_thread_func
                0x000000000000b6b0       0xec zephyr/libzephyr.a(log_core.c.obj)
 .text.z_log_msg_post_finalize
                0x000000000000b79c       0xe0 zephyr/libzephyr.a(log_core.c.obj)
 .text.z_log_msg_commit
                0x000000000000b87c       0x24 zephyr/libzephyr.a(log_core.c.obj)
                0x000000000000b87c                z_log_msg_commit
 .text.log_source_name_get
                0x000000000000b8a0       0x1c zephyr/libzephyr.a(log_mgmt.c.obj)
                0x000000000000b8a0                log_source_name_get
 .text.log_backend_enable
                0x000000000000b8bc       0x4c zephyr/libzephyr.a(log_mgmt.c.obj)
                0x000000000000b8bc                log_backend_enable
 .text.z_impl_z_log_msg_static_create
                0x000000000000b908       0xcc zephyr/libzephyr.a(log_msg.c.obj)
                0x000000000000b908                z_impl_z_log_msg_static_create
 .text.print_formatted
                0x000000000000b9d4       0x24 zephyr/libzephyr.a(log_output.c.obj)
 .text.newline_print
                0x000000000000b9f8       0x1c zephyr/libzephyr.a(log_output.c.obj)
 .text.out_func
                0x000000000000ba14       0x58 zephyr/libzephyr.a(log_output.c.obj)
 .text.log_output_process
                0x000000000000ba6c      0x2d0 zephyr/libzephyr.a(log_output.c.obj)
                0x000000000000ba6c                log_output_process
 .text.log_output_msg_process
                0x000000000000bd3c       0x6c zephyr/libzephyr.a(log_output.c.obj)
                0x000000000000bd3c                log_output_msg_process
 .text.log_output_dropped_process
                0x000000000000bda8       0x58 zephyr/libzephyr.a(log_output.c.obj)
                0x000000000000bda8                log_output_dropped_process
 .text.log_output_timestamp_freq_set
                0x000000000000be00       0x2c zephyr/libzephyr.a(log_output.c.obj)
                0x000000000000be00                log_output_timestamp_freq_set
 .text.format_set
                0x000000000000be2c        0xc zephyr/libzephyr.a(log_backend_uart.c.obj)
 .text.panic    0x000000000000be38       0x14 zephyr/libzephyr.a(log_backend_uart.c.obj)
 .text.dropped  0x000000000000be4c        0xc zephyr/libzephyr.a(log_backend_uart.c.obj)
 .text.process  0x000000000000be58       0x24 zephyr/libzephyr.a(log_backend_uart.c.obj)
 .text.char_out
                0x000000000000be7c       0x24 zephyr/libzephyr.a(log_backend_uart.c.obj)
 .text.log_backend_uart_init
                0x000000000000bea0       0x30 zephyr/libzephyr.a(log_backend_uart.c.obj)
 .text.ipc_service_open_instance
                0x000000000000bed0       0x5c zephyr/libzephyr.a(ipc_service.c.obj)
                0x000000000000bed0                ipc_service_open_instance
 .text.ipc_service_register_endpoint
                0x000000000000bf2c       0x64 zephyr/libzephyr.a(ipc_service.c.obj)
                0x000000000000bf2c                ipc_service_register_endpoint
 .text.ipc_service_send
                0x000000000000bf90       0x84 zephyr/libzephyr.a(ipc_service.c.obj)
                0x000000000000bf90                ipc_service_send
 .text.shared_memory_prepare
                0x000000000000c014       0x14 zephyr/libzephyr.a(ipc_rpmsg_static_vrings.c.obj)
 .text.bound_cb
                0x000000000000c028       0x30 zephyr/libzephyr.a(ipc_rpmsg_static_vrings.c.obj)
 .text.advertise_ept
                0x000000000000c058       0x44 zephyr/libzephyr.a(ipc_rpmsg_static_vrings.c.obj)
 .text.get_ept  0x000000000000c09c       0x28 zephyr/libzephyr.a(ipc_rpmsg_static_vrings.c.obj)
 .text.open     0x000000000000c0c4      0x1b8 zephyr/libzephyr.a(ipc_rpmsg_static_vrings.c.obj)
 .text.close    0x000000000000c27c       0xc4 zephyr/libzephyr.a(ipc_rpmsg_static_vrings.c.obj)
 .text.send     0x000000000000c340       0x4c zephyr/libzephyr.a(ipc_rpmsg_static_vrings.c.obj)
 .text.register_ept
                0x000000000000c38c       0xe0 zephyr/libzephyr.a(ipc_rpmsg_static_vrings.c.obj)
 .text.ns_bind_cb
                0x000000000000c46c       0x6c zephyr/libzephyr.a(ipc_rpmsg.c.obj)
 .text.ipc_rpmsg_register_ept
                0x000000000000c4d8       0x3c zephyr/libzephyr.a(ipc_rpmsg.c.obj)
                0x000000000000c4d8                ipc_rpmsg_register_ept
 .text.ipc_rpmsg_init
                0x000000000000c514       0x6c zephyr/libzephyr.a(ipc_rpmsg.c.obj)
                0x000000000000c514                ipc_rpmsg_init
 .text.ipc_static_vrings_init
                0x000000000000c580      0x104 zephyr/libzephyr.a(ipc_static_vrings.c.obj)
                0x000000000000c580                ipc_static_vrings_init
 .text.pm_state_notify
                0x000000000000c684       0xc0 zephyr/libzephyr.a(pm.c.obj)
 .text.pm_system_resume
                0x000000000000c744       0x70 zephyr/libzephyr.a(pm.c.obj)
                0x000000000000c744                pm_system_resume
 .text.pm_system_suspend
                0x000000000000c7b4      0x154 zephyr/libzephyr.a(pm.c.obj)
                0x000000000000c7b4                pm_system_suspend
 .text.pm_policy_next_state
                0x000000000000c908       0x94 zephyr/libzephyr.a(policy.c.obj)
                0x000000000000c908                pm_policy_next_state
 .text.pm_state_cpu_get_all
                0x000000000000c99c       0x10 zephyr/libzephyr.a(state.c.obj)
                0x000000000000c99c                pm_state_cpu_get_all
 .text.sub_bytes
                0x000000000000c9ac       0x18 zephyr/libzephyr.a(aes_encrypt.c.obj)
 .text.tc_aes128_set_encrypt_key
                0x000000000000c9c4       0xa8 zephyr/libzephyr.a(aes_encrypt.c.obj)
                0x000000000000c9c4                tc_aes128_set_encrypt_key
 .text.compress
                0x000000000000ca6c      0x1d4 zephyr/libzephyr.a(sha256.c.obj)
 .text.tc_sha256_init
                0x000000000000cc40       0x58 zephyr/libzephyr.a(sha256.c.obj)
                0x000000000000cc40                tc_sha256_init
 .text.z_arm_cpu_idle_init
                0x000000000000cc98        0xc zephyr/arch/arch/arm/core/aarch32/libarch__arm__core__aarch32.a(cpu_idle.S.obj)
                0x000000000000cc98                z_arm_cpu_idle_init
 .text.arch_cpu_idle
                0x000000000000cca4       0x1c zephyr/arch/arch/arm/core/aarch32/libarch__arm__core__aarch32.a(cpu_idle.S.obj)
                0x000000000000cca4                arch_cpu_idle
 .text.arch_cpu_atomic_idle
                0x000000000000ccc0       0x14 zephyr/arch/arch/arm/core/aarch32/libarch__arm__core__aarch32.a(cpu_idle.S.obj)
                0x000000000000ccc0                arch_cpu_atomic_idle
 .text.z_arm_fatal_error
                0x000000000000ccd4       0xcc zephyr/arch/arch/arm/core/aarch32/libarch__arm__core__aarch32.a(fatal.c.obj)
                0x000000000000ccd4                z_arm_fatal_error
 .text.arch_irq_enable
                0x000000000000cda0       0x1c zephyr/arch/arch/arm/core/aarch32/libarch__arm__core__aarch32.a(irq_manage.c.obj)
                0x000000000000cda0                arch_irq_enable
 .text.arch_irq_disable
                0x000000000000cdbc       0x28 zephyr/arch/arch/arm/core/aarch32/libarch__arm__core__aarch32.a(irq_manage.c.obj)
                0x000000000000cdbc                arch_irq_disable
 .text.arch_irq_is_enabled
                0x000000000000cde4       0x1c zephyr/arch/arch/arm/core/aarch32/libarch__arm__core__aarch32.a(irq_manage.c.obj)
                0x000000000000cde4                arch_irq_is_enabled
 .text.z_arm_irq_priority_set
                0x000000000000ce00       0x64 zephyr/arch/arch/arm/core/aarch32/libarch__arm__core__aarch32.a(irq_manage.c.obj)
                0x000000000000ce00                z_arm_irq_priority_set
 .text.z_SysNmiOnReset
                0x000000000000ce64        0x8 zephyr/arch/arch/arm/core/aarch32/libarch__arm__core__aarch32.a(nmi_on_reset.S.obj)
                0x000000000000ce64                z_SysNmiOnReset
 .text.z_arm_prep_c
                0x000000000000ce6c       0x38 zephyr/arch/arch/arm/core/aarch32/libarch__arm__core__aarch32.a(prep_c.c.obj)
                0x000000000000ce6c                z_arm_prep_c
 .text.arch_swap
                0x000000000000cea4       0x34 zephyr/arch/arch/arm/core/aarch32/libarch__arm__core__aarch32.a(swap.c.obj)
                0x000000000000cea4                arch_swap
 .text.z_arm_pendsv
                0x000000000000ced8       0x60 zephyr/arch/arch/arm/core/aarch32/libarch__arm__core__aarch32.a(swap_helper.S.obj)
                0x000000000000ced8                z_arm_pendsv
 .text.z_arm_svc
                0x000000000000cf38       0x20 zephyr/arch/arch/arm/core/aarch32/libarch__arm__core__aarch32.a(swap_helper.S.obj)
                0x000000000000cf38                z_arm_svc
 .text.arch_new_thread
                0x000000000000cf58       0x40 zephyr/arch/arch/arm/core/aarch32/libarch__arm__core__aarch32.a(thread.c.obj)
                0x000000000000cf58                arch_new_thread
 .text.arch_switch_to_main_thread
                0x000000000000cf98       0x28 zephyr/arch/arch/arm/core/aarch32/libarch__arm__core__aarch32.a(thread.c.obj)
                0x000000000000cf98                arch_switch_to_main_thread
 .text._isr_wrapper
                0x000000000000cfc0       0x40 zephyr/arch/arch/arm/core/aarch32/libarch__arm__core__aarch32.a(isr_wrapper.S.obj)
                0x000000000000cfc0                _isr_wrapper
 .text._HandlerModeExit
                0x000000000000d000       0x1c zephyr/arch/arch/arm/core/aarch32/cortex_m/libarch__arm__core__aarch32__cortex_m.a(exc_exit.S.obj)
                0x000000000000d000                z_arm_int_exit
                0x000000000000d000                z_arm_exc_exit
 .text.mem_manage_fault.constprop.0
                0x000000000000d01c      0x170 zephyr/arch/arch/arm/core/aarch32/cortex_m/libarch__arm__core__aarch32__cortex_m.a(fault.c.obj)
 .text.bus_fault.constprop.0
                0x000000000000d18c      0x130 zephyr/arch/arch/arm/core/aarch32/cortex_m/libarch__arm__core__aarch32__cortex_m.a(fault.c.obj)
 .text.usage_fault.constprop.0
                0x000000000000d2bc      0x118 zephyr/arch/arch/arm/core/aarch32/cortex_m/libarch__arm__core__aarch32__cortex_m.a(fault.c.obj)
 .text.z_arm_fault
                0x000000000000d3d4      0x298 zephyr/arch/arch/arm/core/aarch32/cortex_m/libarch__arm__core__aarch32__cortex_m.a(fault.c.obj)
                0x000000000000d3d4                z_arm_fault
 .text.z_arm_fault_init
                0x000000000000d66c       0x18 zephyr/arch/arch/arm/core/aarch32/cortex_m/libarch__arm__core__aarch32__cortex_m.a(fault.c.obj)
                0x000000000000d66c                z_arm_fault_init
 .text.__fault  0x000000000000d684       0x14 zephyr/arch/arch/arm/core/aarch32/cortex_m/libarch__arm__core__aarch32__cortex_m.a(fault_s.S.obj)
                0x000000000000d684                z_arm_usage_fault
                0x000000000000d684                z_arm_mpu_fault
                0x000000000000d684                z_arm_exc_spurious
                0x000000000000d684                z_arm_debug_monitor
                0x000000000000d684                z_arm_hard_fault
                0x000000000000d684                z_arm_bus_fault
 .text.z_arm_interrupt_init
                0x000000000000d698       0x18 zephyr/arch/arch/arm/core/aarch32/cortex_m/libarch__arm__core__aarch32__cortex_m.a(irq_init.c.obj)
                0x000000000000d698                z_arm_interrupt_init
 .text._reset_section
                0x000000000000d6b0       0x60 zephyr/arch/arch/arm/core/aarch32/cortex_m/libarch__arm__core__aarch32__cortex_m.a(reset.S.obj)
                0x000000000000d6b0                __start
                0x000000000000d6b0                z_arm_reset
 .text.sys_arch_reboot
                0x000000000000d710       0x24 zephyr/arch/arch/arm/core/aarch32/cortex_m/libarch__arm__core__aarch32__cortex_m.a(scb.c.obj)
                0x000000000000d710                sys_arch_reboot
 .text.z_arm_clear_arm_mpu_config
                0x000000000000d734       0x24 zephyr/arch/arch/arm/core/aarch32/cortex_m/libarch__arm__core__aarch32__cortex_m.a(scb.c.obj)
                0x000000000000d734                z_arm_clear_arm_mpu_config
 .text.z_arm_init_arch_hw_at_boot
                0x000000000000d758       0x4c zephyr/arch/arch/arm/core/aarch32/cortex_m/libarch__arm__core__aarch32__cortex_m.a(scb.c.obj)
                0x000000000000d758                z_arm_init_arch_hw_at_boot
 .text.z_impl_k_thread_abort
                0x000000000000d7a4       0x2c zephyr/arch/arch/arm/core/aarch32/cortex_m/libarch__arm__core__aarch32__cortex_m.a(thread_abort.c.obj)
                0x000000000000d7a4                z_impl_k_thread_abort
 .text.z_arm_configure_static_mpu_regions
                0x000000000000d7d0       0x38 zephyr/arch/arch/arm/core/aarch32/mpu/libarch__arm__core__aarch32__mpu.a(arm_core_mpu.c.obj)
                0x000000000000d7d0                z_arm_configure_static_mpu_regions
 .text.region_init
                0x000000000000d808       0x34 zephyr/arch/arch/arm/core/aarch32/mpu/libarch__arm__core__aarch32__mpu.a(arm_mpu.c.obj)
 .text.region_allocate_and_init.part.0
                0x000000000000d83c       0x30 zephyr/arch/arch/arm/core/aarch32/mpu/libarch__arm__core__aarch32__mpu.a(arm_mpu.c.obj)
 .text.mpu_configure_regions_and_partition.constprop.0
                0x000000000000d86c      0x19c zephyr/arch/arch/arm/core/aarch32/mpu/libarch__arm__core__aarch32__mpu.a(arm_mpu.c.obj)
 .text.arm_core_mpu_enable
                0x000000000000da08       0x18 zephyr/arch/arch/arm/core/aarch32/mpu/libarch__arm__core__aarch32__mpu.a(arm_mpu.c.obj)
                0x000000000000da08                arm_core_mpu_enable
 .text.arm_core_mpu_disable
                0x000000000000da20       0x14 zephyr/arch/arch/arm/core/aarch32/mpu/libarch__arm__core__aarch32__mpu.a(arm_mpu.c.obj)
                0x000000000000da20                arm_core_mpu_disable
 .text.arm_core_mpu_configure_static_mpu_regions
                0x000000000000da34       0x48 zephyr/arch/arch/arm/core/aarch32/mpu/libarch__arm__core__aarch32__mpu.a(arm_mpu.c.obj)
                0x000000000000da34                arm_core_mpu_configure_static_mpu_regions
 .text.arm_core_mpu_mark_areas_for_dynamic_regions
                0x000000000000da7c       0xe8 zephyr/arch/arch/arm/core/aarch32/mpu/libarch__arm__core__aarch32__mpu.a(arm_mpu.c.obj)
                0x000000000000da7c                arm_core_mpu_mark_areas_for_dynamic_regions
 .text.z_arm_mpu_init
                0x000000000000db64       0xa8 zephyr/arch/arch/arm/core/aarch32/mpu/libarch__arm__core__aarch32__mpu.a(arm_mpu.c.obj)
                0x000000000000db64                z_arm_mpu_init
 .text.__stdout_hook_install
                0x000000000000dc0c        0xc zephyr/lib/libc/minimal/liblib__libc__minimal.a(stdout_console.c.obj)
                0x000000000000dc0c                __stdout_hook_install
 .text.remoteproc_mgr_boot
                0x000000000000dc18       0x10 zephyr/boards/arm/nrf5340dk_nrf5340/libboards__arm__nrf5340dk_nrf5340.a(nrf5340_cpunet_reset.c.obj)
 .text.bt_hex   0x000000000000dc28       0x44 zephyr/subsys/bluetooth/common/libsubsys__bluetooth__common.a(bt_str.c.obj)
                0x000000000000dc28                bt_hex
 .text.bt_addr_le_str
                0x000000000000dc6c       0x7c zephyr/subsys/bluetooth/common/libsubsys__bluetooth__common.a(bt_str.c.obj)
                0x000000000000dc6c                bt_addr_le_str
 .text.long_wq_init
                0x000000000000dce8       0x38 zephyr/subsys/bluetooth/host/libsubsys__bluetooth__host.a(long_wq.c.obj)
 .text.bt_long_wq_schedule
                0x000000000000dd20        0xc zephyr/subsys/bluetooth/host/libsubsys__bluetooth__host.a(long_wq.c.obj)
                0x000000000000dd20                bt_long_wq_schedule
 .text.uuid_to_uuid128
                0x000000000000dd2c       0x6c zephyr/subsys/bluetooth/host/libsubsys__bluetooth__host.a(uuid.c.obj)
 .text.bt_buf_get_rx
                0x000000000000dd98       0x68 zephyr/subsys/bluetooth/host/libsubsys__bluetooth__host.a(buf.c.obj)
                0x000000000000dd98                bt_buf_get_rx
 .text.bt_buf_get_cmd_complete
                0x000000000000de00       0x34 zephyr/subsys/bluetooth/host/libsubsys__bluetooth__host.a(buf.c.obj)
                0x000000000000de00                bt_buf_get_cmd_complete
 .text.bt_buf_get_evt
                0x000000000000de34       0x58 zephyr/subsys/bluetooth/host/libsubsys__bluetooth__host.a(buf.c.obj)
                0x000000000000de34                bt_buf_get_evt
 .text.hci_disconn_complete_prio
                0x000000000000de8c       0x3c zephyr/subsys/bluetooth/host/libsubsys__bluetooth__host.a(hci_core.c.obj)
 .text.find_pending_connect.part.0
                0x000000000000dec8       0x2c zephyr/subsys/bluetooth/host/libsubsys__bluetooth__host.a(hci_core.c.obj)
 .text.hci_data_buf_overflow
                0x000000000000def4       0x30 zephyr/subsys/bluetooth/host/libsubsys__bluetooth__host.a(hci_core.c.obj)
 .text.le_conn_param_neg_reply.part.0
                0x000000000000df24       0x24 zephyr/subsys/bluetooth/host/libsubsys__bluetooth__host.a(hci_core.c.obj)
 .text.le_conn_update_complete
                0x000000000000df48       0x98 zephyr/subsys/bluetooth/host/libsubsys__bluetooth__host.a(hci_core.c.obj)
 .text.rx_queue_put
                0x000000000000dfe0       0x50 zephyr/subsys/bluetooth/host/libsubsys__bluetooth__host.a(hci_core.c.obj)
 .text.handle_event.part.0
                0x000000000000e030       0x48 zephyr/subsys/bluetooth/host/libsubsys__bluetooth__host.a(hci_core.c.obj)
 .text.hci_hardware_error
                0x000000000000e078       0x34 zephyr/subsys/bluetooth/host/libsubsys__bluetooth__host.a(hci_core.c.obj)
 .text.le_data_len_change
                0x000000000000e0ac       0x40 zephyr/subsys/bluetooth/host/libsubsys__bluetooth__host.a(hci_core.c.obj)
 .text.le_phy_update_complete
                0x000000000000e0ec       0x44 zephyr/subsys/bluetooth/host/libsubsys__bluetooth__host.a(hci_core.c.obj)
 .text.hci_disconn_complete
                0x000000000000e130       0x58 zephyr/subsys/bluetooth/host/libsubsys__bluetooth__host.a(hci_core.c.obj)
 .text.handle_event
                0x000000000000e188       0x60 zephyr/subsys/bluetooth/host/libsubsys__bluetooth__host.a(hci_core.c.obj)
 .text.rx_work_handler
                0x000000000000e1e8      0x190 zephyr/subsys/bluetooth/host/libsubsys__bluetooth__host.a(hci_core.c.obj)
 .text.hci_le_meta_event
                0x000000000000e378       0x20 zephyr/subsys/bluetooth/host/libsubsys__bluetooth__host.a(hci_core.c.obj)
 .text.le_remote_feat_complete
                0x000000000000e398       0x60 zephyr/subsys/bluetooth/host/libsubsys__bluetooth__host.a(hci_core.c.obj)
 .text.hci_cmd_done
                0x000000000000e3f8      0x130 zephyr/subsys/bluetooth/host/libsubsys__bluetooth__host.a(hci_core.c.obj)
 .text.hci_cmd_status
                0x000000000000e528       0x2c zephyr/subsys/bluetooth/host/libsubsys__bluetooth__host.a(hci_core.c.obj)
 .text.hci_cmd_complete
                0x000000000000e554       0x30 zephyr/subsys/bluetooth/host/libsubsys__bluetooth__host.a(hci_core.c.obj)
 .text.hci_num_completed_packets
                0x000000000000e584      0x118 zephyr/subsys/bluetooth/host/libsubsys__bluetooth__host.a(hci_core.c.obj)
 .text.bt_hci_cmd_state_set_init
                0x000000000000e69c       0x24 zephyr/subsys/bluetooth/host/libsubsys__bluetooth__host.a(hci_core.c.obj)
                0x000000000000e69c                bt_hci_cmd_state_set_init
 .text.bt_hci_cmd_create
                0x000000000000e6c0       0x9c zephyr/subsys/bluetooth/host/libsubsys__bluetooth__host.a(hci_core.c.obj)
                0x000000000000e6c0                bt_hci_cmd_create
 .text.bt_hci_cmd_send_sync
                0x000000000000e75c       0xf8 zephyr/subsys/bluetooth/host/libsubsys__bluetooth__host.a(hci_core.c.obj)
                0x000000000000e75c                bt_hci_cmd_send_sync
 .text.hci_le_read_max_data_len
                0x000000000000e854       0x50 zephyr/subsys/bluetooth/host/libsubsys__bluetooth__host.a(hci_core.c.obj)
 .text.bt_hci_le_rand
                0x000000000000e8a4       0x58 zephyr/subsys/bluetooth/host/libsubsys__bluetooth__host.a(hci_core.c.obj)
                0x000000000000e8a4                bt_hci_le_rand
 .text.bt_hci_le_enh_conn_complete
                0x000000000000e8fc      0x2e4 zephyr/subsys/bluetooth/host/libsubsys__bluetooth__host.a(hci_core.c.obj)
                0x000000000000e8fc                bt_hci_le_enh_conn_complete
 .text.le_legacy_conn_complete
                0x000000000000ebe0       0x68 zephyr/subsys/bluetooth/host/libsubsys__bluetooth__host.a(hci_core.c.obj)
 .text.bt_send  0x000000000000ec48       0x10 zephyr/subsys/bluetooth/host/libsubsys__bluetooth__host.a(hci_core.c.obj)
                0x000000000000ec48                bt_send
 .text.bt_hci_cmd_send
                0x000000000000ec58       0x6c zephyr/subsys/bluetooth/host/libsubsys__bluetooth__host.a(hci_core.c.obj)
                0x000000000000ec58                bt_hci_cmd_send
 .text.bt_hci_host_num_completed_packets
                0x000000000000ecc4       0xe4 zephyr/subsys/bluetooth/host/libsubsys__bluetooth__host.a(hci_core.c.obj)
                0x000000000000ecc4                bt_hci_host_num_completed_packets
 .text.le_conn_param_req
                0x000000000000eda8       0xd4 zephyr/subsys/bluetooth/host/libsubsys__bluetooth__host.a(hci_core.c.obj)
 .text.hci_tx_thread
                0x000000000000ee7c      0x194 zephyr/subsys/bluetooth/host/libsubsys__bluetooth__host.a(hci_core.c.obj)
 .text.hci_event_prio
                0x000000000000f010       0xa4 zephyr/subsys/bluetooth/host/libsubsys__bluetooth__host.a(hci_core.c.obj)
                0x000000000000f010                hci_event_prio
 .text.bt_recv  0x000000000000f0b4       0x68 zephyr/subsys/bluetooth/host/libsubsys__bluetooth__host.a(hci_core.c.obj)
                0x000000000000f0b4                bt_recv
 .text.bt_hci_driver_register
                0x000000000000f11c       0x28 zephyr/subsys/bluetooth/host/libsubsys__bluetooth__host.a(hci_core.c.obj)
                0x000000000000f11c                bt_hci_driver_register
 .text.bt_finalize_init
                0x000000000000f144        0xc zephyr/subsys/bluetooth/host/libsubsys__bluetooth__host.a(hci_core.c.obj)
                0x000000000000f144                bt_finalize_init
 .text.bt_init  0x000000000000f150      0x48c zephyr/subsys/bluetooth/host/libsubsys__bluetooth__host.a(hci_core.c.obj)
 .text.init_work
                0x000000000000f5dc       0x18 zephyr/subsys/bluetooth/host/libsubsys__bluetooth__host.a(hci_core.c.obj)
 .text.bt_enable
                0x000000000000f5f4      0x124 zephyr/subsys/bluetooth/host/libsubsys__bluetooth__host.a(hci_core.c.obj)
                0x000000000000f5f4                bt_enable
 .text.bt_is_ready
                0x000000000000f718       0x10 zephyr/subsys/bluetooth/host/libsubsys__bluetooth__host.a(hci_core.c.obj)
                0x000000000000f718                bt_is_ready
 .text.bt_get_name
                0x000000000000f728        0x8 zephyr/subsys/bluetooth/host/libsubsys__bluetooth__host.a(hci_core.c.obj)
                0x000000000000f728                bt_get_name
 .text.id_find  0x000000000000f730       0x30 zephyr/subsys/bluetooth/host/libsubsys__bluetooth__host.a(id.c.obj)
 .text.set_random_address
                0x000000000000f760       0x58 zephyr/subsys/bluetooth/host/libsubsys__bluetooth__host.a(id.c.obj)
 .text.id_create.constprop.0
                0x000000000000f7b8       0x64 zephyr/subsys/bluetooth/host/libsubsys__bluetooth__host.a(id.c.obj)
 .text.bt_id_create
                0x000000000000f81c       0xa8 zephyr/subsys/bluetooth/host/libsubsys__bluetooth__host.a(id.c.obj)
                0x000000000000f81c                bt_id_create
 .text.bt_id_read_public_addr
                0x000000000000f8c4       0x88 zephyr/subsys/bluetooth/host/libsubsys__bluetooth__host.a(id.c.obj)
                0x000000000000f8c4                bt_id_read_public_addr
 .text.bt_setup_public_id_addr
                0x000000000000f94c       0x20 zephyr/subsys/bluetooth/host/libsubsys__bluetooth__host.a(id.c.obj)
                0x000000000000f94c                bt_setup_public_id_addr
 .text.bt_read_static_addr
                0x000000000000f96c       0xa4 zephyr/subsys/bluetooth/host/libsubsys__bluetooth__host.a(id.c.obj)
                0x000000000000f96c                bt_read_static_addr
 .text.bt_setup_random_id_addr
                0x000000000000fa10       0x5c zephyr/subsys/bluetooth/host/libsubsys__bluetooth__host.a(id.c.obj)
                0x000000000000fa10                bt_setup_random_id_addr
 .text.bt_id_set_adv_own_addr
                0x000000000000fa6c       0xb4 zephyr/subsys/bluetooth/host/libsubsys__bluetooth__host.a(id.c.obj)
                0x000000000000fa6c                bt_id_set_adv_own_addr
 .text.bt_id_init
                0x000000000000fb20       0x60 zephyr/subsys/bluetooth/host/libsubsys__bluetooth__host.a(id.c.obj)
                0x000000000000fb20                bt_id_init
 .text.hci_set_ad
                0x000000000000fb80       0xe0 zephyr/subsys/bluetooth/host/libsubsys__bluetooth__host.a(adv.c.obj)
 .text.le_adv_start_add_conn
                0x000000000000fc60       0x6c zephyr/subsys/bluetooth/host/libsubsys__bluetooth__host.a(adv.c.obj)
 .text.valid_adv_param
                0x000000000000fccc       0x84 zephyr/subsys/bluetooth/host/libsubsys__bluetooth__host.a(adv.c.obj)
 .text.bt_le_adv_lookup_legacy
                0x000000000000fd50        0x8 zephyr/subsys/bluetooth/host/libsubsys__bluetooth__host.a(adv.c.obj)
                0x000000000000fd50                bt_le_adv_lookup_legacy
 .text.bt_le_adv_start_legacy
                0x000000000000fd58      0x274 zephyr/subsys/bluetooth/host/libsubsys__bluetooth__host.a(adv.c.obj)
                0x000000000000fd58                bt_le_adv_start_legacy
 .text.bt_le_adv_start
                0x000000000000ffcc       0x64 zephyr/subsys/bluetooth/host/libsubsys__bluetooth__host.a(adv.c.obj)
                0x000000000000ffcc                bt_le_adv_start
 .text.bt_le_adv_stop
                0x0000000000010030       0x84 zephyr/subsys/bluetooth/host/libsubsys__bluetooth__host.a(adv.c.obj)
                0x0000000000010030                bt_le_adv_stop
 .text.adv_timeout
                0x00000000000100b4       0x30 zephyr/subsys/bluetooth/host/libsubsys__bluetooth__host.a(adv.c.obj)
 .text.bt_le_adv_resume
                0x00000000000100e4       0x80 zephyr/subsys/bluetooth/host/libsubsys__bluetooth__host.a(adv.c.obj)
                0x00000000000100e4                bt_le_adv_resume
 .text.prng_reseed.constprop.0
                0x0000000000010164       0x6c zephyr/subsys/bluetooth/host/libsubsys__bluetooth__host.a(crypto.c.obj)
 .text.prng_init
                0x00000000000101d0       0x50 zephyr/subsys/bluetooth/host/libsubsys__bluetooth__host.a(crypto.c.obj)
                0x00000000000101d0                prng_init
 .text.bt_rand  0x0000000000010220       0x3c zephyr/subsys/bluetooth/host/libsubsys__bluetooth__host.a(crypto.c.obj)
                0x0000000000010220                bt_rand
 .text.notify_connected
                0x000000000001025c       0x6c zephyr/subsys/bluetooth/host/libsubsys__bluetooth__host.a(conn.c.obj)
 .text.tx_notify
                0x00000000000102c8       0x60 zephyr/subsys/bluetooth/host/libsubsys__bluetooth__host.a(conn.c.obj)
 .text.conn_tx_destroy
                0x0000000000010328       0x4c zephyr/subsys/bluetooth/host/libsubsys__bluetooth__host.a(conn.c.obj)
 .text.send_frag
                0x0000000000010374      0x188 zephyr/subsys/bluetooth/host/libsubsys__bluetooth__host.a(conn.c.obj)
 .text.bt_conn_get_pkts
                0x00000000000104fc        0x8 zephyr/subsys/bluetooth/host/libsubsys__bluetooth__host.a(conn.c.obj)
                0x00000000000104fc                bt_conn_get_pkts
 .text.bt_conn_new
                0x0000000000010504       0x5c zephyr/subsys/bluetooth/host/libsubsys__bluetooth__host.a(conn.c.obj)
                0x0000000000010504                bt_conn_new
 .text.conn_cleanup
                0x0000000000010560       0x94 zephyr/subsys/bluetooth/host/libsubsys__bluetooth__host.a(conn.c.obj)
 .text.bt_conn_recv
                0x00000000000105f4      0x138 zephyr/subsys/bluetooth/host/libsubsys__bluetooth__host.a(conn.c.obj)
                0x00000000000105f4                bt_conn_recv
 .text.bt_conn_send_cb
                0x000000000001072c       0xd0 zephyr/subsys/bluetooth/host/libsubsys__bluetooth__host.a(conn.c.obj)
                0x000000000001072c                bt_conn_send_cb
 .text.bt_conn_prepare_events
                0x00000000000107fc       0x74 zephyr/subsys/bluetooth/host/libsubsys__bluetooth__host.a(conn.c.obj)
                0x00000000000107fc                bt_conn_prepare_events
 .text.bt_conn_ref
                0x0000000000010870       0x50 zephyr/subsys/bluetooth/host/libsubsys__bluetooth__host.a(conn.c.obj)
                0x0000000000010870                bt_conn_ref
 .text.bt_conn_unref
                0x00000000000108c0       0x60 zephyr/subsys/bluetooth/host/libsubsys__bluetooth__host.a(conn.c.obj)
                0x00000000000108c0                bt_conn_unref
 .text.bt_conn_lookup_handle
                0x0000000000010920       0x10 zephyr/subsys/bluetooth/host/libsubsys__bluetooth__host.a(conn.c.obj)
                0x0000000000010920                bt_conn_lookup_handle
 .text.bt_conn_set_state
                0x0000000000010930      0x1e0 zephyr/subsys/bluetooth/host/libsubsys__bluetooth__host.a(conn.c.obj)
                0x0000000000010930                bt_conn_set_state
 .text.bt_conn_index
                0x0000000000010b10       0x4c zephyr/subsys/bluetooth/host/libsubsys__bluetooth__host.a(conn.c.obj)
                0x0000000000010b10                bt_conn_index
 .text.bt_conn_create_pdu_timeout
                0x0000000000010b5c       0x7c zephyr/subsys/bluetooth/host/libsubsys__bluetooth__host.a(conn.c.obj)
                0x0000000000010b5c                bt_conn_create_pdu_timeout
 .text.notify_le_param_updated
                0x0000000000010bd8       0xb8 zephyr/subsys/bluetooth/host/libsubsys__bluetooth__host.a(conn.c.obj)
                0x0000000000010bd8                notify_le_param_updated
 .text.le_param_req
                0x0000000000010c90       0xa4 zephyr/subsys/bluetooth/host/libsubsys__bluetooth__host.a(conn.c.obj)
                0x0000000000010c90                le_param_req
 .text.bt_conn_cb_register
                0x0000000000010d34       0x10 zephyr/subsys/bluetooth/host/libsubsys__bluetooth__host.a(conn.c.obj)
                0x0000000000010d34                bt_conn_cb_register
 .text.bt_conn_add_le
                0x0000000000010d44       0x34 zephyr/subsys/bluetooth/host/libsubsys__bluetooth__host.a(conn.c.obj)
                0x0000000000010d44                bt_conn_add_le
 .text.bt_conn_lookup_addr_le
                0x0000000000010d78       0x34 zephyr/subsys/bluetooth/host/libsubsys__bluetooth__host.a(conn.c.obj)
                0x0000000000010d78                bt_conn_lookup_addr_le
 .text.bt_conn_exists_le
                0x0000000000010dac       0x60 zephyr/subsys/bluetooth/host/libsubsys__bluetooth__host.a(conn.c.obj)
                0x0000000000010dac                bt_conn_exists_le
 .text.bt_conn_lookup_state_le
                0x0000000000010e0c       0x44 zephyr/subsys/bluetooth/host/libsubsys__bluetooth__host.a(conn.c.obj)
                0x0000000000010e0c                bt_conn_lookup_state_le
 .text.send_conn_le_param_update
                0x0000000000010e50       0x68 zephyr/subsys/bluetooth/host/libsubsys__bluetooth__host.a(conn.c.obj)
 .text.deferred_work
                0x0000000000010eb8       0xe0 zephyr/subsys/bluetooth/host/libsubsys__bluetooth__host.a(conn.c.obj)
 .text.bt_conn_create_frag_timeout
                0x0000000000010f98        0xc zephyr/subsys/bluetooth/host/libsubsys__bluetooth__host.a(conn.c.obj)
                0x0000000000010f98                bt_conn_create_frag_timeout
 .text.create_frag
                0x0000000000010fa4       0x6c zephyr/subsys/bluetooth/host/libsubsys__bluetooth__host.a(conn.c.obj)
 .text.bt_conn_process_tx
                0x0000000000011010       0xd8 zephyr/subsys/bluetooth/host/libsubsys__bluetooth__host.a(conn.c.obj)
                0x0000000000011010                bt_conn_process_tx
 .text.bt_conn_lookup_index
                0x00000000000110e8       0x10 zephyr/subsys/bluetooth/host/libsubsys__bluetooth__host.a(conn.c.obj)
                0x00000000000110e8                bt_conn_lookup_index
 .text.bt_conn_init
                0x00000000000110f8       0x44 zephyr/subsys/bluetooth/host/libsubsys__bluetooth__host.a(conn.c.obj)
                0x00000000000110f8                bt_conn_init
 .text.l2cap_create_le_sig_pdu.part.0
                0x000000000001113c       0x2c zephyr/subsys/bluetooth/host/libsubsys__bluetooth__host.a(l2cap.c.obj)
 .text.l2cap_accept.part.0
                0x0000000000011168       0x30 zephyr/subsys/bluetooth/host/libsubsys__bluetooth__host.a(l2cap.c.obj)
 .text.l2cap_accept
                0x0000000000011198       0x1c zephyr/subsys/bluetooth/host/libsubsys__bluetooth__host.a(l2cap.c.obj)
 .text.bt_l2cap_connected
                0x00000000000111b4       0xbc zephyr/subsys/bluetooth/host/libsubsys__bluetooth__host.a(l2cap.c.obj)
                0x00000000000111b4                bt_l2cap_connected
 .text.l2cap_recv
                0x0000000000011270       0xec zephyr/subsys/bluetooth/host/libsubsys__bluetooth__host.a(l2cap.c.obj)
 .text.bt_l2cap_recv
                0x000000000001135c       0x7c zephyr/subsys/bluetooth/host/libsubsys__bluetooth__host.a(l2cap.c.obj)
                0x000000000001135c                bt_l2cap_recv
 .text.bt_l2cap_update_conn_param
                0x00000000000113d8       0x64 zephyr/subsys/bluetooth/host/libsubsys__bluetooth__host.a(l2cap.c.obj)
                0x00000000000113d8                bt_l2cap_update_conn_param
 .text.att_op_get_type
                0x000000000001143c       0x74 zephyr/subsys/bluetooth/host/libsubsys__bluetooth__host.a(att.c.obj)
 .text.bt_att_released
                0x00000000000114b0       0x18 zephyr/subsys/bluetooth/host/libsubsys__bluetooth__host.a(att.c.obj)
 .text.tx_meta_data_free
                0x00000000000114c8       0x40 zephyr/subsys/bluetooth/host/libsubsys__bluetooth__host.a(att.c.obj)
 .text.find_type_cb
                0x0000000000011508      0x180 zephyr/subsys/bluetooth/host/libsubsys__bluetooth__host.a(att.c.obj)
 .text.chan_send
                0x0000000000011688       0xe8 zephyr/subsys/bluetooth/host/libsubsys__bluetooth__host.a(att.c.obj)
 .text.bt_att_chan_req_send
                0x0000000000011770       0x84 zephyr/subsys/bluetooth/host/libsubsys__bluetooth__host.a(att.c.obj)
 .text.att_get  0x00000000000117f4       0x88 zephyr/subsys/bluetooth/host/libsubsys__bluetooth__host.a(att.c.obj)
 .text.bt_att_connected
                0x000000000001187c       0x3c zephyr/subsys/bluetooth/host/libsubsys__bluetooth__host.a(att.c.obj)
 .text.read_group_cb
                0x00000000000118b8       0xac zephyr/subsys/bluetooth/host/libsubsys__bluetooth__host.a(att.c.obj)
 .text.read_type_cb
                0x0000000000011964       0xa0 zephyr/subsys/bluetooth/host/libsubsys__bluetooth__host.a(att.c.obj)
 .text.bt_att_accept
                0x0000000000011a04      0x110 zephyr/subsys/bluetooth/host/libsubsys__bluetooth__host.a(att.c.obj)
 .text.bt_att_chan_create_pdu
                0x0000000000011b14       0xd4 zephyr/subsys/bluetooth/host/libsubsys__bluetooth__host.a(att.c.obj)
                0x0000000000011b14                bt_att_chan_create_pdu
 .text.bt_att_recv
                0x0000000000011be8      0x160 zephyr/subsys/bluetooth/host/libsubsys__bluetooth__host.a(att.c.obj)
 .text.att_write_rsp.constprop.0
                0x0000000000011d48       0xc8 zephyr/subsys/bluetooth/host/libsubsys__bluetooth__host.a(att.c.obj)
 .text.bt_att_create_pdu
                0x0000000000011e10       0x74 zephyr/subsys/bluetooth/host/libsubsys__bluetooth__host.a(att.c.obj)
                0x0000000000011e10                bt_att_create_pdu
 .text.att_read_group_req
                0x0000000000011e84       0xfc zephyr/subsys/bluetooth/host/libsubsys__bluetooth__host.a(att.c.obj)
 .text.att_read_mult_vl_req
                0x0000000000011f80       0xa8 zephyr/subsys/bluetooth/host/libsubsys__bluetooth__host.a(att.c.obj)
 .text.att_read_mult_req
                0x0000000000012028       0xa8 zephyr/subsys/bluetooth/host/libsubsys__bluetooth__host.a(att.c.obj)
 .text.att_read_rsp
                0x00000000000120d0       0xa0 zephyr/subsys/bluetooth/host/libsubsys__bluetooth__host.a(att.c.obj)
 .text.att_read_type_req
                0x0000000000012170       0xc4 zephyr/subsys/bluetooth/host/libsubsys__bluetooth__host.a(att.c.obj)
 .text.att_find_type_req
                0x0000000000012234       0xd0 zephyr/subsys/bluetooth/host/libsubsys__bluetooth__host.a(att.c.obj)
 .text.att_find_info_req
                0x0000000000012304       0x78 zephyr/subsys/bluetooth/host/libsubsys__bluetooth__host.a(att.c.obj)
 .text.bt_att_init
                0x000000000001237c       0x38 zephyr/subsys/bluetooth/host/libsubsys__bluetooth__host.a(att.c.obj)
                0x000000000001237c                bt_att_init
 .text.bt_att_req_alloc
                0x00000000000123b4       0x44 zephyr/subsys/bluetooth/host/libsubsys__bluetooth__host.a(att.c.obj)
                0x00000000000123b4                bt_att_req_alloc
 .text.bt_att_req_free
                0x00000000000123f8       0x30 zephyr/subsys/bluetooth/host/libsubsys__bluetooth__host.a(att.c.obj)
                0x00000000000123f8                bt_att_req_free
 .text.att_handle_rsp
                0x0000000000012428       0x90 zephyr/subsys/bluetooth/host/libsubsys__bluetooth__host.a(att.c.obj)
 .text.bt_att_disconnected
                0x00000000000124b8       0xc8 zephyr/subsys/bluetooth/host/libsubsys__bluetooth__host.a(att.c.obj)
 .text.att_timeout
                0x0000000000012580       0x30 zephyr/subsys/bluetooth/host/libsubsys__bluetooth__host.a(att.c.obj)
 .text.bt_att_send
                0x00000000000125b0       0xbc zephyr/subsys/bluetooth/host/libsubsys__bluetooth__host.a(att.c.obj)
                0x00000000000125b0                bt_att_send
 .text.bt_att_req_send
                0x000000000001266c       0x6c zephyr/subsys/bluetooth/host/libsubsys__bluetooth__host.a(att.c.obj)
                0x000000000001266c                bt_att_req_send
 .text.find_cf_cfg
                0x00000000000126d8       0x30 zephyr/subsys/bluetooth/host/libsubsys__bluetooth__host.a(gatt.c.obj)
 .text.find_sc_cfg
                0x0000000000012708       0x20 zephyr/subsys/bluetooth/host/libsubsys__bluetooth__host.a(gatt.c.obj)
 .text.find_ccc_cfg
                0x0000000000012728       0x28 zephyr/subsys/bluetooth/host/libsubsys__bluetooth__host.a(gatt.c.obj)
 .text.bt_gatt_attr_write_ccc
                0x0000000000012750       0xc8 zephyr/subsys/bluetooth/host/libsubsys__bluetooth__host.a(gatt.c.obj)
                0x0000000000012750                bt_gatt_attr_write_ccc
 .text.clear_cf_cfg
                0x0000000000012818       0x30 zephyr/subsys/bluetooth/host/libsubsys__bluetooth__host.a(gatt.c.obj)
 .text.sc_save  0x0000000000012848       0x6c zephyr/subsys/bluetooth/host/libsubsys__bluetooth__host.a(gatt.c.obj)
 .text.cf_write
                0x00000000000128b4       0xa8 zephyr/subsys/bluetooth/host/libsubsys__bluetooth__host.a(gatt.c.obj)
 .text.disconnected_cb
                0x000000000001295c       0xa0 zephyr/subsys/bluetooth/host/libsubsys__bluetooth__host.a(gatt.c.obj)
 .text.read_ppcp
                0x00000000000129fc       0x38 zephyr/subsys/bluetooth/host/libsubsys__bluetooth__host.a(gatt.c.obj)
 .text.sc_indicate_rsp
                0x0000000000012a34       0x50 zephyr/subsys/bluetooth/host/libsubsys__bluetooth__host.a(gatt.c.obj)
 .text.bt_gatt_init
                0x0000000000012a84       0xd0 zephyr/subsys/bluetooth/host/libsubsys__bluetooth__host.a(gatt.c.obj)
                0x0000000000012a84                bt_gatt_init
 .text.bt_gatt_attr_get_handle
                0x0000000000012b54       0x90 zephyr/subsys/bluetooth/host/libsubsys__bluetooth__host.a(gatt.c.obj)
                0x0000000000012b54                bt_gatt_attr_get_handle
 .text.bt_gatt_foreach_attr_type
                0x0000000000012be4       0xe0 zephyr/subsys/bluetooth/host/libsubsys__bluetooth__host.a(gatt.c.obj)
                0x0000000000012be4                bt_gatt_foreach_attr_type
 .text.db_hash_gen.constprop.0
                0x0000000000012cc4       0x94 zephyr/subsys/bluetooth/host/libsubsys__bluetooth__host.a(gatt.c.obj)
 .text.db_hash_read
                0x0000000000012d58       0x74 zephyr/subsys/bluetooth/host/libsubsys__bluetooth__host.a(gatt.c.obj)
 .text.bt_gatt_attr_next
                0x0000000000012dcc       0x24 zephyr/subsys/bluetooth/host/libsubsys__bluetooth__host.a(gatt.c.obj)
                0x0000000000012dcc                bt_gatt_attr_next
 .text.bt_gatt_is_subscribed
                0x0000000000012df0      0x194 zephyr/subsys/bluetooth/host/libsubsys__bluetooth__host.a(gatt.c.obj)
                0x0000000000012df0                bt_gatt_is_subscribed
 .text.gatt_indicate
                0x0000000000012f84      0x100 zephyr/subsys/bluetooth/host/libsubsys__bluetooth__host.a(gatt.c.obj)
 .text.bt_gatt_indicate
                0x0000000000013084      0x144 zephyr/subsys/bluetooth/host/libsubsys__bluetooth__host.a(gatt.c.obj)
                0x0000000000013084                bt_gatt_indicate
 .text.sc_process
                0x00000000000131c8       0x98 zephyr/subsys/bluetooth/host/libsubsys__bluetooth__host.a(gatt.c.obj)
 .text.update_ccc
                0x0000000000013260       0xec zephyr/subsys/bluetooth/host/libsubsys__bluetooth__host.a(gatt.c.obj)
 .text.gatt_notify
                0x000000000001334c       0xd4 zephyr/subsys/bluetooth/host/libsubsys__bluetooth__host.a(gatt.c.obj)
 .text.notify_cb
                0x0000000000013420      0x118 zephyr/subsys/bluetooth/host/libsubsys__bluetooth__host.a(gatt.c.obj)
 .text.bt_gatt_connected
                0x0000000000013538       0x20 zephyr/subsys/bluetooth/host/libsubsys__bluetooth__host.a(gatt.c.obj)
                0x0000000000013538                bt_gatt_connected
 .text.bt_gatt_att_max_mtu_changed
                0x0000000000013558       0x28 zephyr/subsys/bluetooth/host/libsubsys__bluetooth__host.a(gatt.c.obj)
                0x0000000000013558                bt_gatt_att_max_mtu_changed
 .text.bt_gatt_disconnected
                0x0000000000013580       0x48 zephyr/subsys/bluetooth/host/libsubsys__bluetooth__host.a(gatt.c.obj)
                0x0000000000013580                bt_gatt_disconnected
 .text.bt_smp_accept.part.0
                0x00000000000135c8       0x30 zephyr/subsys/bluetooth/host/libsubsys__bluetooth__host.a(smp_null.c.obj)
 .text.bt_smp_accept
                0x00000000000135f8       0x1c zephyr/subsys/bluetooth/host/libsubsys__bluetooth__host.a(smp_null.c.obj)
 .text.net_buf_pool_get
                0x0000000000013614       0x10 zephyr/subsys/net/libsubsys__net.a(buf.c.obj)
                0x0000000000013614                net_buf_pool_get
 .text.net_buf_id
                0x0000000000013624       0x24 zephyr/subsys/net/libsubsys__net.a(buf.c.obj)
                0x0000000000013624                net_buf_id
 .text.fixed_data_alloc
                0x0000000000013648       0x30 zephyr/subsys/net/libsubsys__net.a(buf.c.obj)
 .text.net_buf_alloc_len
                0x0000000000013678      0x1ec zephyr/subsys/net/libsubsys__net.a(buf.c.obj)
                0x0000000000013678                net_buf_alloc_len
 .text.net_buf_get
                0x0000000000013864       0x5c zephyr/subsys/net/libsubsys__net.a(buf.c.obj)
                0x0000000000013864                net_buf_get
 .text.net_buf_simple_reserve
                0x00000000000138c0       0x4c zephyr/subsys/net/libsubsys__net.a(buf.c.obj)
                0x00000000000138c0                net_buf_simple_reserve
 .text.net_buf_slist_put
                0x000000000001390c       0xe0 zephyr/subsys/net/libsubsys__net.a(buf.c.obj)
                0x000000000001390c                net_buf_slist_put
 .text.net_buf_slist_get
                0x00000000000139ec       0xfc zephyr/subsys/net/libsubsys__net.a(buf.c.obj)
                0x00000000000139ec                net_buf_slist_get
 .text.net_buf_put
                0x0000000000013ae8       0x60 zephyr/subsys/net/libsubsys__net.a(buf.c.obj)
                0x0000000000013ae8                net_buf_put
 .text.net_buf_unref
                0x0000000000013b48       0x88 zephyr/subsys/net/libsubsys__net.a(buf.c.obj)
                0x0000000000013b48                net_buf_unref
 .text.net_buf_ref
                0x0000000000013bd0       0x30 zephyr/subsys/net/libsubsys__net.a(buf.c.obj)
                0x0000000000013bd0                net_buf_ref
 .text.net_buf_frag_last
                0x0000000000013c00       0x34 zephyr/subsys/net/libsubsys__net.a(buf.c.obj)
                0x0000000000013c00                net_buf_frag_last
 .text.net_buf_frag_insert
                0x0000000000013c34       0x58 zephyr/subsys/net/libsubsys__net.a(buf.c.obj)
                0x0000000000013c34                net_buf_frag_insert
 .text.net_buf_frag_add
                0x0000000000013c8c       0x48 zephyr/subsys/net/libsubsys__net.a(buf.c.obj)
                0x0000000000013c8c                net_buf_frag_add
 .text.net_buf_simple_push
                0x0000000000013cd4       0x40 zephyr/subsys/net/libsubsys__net.a(buf.c.obj)
                0x0000000000013cd4                net_buf_simple_push
 .text.net_buf_simple_pull
                0x0000000000013d14       0x3c zephyr/subsys/net/libsubsys__net.a(buf.c.obj)
                0x0000000000013d14                net_buf_simple_pull
 .text.net_buf_simple_pull_mem
                0x0000000000013d50       0x3c zephyr/subsys/net/libsubsys__net.a(buf.c.obj)
                0x0000000000013d50                net_buf_simple_pull_mem
 .text.net_buf_simple_add
                0x0000000000013d8c       0x40 zephyr/subsys/net/libsubsys__net.a(buf.c.obj)
                0x0000000000013d8c                net_buf_simple_add
 .text.xoshiro128_initialize
                0x0000000000013dcc       0x18 zephyr/subsys/random/libsubsys__random.a(rand32_xoshiro128.c.obj)
 .text.onoff_start
                0x0000000000013de4       0x3c zephyr/drivers/clock_control/libdrivers__clock_control.a(clock_control_nrf.c.obj)
 .text.get_status
                0x0000000000013e20       0x3c zephyr/drivers/clock_control/libdrivers__clock_control.a(clock_control_nrf.c.obj)
 .text.stop     0x0000000000013e5c       0x80 zephyr/drivers/clock_control/libdrivers__clock_control.a(clock_control_nrf.c.obj)
 .text.onoff_stop
                0x0000000000013edc       0x28 zephyr/drivers/clock_control/libdrivers__clock_control.a(clock_control_nrf.c.obj)
 .text.clk_init
                0x0000000000013f04       0x64 zephyr/drivers/clock_control/libdrivers__clock_control.a(clock_control_nrf.c.obj)
 .text.clkstarted_handle.constprop.0
                0x0000000000013f68       0x38 zephyr/drivers/clock_control/libdrivers__clock_control.a(clock_control_nrf.c.obj)
 .text.clock_event_handler
                0x0000000000013fa0       0x70 zephyr/drivers/clock_control/libdrivers__clock_control.a(clock_control_nrf.c.obj)
 .text.generic_hfclk_start
                0x0000000000014010       0x64 zephyr/drivers/clock_control/libdrivers__clock_control.a(clock_control_nrf.c.obj)
 .text.api_blocking_start
                0x0000000000014074       0x3c zephyr/drivers/clock_control/libdrivers__clock_control.a(clock_control_nrf.c.obj)
 .text.generic_hfclk_stop
                0x00000000000140b0       0x24 zephyr/drivers/clock_control/libdrivers__clock_control.a(clock_control_nrf.c.obj)
 .text.z_nrf_clock_control_lf_on
                0x00000000000140d4      0x138 zephyr/drivers/clock_control/libdrivers__clock_control.a(clock_control_nrf.c.obj)
                0x00000000000140d4                z_nrf_clock_control_lf_on
 .text.uart_console_init
                0x000000000001420c       0x28 zephyr/drivers/console/libdrivers__console.a(uart_console.c.obj)
 .text.console_out
                0x0000000000014234       0x28 zephyr/drivers/console/libdrivers__console.a(uart_console.c.obj)
 .text.gpio_nrfx_manage_callback
                0x000000000001425c       0xa0 zephyr/drivers/gpio/libdrivers__gpio.a(gpio_nrfx.c.obj)
 .text.gpio_nrfx_pin_interrupt_configure
                0x00000000000142fc      0x110 zephyr/drivers/gpio/libdrivers__gpio.a(gpio_nrfx.c.obj)
 .text.gpio_nrfx_init
                0x000000000001440c       0x38 zephyr/drivers/gpio/libdrivers__gpio.a(gpio_nrfx.c.obj)
 .text.nrfx_gpio_handler
                0x0000000000014444       0x78 zephyr/drivers/gpio/libdrivers__gpio.a(gpio_nrfx.c.obj)
 .text.gpio_nrfx_pin_configure
                0x00000000000144bc      0x164 zephyr/drivers/gpio/libdrivers__gpio.a(gpio_nrfx.c.obj)
 .text.pwm_nrfx_get_cycles_per_sec
                0x0000000000014620       0x10 zephyr/drivers/pwm/libdrivers__pwm.a(pwm_nrfx.c.obj)
 .text.nrf_gpio_pin_port_decode
                0x0000000000014630       0x5c zephyr/drivers/pwm/libdrivers__pwm.a(pwm_nrfx.c.obj)
 .text.pwm_nrfx_init
                0x000000000001468c       0xf0 zephyr/drivers/pwm/libdrivers__pwm.a(pwm_nrfx.c.obj)
 .text.pwm_nrfx_set_cycles
                0x000000000001477c      0x198 zephyr/drivers/pwm/libdrivers__pwm.a(pwm_nrfx.c.obj)
 .text.gpio_pin_set_dt.isra.0
                0x0000000000014914       0x64 zephyr/drivers/spi/libdrivers__spi.a(spi_nrfx_spim.c.obj)
 .text.spi_nrfx_init
                0x0000000000014978      0x15c zephyr/drivers/spi/libdrivers__spi.a(spi_nrfx_spim.c.obj)
 .text.transfer_next_chunk
                0x0000000000014ad4       0xd0 zephyr/drivers/spi/libdrivers__spi.a(spi_nrfx_spim.c.obj)
 .text.transceive
                0x0000000000014ba4      0x364 zephyr/drivers/spi/libdrivers__spi.a(spi_nrfx_spim.c.obj)
 .text.event_handler
                0x0000000000014f08       0xc4 zephyr/drivers/spi/libdrivers__spi.a(spi_nrfx_spim.c.obj)
 .text.uarte_nrfx_configure
                0x0000000000014fcc      0x17c zephyr/drivers/serial/libdrivers__serial.a(uart_nrfx_uarte.c.obj)
 .text.uarte_0_init
                0x0000000000015148      0x134 zephyr/drivers/serial/libdrivers__serial.a(uart_nrfx_uarte.c.obj)
 .text.uarte_nrfx_poll_out
                0x000000000001527c       0xcc zephyr/drivers/serial/libdrivers__serial.a(uart_nrfx_uarte.c.obj)
 .text.bt_rpmsg_send
                0x0000000000015348       0x78 zephyr/drivers/bluetooth/libdrivers__bluetooth.a(rpmsg.c.obj)
 .text.bt_rpmsg_init
                0x00000000000153c0       0x40 zephyr/drivers/bluetooth/libdrivers__bluetooth.a(rpmsg.c.obj)
 .text.hci_ept_bound
                0x0000000000015400        0xc zephyr/drivers/bluetooth/libdrivers__bluetooth.a(rpmsg.c.obj)
 .text.bt_rpmsg_open
                0x000000000001540c       0x8c zephyr/drivers/bluetooth/libdrivers__bluetooth.a(rpmsg.c.obj)
 .text.hci_ept_recv
                0x0000000000015498      0x214 zephyr/drivers/bluetooth/libdrivers__bluetooth.a(rpmsg.c.obj)
 .text.entropy_cc3xx_rng_get_entropy
                0x00000000000156ac       0x4c zephyr/drivers/entropy/libdrivers__entropy.a(entropy_cc3xx.c.obj)
 .text.compare_int_lock
                0x00000000000156f8       0x40 zephyr/drivers/timer/libdrivers__timer.a(nrf_rtc_timer.c.obj)
 .text.sys_clock_timeout_handler
                0x0000000000015738       0x80 zephyr/drivers/timer/libdrivers__timer.a(nrf_rtc_timer.c.obj)
 .text.compare_int_unlock
                0x00000000000157b8       0x4c zephyr/drivers/timer/libdrivers__timer.a(nrf_rtc_timer.c.obj)
 .text.z_nrf_rtc_timer_compare_evt_address_get
                0x0000000000015804       0x34 zephyr/drivers/timer/libdrivers__timer.a(nrf_rtc_timer.c.obj)
                0x0000000000015804                z_nrf_rtc_timer_compare_evt_address_get
 .text.z_nrf_rtc_timer_capture_task_address_get
                0x0000000000015838       0x34 zephyr/drivers/timer/libdrivers__timer.a(nrf_rtc_timer.c.obj)
                0x0000000000015838                z_nrf_rtc_timer_capture_task_address_get
 .text.z_nrf_rtc_timer_compare_read
                0x000000000001586c       0x38 zephyr/drivers/timer/libdrivers__timer.a(nrf_rtc_timer.c.obj)
                0x000000000001586c                z_nrf_rtc_timer_compare_read
 .text.z_nrf_rtc_timer_read
                0x00000000000158a4       0x44 zephyr/drivers/timer/libdrivers__timer.a(nrf_rtc_timer.c.obj)
                0x00000000000158a4                z_nrf_rtc_timer_read
 .text.compare_set
                0x00000000000158e8      0x140 zephyr/drivers/timer/libdrivers__timer.a(nrf_rtc_timer.c.obj)
 .text.z_nrf_rtc_timer_set
                0x0000000000015a28       0x34 zephyr/drivers/timer/libdrivers__timer.a(nrf_rtc_timer.c.obj)
                0x0000000000015a28                z_nrf_rtc_timer_set
 .text.sys_clock_driver_init
                0x0000000000015a5c       0x94 zephyr/drivers/timer/libdrivers__timer.a(nrf_rtc_timer.c.obj)
 .text.rtc_nrf_isr
                0x0000000000015af0      0x118 zephyr/drivers/timer/libdrivers__timer.a(nrf_rtc_timer.c.obj)
                0x0000000000015af0                rtc_nrf_isr
 .text.z_nrf_rtc_timer_chan_alloc
                0x0000000000015c08       0x3c zephyr/drivers/timer/libdrivers__timer.a(nrf_rtc_timer.c.obj)
                0x0000000000015c08                z_nrf_rtc_timer_chan_alloc
 .text.z_nrf_rtc_timer_chan_free
                0x0000000000015c44       0x44 zephyr/drivers/timer/libdrivers__timer.a(nrf_rtc_timer.c.obj)
                0x0000000000015c44                z_nrf_rtc_timer_chan_free
 .text.sys_clock_set_timeout
                0x0000000000015c88       0x60 zephyr/drivers/timer/libdrivers__timer.a(nrf_rtc_timer.c.obj)
                0x0000000000015c88                sys_clock_set_timeout
 .text.sys_clock_elapsed
                0x0000000000015ce8       0x14 zephyr/drivers/timer/libdrivers__timer.a(nrf_rtc_timer.c.obj)
                0x0000000000015ce8                sys_clock_elapsed
 .text.nrf_gpio_pin_port_decode
                0x0000000000015cfc       0x5c zephyr/drivers/pinctrl/libdrivers__pinctrl.a(pinctrl_nrf.c.obj)
 .text.mbox_nrf_init
                0x0000000000015d58       0xb4 zephyr/drivers/mbox/libdrivers__mbox.a(mbox_nrfx_ipc.c.obj)
 .text.mbox_nrf_set_enabled
                0x0000000000015e0c       0xa0 zephyr/drivers/mbox/libdrivers__mbox.a(mbox_nrfx_ipc.c.obj)
 .text.mbox_nrf_send
                0x0000000000015eac       0x54 zephyr/drivers/mbox/libdrivers__mbox.a(mbox_nrfx_ipc.c.obj)
 .text.mbox_dispatcher
                0x0000000000015f00       0x7c zephyr/drivers/mbox/libdrivers__mbox.a(mbox_nrfx_ipc.c.obj)
 .text.z_impl_gpio_pin_configure
                0x0000000000015f7c      0x15c modules/nrf/lib/dk_buttons_and_leds/lib..__nrf__lib__dk_buttons_and_leds.a(dk_buttons_and_leds.c.obj)
 .text.gpio_pin_set
                0x00000000000160d8       0x5c modules/nrf/lib/dk_buttons_and_leds/lib..__nrf__lib__dk_buttons_and_leds.a(dk_buttons_and_leds.c.obj)
 .text.dk_set_leds_state.part.0
                0x0000000000016134       0x68 modules/nrf/lib/dk_buttons_and_leds/lib..__nrf__lib__dk_buttons_and_leds.a(dk_buttons_and_leds.c.obj)
 .text.dk_leds_init
                0x000000000001619c       0x58 modules/nrf/lib/dk_buttons_and_leds/lib..__nrf__lib__dk_buttons_and_leds.a(dk_buttons_and_leds.c.obj)
                0x000000000001619c                dk_leds_init
 .text.dk_set_led
                0x00000000000161f4       0x64 modules/nrf/lib/dk_buttons_and_leds/lib..__nrf__lib__dk_buttons_and_leds.a(dk_buttons_and_leds.c.obj)
                0x00000000000161f4                dk_set_led
 .text.k_sys_fatal_error_handler
                0x0000000000016258       0x2c modules/nrf/lib/fatal_error/lib..__nrf__lib__fatal_error.a(fatal_error.c.obj)
                0x0000000000016258                k_sys_fatal_error_handler
 .text.tfm_ns_interface_dispatch
                0x0000000000016284       0x64 modules/trusted-firmware-m/libtfm_api.a(interface.c.obj)
                0x0000000000016284                tfm_ns_interface_dispatch
 .text.psa_generate_random
                0x00000000000162e8       0x44 modules/trusted-firmware-m/libtfm_api.a(tfm_crypto_ipc_api.c.obj)
                0x00000000000162e8                psa_generate_random
 .text.psa_call
                0x000000000001632c       0x38 modules/trusted-firmware-m/libtfm_api.a(tfm_psa_ns_api.c.obj)
                0x000000000001632c                psa_call
 .text.psa_connect
                0x0000000000016364       0x1c modules/trusted-firmware-m/libtfm_api.a(tfm_psa_ns_api.c.obj)
                0x0000000000016364                psa_connect
 .text.psa_close
                0x0000000000016380       0x1c modules/trusted-firmware-m/libtfm_api.a(tfm_psa_ns_api.c.obj)
                0x0000000000016380                psa_close
 .text.SystemCoreClockUpdate
                0x000000000001639c       0x20 modules/hal_nordic/nrfx/libmodules__hal_nordic__nrfx.a(system_nrf5340_application.c.obj)
                0x000000000001639c                SystemCoreClockUpdate
 .text.nrfx_flag32_alloc
                0x00000000000163bc       0x38 modules/hal_nordic/nrfx/libmodules__hal_nordic__nrfx.a(nrfx_flag32_allocator.c.obj)
                0x00000000000163bc                nrfx_flag32_alloc
 .text.nrfx_flag32_free
                0x00000000000163f4       0x38 modules/hal_nordic/nrfx/libmodules__hal_nordic__nrfx.a(nrfx_flag32_allocator.c.obj)
                0x00000000000163f4                nrfx_flag32_free
 .text.clock_stop
                0x000000000001642c      0x1a4 modules/hal_nordic/nrfx/libmodules__hal_nordic__nrfx.a(nrfx_clock.c.obj)
 .text.nrfx_clock_init
                0x00000000000165d0       0x48 modules/hal_nordic/nrfx/libmodules__hal_nordic__nrfx.a(nrfx_clock.c.obj)
                0x00000000000165d0                nrfx_clock_init
 .text.nrfx_clock_enable
                0x0000000000016618       0x54 modules/hal_nordic/nrfx/libmodules__hal_nordic__nrfx.a(nrfx_clock.c.obj)
                0x0000000000016618                nrfx_clock_enable
 .text.nrfx_clock_start
                0x000000000001666c       0xfc modules/hal_nordic/nrfx/libmodules__hal_nordic__nrfx.a(nrfx_clock.c.obj)
                0x000000000001666c                nrfx_clock_start
 .text.nrfx_clock_stop
                0x0000000000016768       0x38 modules/hal_nordic/nrfx/libmodules__hal_nordic__nrfx.a(nrfx_clock.c.obj)
                0x0000000000016768                nrfx_clock_stop
 .text.nrfx_power_clock_irq_handler
                0x00000000000167a0       0xac modules/hal_nordic/nrfx/libmodules__hal_nordic__nrfx.a(nrfx_clock.c.obj)
                0x00000000000167a0                nrfx_power_clock_irq_handler
 .text.nrfx_dppi_channel_alloc
                0x000000000001684c        0xc modules/hal_nordic/nrfx/libmodules__hal_nordic__nrfx.a(nrfx_dppi.c.obj)
                0x000000000001684c                nrfx_dppi_channel_alloc
 .text.nrfx_dppi_channel_free
                0x0000000000016858       0x1c modules/hal_nordic/nrfx/libmodules__hal_nordic__nrfx.a(nrfx_dppi.c.obj)
                0x0000000000016858                nrfx_dppi_channel_free
 .text.pin_in_use_by_te
                0x0000000000016874       0x14 modules/hal_nordic/nrfx/libmodules__hal_nordic__nrfx.a(nrfx_gpiote.c.obj)
 .text.pin_has_trigger
                0x0000000000016888       0x18 modules/hal_nordic/nrfx/libmodules__hal_nordic__nrfx.a(nrfx_gpiote.c.obj)
 .text.pin_is_output
                0x00000000000168a0       0x14 modules/hal_nordic/nrfx/libmodules__hal_nordic__nrfx.a(nrfx_gpiote.c.obj)
 .text.call_handler
                0x00000000000168b4       0x3c modules/hal_nordic/nrfx/libmodules__hal_nordic__nrfx.a(nrfx_gpiote.c.obj)
 .text.release_handler
                0x00000000000168f0       0x7c modules/hal_nordic/nrfx/libmodules__hal_nordic__nrfx.a(nrfx_gpiote.c.obj)
 .text.pin_handler_trigger_uninit
                0x000000000001696c       0x3c modules/hal_nordic/nrfx/libmodules__hal_nordic__nrfx.a(nrfx_gpiote.c.obj)
 .text.nrf_gpio_pin_port_decode
                0x00000000000169a8       0x68 modules/hal_nordic/nrfx/libmodules__hal_nordic__nrfx.a(nrfx_gpiote.c.obj)
 .text.nrfx_gpiote_input_configure
                0x0000000000016a10      0x150 modules/hal_nordic/nrfx/libmodules__hal_nordic__nrfx.a(nrfx_gpiote.c.obj)
                0x0000000000016a10                nrfx_gpiote_input_configure
 .text.nrfx_gpiote_output_configure
                0x0000000000016b60       0xf0 modules/hal_nordic/nrfx/libmodules__hal_nordic__nrfx.a(nrfx_gpiote.c.obj)
                0x0000000000016b60                nrfx_gpiote_output_configure
 .text.nrfx_gpiote_global_callback_set
                0x0000000000016c50        0xc modules/hal_nordic/nrfx/libmodules__hal_nordic__nrfx.a(nrfx_gpiote.c.obj)
                0x0000000000016c50                nrfx_gpiote_global_callback_set
 .text.nrfx_gpiote_channel_get
                0x0000000000016c5c       0x50 modules/hal_nordic/nrfx/libmodules__hal_nordic__nrfx.a(nrfx_gpiote.c.obj)
                0x0000000000016c5c                nrfx_gpiote_channel_get
 .text.nrfx_gpiote_init
                0x0000000000016cac       0x50 modules/hal_nordic/nrfx/libmodules__hal_nordic__nrfx.a(nrfx_gpiote.c.obj)
                0x0000000000016cac                nrfx_gpiote_init
 .text.nrfx_gpiote_is_init
                0x0000000000016cfc       0x14 modules/hal_nordic/nrfx/libmodules__hal_nordic__nrfx.a(nrfx_gpiote.c.obj)
                0x0000000000016cfc                nrfx_gpiote_is_init
 .text.nrfx_gpiote_channel_free
                0x0000000000016d10        0xc modules/hal_nordic/nrfx/libmodules__hal_nordic__nrfx.a(nrfx_gpiote.c.obj)
                0x0000000000016d10                nrfx_gpiote_channel_free
 .text.nrfx_gpiote_channel_alloc
                0x0000000000016d1c        0xc modules/hal_nordic/nrfx/libmodules__hal_nordic__nrfx.a(nrfx_gpiote.c.obj)
                0x0000000000016d1c                nrfx_gpiote_channel_alloc
 .text.nrfx_gpiote_trigger_enable
                0x0000000000016d28       0xd4 modules/hal_nordic/nrfx/libmodules__hal_nordic__nrfx.a(nrfx_gpiote.c.obj)
                0x0000000000016d28                nrfx_gpiote_trigger_enable
 .text.nrfx_gpiote_trigger_disable
                0x0000000000016dfc       0x54 modules/hal_nordic/nrfx/libmodules__hal_nordic__nrfx.a(nrfx_gpiote.c.obj)
                0x0000000000016dfc                nrfx_gpiote_trigger_disable
 .text.nrfx_gpiote_pin_uninit
                0x0000000000016e50       0x50 modules/hal_nordic/nrfx/libmodules__hal_nordic__nrfx.a(nrfx_gpiote.c.obj)
                0x0000000000016e50                nrfx_gpiote_pin_uninit
 .text.nrfx_gpiote_irq_handler
                0x0000000000016ea0      0x1b4 modules/hal_nordic/nrfx/libmodules__hal_nordic__nrfx.a(nrfx_gpiote.c.obj)
                0x0000000000016ea0                nrfx_gpiote_irq_handler
 .text.nrfx_ipc_init
                0x0000000000017054       0x30 modules/hal_nordic/nrfx/libmodules__hal_nordic__nrfx.a(nrfx_ipc.c.obj)
                0x0000000000017054                nrfx_ipc_init
 .text.nrfx_ipc_config_load
                0x0000000000017084       0x84 modules/hal_nordic/nrfx/libmodules__hal_nordic__nrfx.a(nrfx_ipc.c.obj)
                0x0000000000017084                nrfx_ipc_config_load
 .text.nrfx_ipc_receive_event_enable
                0x0000000000017108       0x3c modules/hal_nordic/nrfx/libmodules__hal_nordic__nrfx.a(nrfx_ipc.c.obj)
                0x0000000000017108                nrfx_ipc_receive_event_enable
 .text.nrfx_ipc_receive_event_disable
                0x0000000000017144       0x3c modules/hal_nordic/nrfx/libmodules__hal_nordic__nrfx.a(nrfx_ipc.c.obj)
                0x0000000000017144                nrfx_ipc_receive_event_disable
 .text.nrfx_ipc_irq_handler
                0x0000000000017180       0x68 modules/hal_nordic/nrfx/libmodules__hal_nordic__nrfx.a(nrfx_ipc.c.obj)
                0x0000000000017180                nrfx_ipc_irq_handler
 .text.nrf_gpio_pin_port_decode
                0x00000000000171e8       0x5c modules/hal_nordic/nrfx/libmodules__hal_nordic__nrfx.a(nrfx_pwm.c.obj)
 .text.nrf_pwm_sequence_set
                0x0000000000017244       0xd8 modules/hal_nordic/nrfx/libmodules__hal_nordic__nrfx.a(nrfx_pwm.c.obj)
 .text.nrfx_pwm_init
                0x000000000001731c      0x19c modules/hal_nordic/nrfx/libmodules__hal_nordic__nrfx.a(nrfx_pwm.c.obj)
                0x000000000001731c                nrfx_pwm_init
 .text.nrfx_pwm_simple_playback
                0x00000000000174b8       0xe8 modules/hal_nordic/nrfx/libmodules__hal_nordic__nrfx.a(nrfx_pwm.c.obj)
                0x00000000000174b8                nrfx_pwm_simple_playback
 .text.nrfx_pwm_is_stopped
                0x00000000000175a0       0x54 modules/hal_nordic/nrfx/libmodules__hal_nordic__nrfx.a(nrfx_pwm.c.obj)
                0x00000000000175a0                nrfx_pwm_is_stopped
 .text.nrfx_pwm_stop
                0x00000000000175f4       0x64 modules/hal_nordic/nrfx/libmodules__hal_nordic__nrfx.a(nrfx_pwm.c.obj)
                0x00000000000175f4                nrfx_pwm_stop
 .text.nrf_gpio_pin_port_decode
                0x0000000000017658       0x5c modules/hal_nordic/nrfx/libmodules__hal_nordic__nrfx.a(nrfx_spim.c.obj)
 .text.nrfx_spim_init
                0x00000000000176b4      0x264 modules/hal_nordic/nrfx/libmodules__hal_nordic__nrfx.a(nrfx_spim.c.obj)
                0x00000000000176b4                nrfx_spim_init
 .text.nrfx_spim_uninit
                0x0000000000017918       0xd4 modules/hal_nordic/nrfx/libmodules__hal_nordic__nrfx.a(nrfx_spim.c.obj)
                0x0000000000017918                nrfx_spim_uninit
 .text.nrfx_spim_xfer
                0x00000000000179ec      0x1b8 modules/hal_nordic/nrfx/libmodules__hal_nordic__nrfx.a(nrfx_spim.c.obj)
                0x00000000000179ec                nrfx_spim_xfer
 .text.nrfx_spim_4_irq_handler
                0x0000000000017ba4       0x64 modules/hal_nordic/nrfx/libmodules__hal_nordic__nrfx.a(nrfx_spim.c.obj)
                0x0000000000017ba4                nrfx_spim_4_irq_handler
 .text.metal_generic_dev_open
                0x0000000000017c08       0x40 modules/libmetal/libmetal/lib/libmetal.a(device.c.obj)
                0x0000000000017c08                metal_generic_dev_open
 .text.metal_bus_unregister
                0x0000000000017c48       0x3c modules/libmetal/libmetal/lib/libmetal.a(device.c.obj)
                0x0000000000017c48                metal_bus_unregister
 .text.metal_bus_find
                0x0000000000017c84       0x3c modules/libmetal/libmetal/lib/libmetal.a(device.c.obj)
                0x0000000000017c84                metal_bus_find
 .text.metal_bus_register
                0x0000000000017cc0       0x68 modules/libmetal/libmetal/lib/libmetal.a(device.c.obj)
                0x0000000000017cc0                metal_bus_register
 .text.metal_device_close
                0x0000000000017d28       0x38 modules/libmetal/libmetal/lib/libmetal.a(device.c.obj)
                0x0000000000017d28                metal_device_close
 .text.metal_register_generic_device
                0x0000000000017d60       0x40 modules/libmetal/libmetal/lib/libmetal.a(device.c.obj)
                0x0000000000017d60                metal_register_generic_device
 .text.metal_init
                0x0000000000017da0       0x40 modules/libmetal/libmetal/lib/libmetal.a(init.c.obj)
                0x0000000000017da0                metal_init
 .text.metal_finish
                0x0000000000017de0       0x18 modules/libmetal/libmetal/lib/libmetal.a(init.c.obj)
                0x0000000000017de0                metal_finish
 .text.metal_sys_init
                0x0000000000017df8       0x10 modules/libmetal/libmetal/lib/libmetal.a(init.c.obj)
                0x0000000000017df8                metal_sys_init
 .text.metal_sys_finish
                0x0000000000017e08        0xc modules/libmetal/libmetal/lib/libmetal.a(init.c.obj)
                0x0000000000017e08                metal_sys_finish
 .text.metal_zephyr_log_handler
                0x0000000000017e14       0x3c modules/libmetal/libmetal/lib/libmetal.a(log.c.obj)
                0x0000000000017e14                metal_zephyr_log_handler
 .text.virtio_create_virtqueues
                0x0000000000017e50       0xa0 modules/open-amp/open-amp/lib/libopen_amp.a(virtio.c.obj)
                0x0000000000017e50                virtio_create_virtqueues
 .text.virtqueue_free
                0x0000000000017ef0       0x38 modules/open-amp/open-amp/lib/libopen_amp.a(virtqueue.c.obj)
                0x0000000000017ef0                virtqueue_free
 .text.virtqueue_add_consumed_buffer
                0x0000000000017f28       0x38 modules/open-amp/open-amp/lib/libopen_amp.a(virtqueue.c.obj)
                0x0000000000017f28                virtqueue_add_consumed_buffer
 .text.rpmsg_send_offchannel_raw
                0x0000000000017f60       0x24 modules/open-amp/open-amp/lib/libopen_amp.a(rpmsg.c.obj)
                0x0000000000017f60                rpmsg_send_offchannel_raw
 .text.rpmsg_send_offchannel_nocopy
                0x0000000000017f84       0x28 modules/open-amp/open-amp/lib/libopen_amp.a(rpmsg.c.obj)
                0x0000000000017f84                rpmsg_send_offchannel_nocopy
 .text.rpmsg_register_endpoint
                0x0000000000017fac       0x40 modules/open-amp/open-amp/lib/libopen_amp.a(rpmsg.c.obj)
                0x0000000000017fac                rpmsg_register_endpoint
 .text.rpmsg_create_ept
                0x0000000000017fec       0xf4 modules/open-amp/open-amp/lib/libopen_amp.a(rpmsg.c.obj)
                0x0000000000017fec                rpmsg_create_ept
 .text.rpmsg_virtio_send_offchannel_nocopy
                0x00000000000180e0       0xe8 modules/open-amp/open-amp/lib/libopen_amp.a(rpmsg_virtio.c.obj)
 .text.rpmsg_virtio_rx_callback
                0x00000000000181c8       0xdc modules/open-amp/open-amp/lib/libopen_amp.a(rpmsg_virtio.c.obj)
 .text.rpmsg_virtio_send_offchannel_raw
                0x00000000000182a4       0x84 modules/open-amp/open-amp/lib/libopen_amp.a(rpmsg_virtio.c.obj)
 .text.rpmsg_virtio_get_buffer_size
                0x0000000000018328       0x4c modules/open-amp/open-amp/lib/libopen_amp.a(rpmsg_virtio.c.obj)
                0x0000000000018328                rpmsg_virtio_get_buffer_size
 .text.rpmsg_init_vdev_with_config
                0x0000000000018374      0x220 modules/open-amp/open-amp/lib/libopen_amp.a(rpmsg_virtio.c.obj)
                0x0000000000018374                rpmsg_init_vdev_with_config
 .text.rpmsg_init_vdev
                0x0000000000018594       0x28 modules/open-amp/open-amp/lib/libopen_amp.a(rpmsg_virtio.c.obj)
                0x0000000000018594                rpmsg_init_vdev
 .text.z_fatal_error
                0x00000000000185bc      0x12c zephyr/kernel/libkernel.a(fatal.c.obj)
                0x00000000000185bc                z_fatal_error
 .text.z_sys_init_run_level
                0x00000000000186e8       0x44 zephyr/kernel/libkernel.a(init.c.obj)
 .text.bg_thread_main
                0x000000000001872c       0x34 zephyr/kernel/libkernel.a(init.c.obj)
 .text.z_bss_zero
                0x0000000000018760       0x18 zephyr/kernel/libkernel.a(init.c.obj)
                0x0000000000018760                z_bss_zero
 .text.z_init_cpu
                0x0000000000018778       0x68 zephyr/kernel/libkernel.a(init.c.obj)
                0x0000000000018778                z_init_cpu
 .text.z_cstart
                0x00000000000187e0       0xe4 zephyr/kernel/libkernel.a(init.c.obj)
                0x00000000000187e0                z_cstart
 .text.statics_init
                0x00000000000188c4       0x50 zephyr/kernel/libkernel.a(kheap.c.obj)
 .text.k_heap_aligned_alloc
                0x0000000000018914      0x140 zephyr/kernel/libkernel.a(kheap.c.obj)
                0x0000000000018914                k_heap_aligned_alloc
 .text.k_heap_free
                0x0000000000018a54       0xa4 zephyr/kernel/libkernel.a(kheap.c.obj)
                0x0000000000018a54                k_heap_free
 .text.init_mem_slab_module
                0x0000000000018af8       0x50 zephyr/kernel/libkernel.a(mem_slab.c.obj)
 .text.k_mem_slab_alloc
                0x0000000000018b48       0xd4 zephyr/kernel/libkernel.a(mem_slab.c.obj)
                0x0000000000018b48                k_mem_slab_alloc
 .text.k_mem_slab_free
                0x0000000000018c1c       0xc4 zephyr/kernel/libkernel.a(mem_slab.c.obj)
                0x0000000000018c1c                k_mem_slab_free
 .text.z_setup_new_thread
                0x0000000000018ce0       0xa8 zephyr/kernel/libkernel.a(thread.c.obj)
                0x0000000000018ce0                z_setup_new_thread
 .text.z_impl_k_thread_create
                0x0000000000018d88       0x8c zephyr/kernel/libkernel.a(thread.c.obj)
                0x0000000000018d88                z_impl_k_thread_create
 .text.z_init_static_threads
                0x0000000000018e14      0x108 zephyr/kernel/libkernel.a(thread.c.obj)
                0x0000000000018e14                z_init_static_threads
 .text.z_spin_lock_valid
                0x0000000000018f1c       0x1c zephyr/kernel/libkernel.a(thread.c.obj)
                0x0000000000018f1c                z_spin_lock_valid
 .text.z_spin_unlock_valid
                0x0000000000018f38       0x1c zephyr/kernel/libkernel.a(thread.c.obj)
                0x0000000000018f38                z_spin_unlock_valid
 .text.z_spin_lock_set_owner
                0x0000000000018f54       0x10 zephyr/kernel/libkernel.a(thread.c.obj)
                0x0000000000018f54                z_spin_lock_set_owner
 .text.idle     0x0000000000018f64       0x64 zephyr/kernel/libkernel.a(idle.c.obj)
                0x0000000000018f64                idle
 .text.z_impl_k_mutex_lock
                0x0000000000018fc8      0x1a0 zephyr/kernel/libkernel.a(mutex.c.obj)
                0x0000000000018fc8                z_impl_k_mutex_lock
 .text.z_impl_k_mutex_unlock
                0x0000000000019168      0x11c zephyr/kernel/libkernel.a(mutex.c.obj)
                0x0000000000019168                z_impl_k_mutex_unlock
 .text.queue_insert
                0x0000000000019284      0x134 zephyr/kernel/libkernel.a(queue.c.obj)
 .text.k_queue_append_list
                0x00000000000193b8       0xbc zephyr/kernel/libkernel.a(queue.c.obj)
                0x00000000000193b8                k_queue_append_list
 .text.z_impl_k_queue_get
                0x0000000000019474       0xd4 zephyr/kernel/libkernel.a(queue.c.obj)
                0x0000000000019474                z_impl_k_queue_get
 .text.z_impl_k_sem_give
                0x0000000000019548       0x88 zephyr/kernel/libkernel.a(sem.c.obj)
                0x0000000000019548                z_impl_k_sem_give
 .text.z_impl_k_sem_take
                0x00000000000195d0       0xf4 zephyr/kernel/libkernel.a(sem.c.obj)
                0x00000000000195d0                z_impl_k_sem_take
 .text.k_sys_work_q_init
                0x00000000000196c4       0x34 zephyr/kernel/libkernel.a(system_work_q.c.obj)
 .text.work_queue_main
                0x00000000000196f8      0x1e8 zephyr/kernel/libkernel.a(work.c.obj)
 .text.cancel_sync_locked
                0x00000000000198e0       0x3c zephyr/kernel/libkernel.a(work.c.obj)
 .text.submit_to_queue_locked
                0x000000000001991c       0xd8 zephyr/kernel/libkernel.a(work.c.obj)
 .text.work_timeout
                0x00000000000199f4       0xa4 zephyr/kernel/libkernel.a(work.c.obj)
 .text.k_work_init
                0x0000000000019a98       0x4c zephyr/kernel/libkernel.a(work.c.obj)
                0x0000000000019a98                k_work_init
 .text.k_work_busy_get
                0x0000000000019ae4       0x8c zephyr/kernel/libkernel.a(work.c.obj)
                0x0000000000019ae4                k_work_busy_get
 .text.z_work_submit_to_queue
                0x0000000000019b70       0xb4 zephyr/kernel/libkernel.a(work.c.obj)
                0x0000000000019b70                z_work_submit_to_queue
 .text.k_work_submit
                0x0000000000019c24        0xc zephyr/kernel/libkernel.a(work.c.obj)
                0x0000000000019c24                k_work_submit
 .text.k_work_queue_init
                0x0000000000019c30       0x34 zephyr/kernel/libkernel.a(work.c.obj)
                0x0000000000019c30                k_work_queue_init
 .text.k_work_queue_start
                0x0000000000019c64       0xd0 zephyr/kernel/libkernel.a(work.c.obj)
                0x0000000000019c64                k_work_queue_start
 .text.k_work_queue_drain
                0x0000000000019d34      0x11c zephyr/kernel/libkernel.a(work.c.obj)
                0x0000000000019d34                k_work_queue_drain
 .text.k_work_init_delayable
                0x0000000000019e50       0x58 zephyr/kernel/libkernel.a(work.c.obj)
                0x0000000000019e50                k_work_init_delayable
 .text.k_work_schedule_for_queue
                0x0000000000019ea8       0xec zephyr/kernel/libkernel.a(work.c.obj)
                0x0000000000019ea8                k_work_schedule_for_queue
 .text.k_work_schedule
                0x0000000000019f94        0xc zephyr/kernel/libkernel.a(work.c.obj)
                0x0000000000019f94                k_work_schedule
 .text.k_work_reschedule_for_queue
                0x0000000000019fa0       0xe8 zephyr/kernel/libkernel.a(work.c.obj)
                0x0000000000019fa0                k_work_reschedule_for_queue
 .text.k_work_reschedule
                0x000000000001a088        0xc zephyr/kernel/libkernel.a(work.c.obj)
                0x000000000001a088                k_work_reschedule
 .text.k_work_cancel_delayable
                0x000000000001a094       0xb4 zephyr/kernel/libkernel.a(work.c.obj)
                0x000000000001a094                k_work_cancel_delayable
 .text.k_work_cancel_delayable_sync
                0x000000000001a148      0x120 zephyr/kernel/libkernel.a(work.c.obj)
                0x000000000001a148                k_work_cancel_delayable_sync
 .text.z_reset_time_slice
                0x000000000001a268       0x28 zephyr/kernel/libkernel.a(sched.c.obj)
                0x000000000001a268                z_reset_time_slice
 .text.update_cache
                0x000000000001a290       0x68 zephyr/kernel/libkernel.a(sched.c.obj)
 .text.ready_thread
                0x000000000001a2f8       0x94 zephyr/kernel/libkernel.a(sched.c.obj)
 .text.k_sched_time_slice_set
                0x000000000001a38c       0xc8 zephyr/kernel/libkernel.a(sched.c.obj)
                0x000000000001a38c                k_sched_time_slice_set
 .text.z_ready_thread
                0x000000000001a454       0x8c zephyr/kernel/libkernel.a(sched.c.obj)
                0x000000000001a454                z_ready_thread
 .text.z_unpend_thread_no_timeout
                0x000000000001a4e0       0x8c zephyr/kernel/libkernel.a(sched.c.obj)
                0x000000000001a4e0                z_unpend_thread_no_timeout
 .text.z_reschedule
                0x000000000001a56c       0x84 zephyr/kernel/libkernel.a(sched.c.obj)
                0x000000000001a56c                z_reschedule
 .text.z_sched_start
                0x000000000001a5f0       0xa4 zephyr/kernel/libkernel.a(sched.c.obj)
                0x000000000001a5f0                z_sched_start
 .text.k_sched_lock