Archive member included to satisfy reference by file (symbol)

app/libapp.a(main.c.obj)      (--whole-archive)
app/libapp.a(remote.c.obj)    (--whole-archive)
zephyr/libzephyr.a(cbprintf_packaged.c.obj)
                              (--whole-archive)
zephyr/libzephyr.a(crc32c_sw.c.obj)
                              (--whole-archive)
zephyr/libzephyr.a(crc32_sw.c.obj)
                              (--whole-archive)
zephyr/libzephyr.a(crc16_sw.c.obj)
                              (--whole-archive)
zephyr/libzephyr.a(crc8_sw.c.obj)
                              (--whole-archive)
zephyr/libzephyr.a(crc7_sw.c.obj)
                              (--whole-archive)
zephyr/libzephyr.a(dec.c.obj)
                              (--whole-archive)
zephyr/libzephyr.a(fdtable.c.obj)
                              (--whole-archive)
zephyr/libzephyr.a(hex.c.obj)
                              (--whole-archive)
zephyr/libzephyr.a(printk.c.obj)
                              (--whole-archive)
zephyr/libzephyr.a(rb.c.obj)  (--whole-archive)
zephyr/libzephyr.a(sem.c.obj)
                              (--whole-archive)
zephyr/libzephyr.a(thread_entry.c.obj)
                              (--whole-archive)
zephyr/libzephyr.a(timeutil.c.obj)
                              (--whole-archive)
zephyr/libzephyr.a(heap.c.obj)
                              (--whole-archive)
zephyr/libzephyr.a(heap-validate.c.obj)
                              (--whole-archive)
zephyr/libzephyr.a(bitarray.c.obj)
                              (--whole-archive)
zephyr/libzephyr.a(multi_heap.c.obj)
                              (--whole-archive)
zephyr/libzephyr.a(onoff.c.obj)
                              (--whole-archive)
zephyr/libzephyr.a(notify.c.obj)
                              (--whole-archive)
zephyr/libzephyr.a(cbprintf_complete.c.obj)
                              (--whole-archive)
zephyr/libzephyr.a(cbprintf.c.obj)
                              (--whole-archive)
zephyr/libzephyr.a(assert.c.obj)
                              (--whole-archive)
zephyr/libzephyr.a(mpsc_pbuf.c.obj)
                              (--whole-archive)
zephyr/libzephyr.a(reboot.c.obj)
                              (--whole-archive)
zephyr/libzephyr.a(configs.c.obj)
                              (--whole-archive)
zephyr/libzephyr.a(soc.c.obj)
                              (--whole-archive)
zephyr/libzephyr.a(power.c.obj)
                              (--whole-archive)
zephyr/libzephyr.a(sync_rtc.c.obj)
                              (--whole-archive)
zephyr/libzephyr.a(soc_nrf_common.S.obj)
                              (--whole-archive)
zephyr/libzephyr.a(soc_secure.c.obj)
                              (--whole-archive)
zephyr/libzephyr.a(validate_base_addresses.c.obj)
                              (--whole-archive)
zephyr/libzephyr.a(validate_enabled_instances.c.obj)
                              (--whole-archive)
zephyr/libzephyr.a(log_core.c.obj)
                              (--whole-archive)
zephyr/libzephyr.a(log_mgmt.c.obj)
                              (--whole-archive)
zephyr/libzephyr.a(log_cache.c.obj)
                              (--whole-archive)
zephyr/libzephyr.a(log_msg.c.obj)
                              (--whole-archive)
zephyr/libzephyr.a(log_output.c.obj)
                              (--whole-archive)
zephyr/libzephyr.a(log_backend_uart.c.obj)
                              (--whole-archive)
zephyr/libzephyr.a(ipc_service.c.obj)
                              (--whole-archive)
zephyr/libzephyr.a(ipc_rpmsg_static_vrings.c.obj)
                              (--whole-archive)
zephyr/libzephyr.a(ipc_rpmsg.c.obj)
                              (--whole-archive)
zephyr/libzephyr.a(ipc_static_vrings.c.obj)
                              (--whole-archive)
zephyr/libzephyr.a(addr_utils.c.obj)
                              (--whole-archive)
zephyr/libzephyr.a(pm.c.obj)  (--whole-archive)
zephyr/libzephyr.a(policy.c.obj)
                              (--whole-archive)
zephyr/libzephyr.a(state.c.obj)
                              (--whole-archive)
zephyr/libzephyr.a(tracing_none.c.obj)
                              (--whole-archive)
zephyr/libzephyr.a(flash_map_partition_manager.c.obj)
                              (--whole-archive)
zephyr/libzephyr.a(utils.c.obj)
                              (--whole-archive)
zephyr/libzephyr.a(aes_decrypt.c.obj)
                              (--whole-archive)
zephyr/libzephyr.a(aes_encrypt.c.obj)
                              (--whole-archive)
zephyr/libzephyr.a(cmac_mode.c.obj)
                              (--whole-archive)
zephyr/libzephyr.a(sha256.c.obj)
                              (--whole-archive)
zephyr/libzephyr.a(hmac.c.obj)
                              (--whole-archive)
zephyr/libzephyr.a(hmac_prng.c.obj)
                              (--whole-archive)
zephyr/arch/common/libarch__common.a(sw_isr_common.c.obj)
                              (--whole-archive)
[...]
Memory Configuration

Name             Origin             Length             Attributes
FLASH            0x0000000000008000 0x00000000000f8000 xr
RAM              0x0000000020008000 0x0000000000068000 xw
IDT_LIST         0x00000000fffff7ff 0x0000000000000800 xw
*default*        0x0000000000000000 0xffffffffffffffff

Linker script and memory map

LOAD zephyr/CMakeFiles/zephyr_pre1.dir/misc/empty_file.c.obj
LOAD zephyr/CMakeFiles/zephyr_pre1.dir/dev_handles.c.obj
                0x0000000000000020                _region_min_align = 0x20

.rel.plt        0x0000000000008000        0x0
 *(SORT_BY_ALIGNMENT(.rel.plt))
                [!provide]                        PROVIDE (__rel_iplt_start = .)
 *(SORT_BY_ALIGNMENT(.rel.iplt))
 .rel.iplt      0x0000000000008000        0x0 app/libapp.a(main.c.obj)
                [!provide]                        PROVIDE (__rel_iplt_end = .)

.rela.plt       0x0000000000000000        0x0
 *(SORT_BY_ALIGNMENT(.rela.plt))
                [!provide]                        PROVIDE (__rela_iplt_start = .)
 *(SORT_BY_ALIGNMENT(.rela.iplt))
                [!provide]                        PROVIDE (__rela_iplt_end = .)

.rel.dyn
 *(SORT_BY_ALIGNMENT(.rel.*))

.rela.dyn
 *(SORT_BY_ALIGNMENT(.rela.*))

/DISCARD/
 *(SORT_BY_ALIGNMENT(.plt))

/DISCARD/
 *(SORT_BY_ALIGNMENT(.iplt))
                0x0000000000008000                __rom_region_start = 0x8000

rom_start       0x0000000000008000      0x154
                0x0000000000000000                . = 0x0
                0x0000000000000000                . = ALIGN (0x4)
                0x0000000000000000                . = ALIGN (0x80)
                0x0000000000000000                . = ALIGN (0x200)
                0x0000000000008000                _vector_start = .
 *(SORT_BY_ALIGNMENT(.exc_vector_table))
 *(SORT_BY_ALIGNMENT(.exc_vector_table.*))
 .exc_vector_table._vector_table_section
                0x0000000000008000       0x40 zephyr/arch/arch/arm/core/aarch32/cortex_m/libarch__arm__core__aarch32__cortex_m.a(vector_table.S.obj)
                0x0000000000008000                _vector_table
 *(SORT_BY_ALIGNMENT(.vectors))
                0x0000000000008154                _vector_end = .
                0x0000000000008040                . = ALIGN (0x4)
 *(SORT_BY_ALIGNMENT(.gnu.linkonce.irq_vector_table*))
 .gnu.linkonce.irq_vector_table
                0x0000000000008040      0x114 zephyr/arch/common/libisr_tables.a(isr_tables.c.obj)
                0x0000000000008040                _irq_vector_table
                0x0000000000008154                _vector_end = .

text            0x0000000000008158    0x167d4
                0x0000000000008158                __text_region_start = .
 *(SORT_BY_ALIGNMENT(.text))
 .text          0x0000000000008158       0x30 c:/ncs/toolchains/v2.2.0/opt/zephyr-sdk/arm-zephyr-eabi/bin/../lib/gcc/arm-zephyr-eabi/12.1.0/thumb/v8-m.main/nofp\libgcc.a(_aeabi_uldivmod.o)
                0x0000000000008158                __aeabi_uldivmod
 .text          0x0000000000008188        0x4 c:/ncs/toolchains/v2.2.0/opt/zephyr-sdk/arm-zephyr-eabi/bin/../lib/gcc/arm-zephyr-eabi/12.1.0/thumb/v8-m.main/nofp\libgcc.a(_dvmd_tls.o)
                0x0000000000008188                __aeabi_idiv0
                0x0000000000008188                __aeabi_ldiv0
 .text          0x000000000000818c      0x29c c:/ncs/toolchains/v2.2.0/opt/zephyr-sdk/arm-zephyr-eabi/bin/../lib/gcc/arm-zephyr-eabi/12.1.0/thumb/v8-m.main/nofp\libgcc.a(_udivmoddi4.o)
                0x000000000000818c                __udivmoddi4
 *(SORT_BY_ALIGNMENT(.text.*))
 .text.pwm_set_pulse_dt
                0x0000000000008428       0xac app/libapp.a(main.c.obj)
 .text.on_disconnected
                0x00000000000084d4       0x48 app/libapp.a(main.c.obj)
                0x00000000000084d4                on_disconnected
 .text.reset_motors
                0x000000000000851c       0x80 app/libapp.a(main.c.obj)
                0x000000000000851c                reset_motors
 .text.on_connected
                0x000000000000859c       0x68 app/libapp.a(main.c.obj)
                0x000000000000859c                on_connected
 .text.update_motors
                0x0000000000008604       0xf0 app/libapp.a(main.c.obj)
                0x0000000000008604                update_motors
 .text.on_data_received
                0x00000000000086f4       0x9c app/libapp.a(main.c.obj)
                0x00000000000086f4                on_data_received
 .text.main     0x0000000000008790      0x114 app/libapp.a(main.c.obj)
                0x0000000000008790                main
 .text.on_write
                0x00000000000088a4       0x54 app/libapp.a(remote.c.obj)
 .text.bt_ready
                0x00000000000088f8       0x3c app/libapp.a(remote.c.obj)
                0x00000000000088f8                bt_ready
 .text.bluetooth_init
                0x0000000000008934       0xd4 app/libapp.a(remote.c.obj)
                0x0000000000008934                bluetooth_init
 .text.cbprintf_package_convert
                0x0000000000008a08      0x46c zephyr/libzephyr.a(cbprintf_packaged.c.obj)
                0x0000000000008a08                cbprintf_package_convert
 .text.char_out
                0x0000000000008e74        0xc zephyr/libzephyr.a(printk.c.obj)
 .text.__printk_hook_install
                0x0000000000008e80        0xc zephyr/libzephyr.a(printk.c.obj)
                0x0000000000008e80                __printk_hook_install
 .text.vprintk  0x0000000000008e8c       0x1c zephyr/libzephyr.a(printk.c.obj)
                0x0000000000008e8c                vprintk
 .text.vsnprintk
                0x0000000000008ea8       0x2c zephyr/libzephyr.a(printk.c.obj)
                0x0000000000008ea8                vsnprintk
 .text.sys_heap_free
                0x0000000000008ed4       0x8c zephyr/libzephyr.a(heap.c.obj)
                0x0000000000008ed4                sys_heap_free
 .text.sys_heap_aligned_alloc
                0x0000000000008f60      0x104 zephyr/libzephyr.a(heap.c.obj)
                0x0000000000008f60                sys_heap_aligned_alloc
 .text.sys_heap_init
                0x0000000000009064      0x114 zephyr/libzephyr.a(heap.c.obj)
                0x0000000000009064                sys_heap_init
 .text.process_event
                0x0000000000009178      0x3a8 zephyr/libzephyr.a(onoff.c.obj)
 .text.transition_complete
                0x0000000000009520       0x64 zephyr/libzephyr.a(onoff.c.obj)
 .text.onoff_request
                0x0000000000009584      0x130 zephyr/libzephyr.a(onoff.c.obj)
                0x0000000000009584                onoff_request
 .text.sys_notify_finalize
                0x00000000000096b4       0x58 zephyr/libzephyr.a(notify.c.obj)
                0x00000000000096b4                sys_notify_finalize
 .text.z_cbvprintf_impl
                0x000000000000970c      0x764 zephyr/libzephyr.a(cbprintf_complete.c.obj)
                0x000000000000970c                z_cbvprintf_impl
 .text.mpsc_pbuf_init
                0x0000000000009e70       0x64 zephyr/libzephyr.a(mpsc_pbuf.c.obj)
                0x0000000000009e70                mpsc_pbuf_init
 .text.mpsc_pbuf_alloc
                0x0000000000009ed4      0x17c zephyr/libzephyr.a(mpsc_pbuf.c.obj)
                0x0000000000009ed4                mpsc_pbuf_alloc
 .text.mpsc_pbuf_commit
                0x000000000000a050       0xac zephyr/libzephyr.a(mpsc_pbuf.c.obj)
                0x000000000000a050                mpsc_pbuf_commit
 .text.mpsc_pbuf_claim
                0x000000000000a0fc      0x10c zephyr/libzephyr.a(mpsc_pbuf.c.obj)
                0x000000000000a0fc                mpsc_pbuf_claim
 .text.mpsc_pbuf_free
                0x000000000000a208       0xd4 zephyr/libzephyr.a(mpsc_pbuf.c.obj)
                0x000000000000a208                mpsc_pbuf_free
 .text.arch_busy_wait
                0x000000000000a2dc       0x24 zephyr/libzephyr.a(soc.c.obj)
                0x000000000000a2dc                arch_busy_wait
 .text.ppi_ipc_to_rtc.isra.0
                0x000000000000a300       0x98 zephyr/libzephyr.a(sync_rtc.c.obj)
 .text.sync_rtc_setup
                0x000000000000a398       0xb8 zephyr/libzephyr.a(sync_rtc.c.obj)
 .text.rtc_cb   0x000000000000a450       0xb0 zephyr/libzephyr.a(sync_rtc.c.obj)
 .text.mbox_callback
                0x000000000000a500       0xd0 zephyr/libzephyr.a(sync_rtc.c.obj)
 .text.z_arm_platform_init
                0x000000000000a5d0        0x4 zephyr/libzephyr.a(soc_nrf_common.S.obj)
                0x000000000000a5d0                z_arm_platform_init
 .text.soc_secure_gpio_pin_mcu_select
                0x000000000000a5d4       0x60 zephyr/libzephyr.a(soc_secure.c.obj)
                0x000000000000a5d4                soc_secure_gpio_pin_mcu_select
 .text.enable_logger
                0x000000000000a634       0x5c zephyr/libzephyr.a(log_core.c.obj)
 .text.activate_foreach_backend
                0x000000000000a690       0x64 zephyr/libzephyr.a(log_core.c.obj)
 .text.z_log_init
                0x000000000000a6f4       0xe0 zephyr/libzephyr.a(log_core.c.obj)
 .text.log_process_thread_timer_expiry_fn
                0x000000000000a7d4        0xc zephyr/libzephyr.a(log_core.c.obj)
 .text.log_format_func_t_get
                0x000000000000a7e0        0xc zephyr/libzephyr.a(log_core.c.obj)
                0x000000000000a7e0                log_format_func_t_get
 .text.log_set_timestamp_func
                0x000000000000a7ec       0x20 zephyr/libzephyr.a(log_core.c.obj)
                0x000000000000a7ec                log_set_timestamp_func
 .text.z_log_notify_backend_enabled
                0x000000000000a80c       0x1c zephyr/libzephyr.a(log_core.c.obj)
                0x000000000000a80c                z_log_notify_backend_enabled
 .text.z_log_dropped
                0x000000000000a828       0x28 zephyr/libzephyr.a(log_core.c.obj)
                0x000000000000a828                z_log_dropped
 .text.z_log_dropped_read_and_clear
                0x000000000000a850       0x18 zephyr/libzephyr.a(log_core.c.obj)
                0x000000000000a850                z_log_dropped_read_and_clear
 .text.dropped_notify
                0x000000000000a868       0x60 zephyr/libzephyr.a(log_core.c.obj)
                0x000000000000a868                dropped_notify
 .text.z_log_msg_init
                0x000000000000a8c8       0x20 zephyr/libzephyr.a(log_core.c.obj)
                0x000000000000a8c8                z_log_msg_init
 .text.log_core_init
                0x000000000000a8e8       0x2c zephyr/libzephyr.a(log_core.c.obj)
                0x000000000000a8e8                log_core_init
 .text.z_log_msg_alloc
                0x000000000000a914       0x10 zephyr/libzephyr.a(log_core.c.obj)
                0x000000000000a914                z_log_msg_alloc
 .text.z_log_msg_local_claim
                0x000000000000a924        0xc zephyr/libzephyr.a(log_core.c.obj)
                0x000000000000a924                z_log_msg_local_claim
 .text.z_log_msg_free
                0x000000000000a930       0x10 zephyr/libzephyr.a(log_core.c.obj)
                0x000000000000a930                z_log_msg_free
 .text.z_log_msg_pending
                0x000000000000a940        0xc zephyr/libzephyr.a(log_core.c.obj)
                0x000000000000a940                z_log_msg_pending
 .text.z_impl_log_process
                0x000000000000a94c       0xe4 zephyr/libzephyr.a(log_core.c.obj)
                0x000000000000a94c                z_impl_log_process
 .text.z_impl_log_panic
                0x000000000000aa30       0x74 zephyr/libzephyr.a(log_core.c.obj)
                0x000000000000aa30                z_impl_log_panic
 .text.log_process_thread_func
                0x000000000000aaa4       0xec zephyr/libzephyr.a(log_core.c.obj)
 .text.z_log_msg_post_finalize
                0x000000000000ab90       0xe0 zephyr/libzephyr.a(log_core.c.obj)
 .text.z_log_msg_commit
                0x000000000000ac70       0x24 zephyr/libzephyr.a(log_core.c.obj)
                0x000000000000ac70                z_log_msg_commit
 .text.log_source_name_get
                0x000000000000ac94       0x1c zephyr/libzephyr.a(log_mgmt.c.obj)
                0x000000000000ac94                log_source_name_get
 .text.log_backend_enable
                0x000000000000acb0       0x4c zephyr/libzephyr.a(log_mgmt.c.obj)
                0x000000000000acb0                log_backend_enable
 .text.z_impl_z_log_msg_static_create
                0x000000000000acfc       0xcc zephyr/libzephyr.a(log_msg.c.obj)
                0x000000000000acfc                z_impl_z_log_msg_static_create
 .text.print_formatted
                0x000000000000adc8       0x24 zephyr/libzephyr.a(log_output.c.obj)
 .text.newline_print
                0x000000000000adec       0x1c zephyr/libzephyr.a(log_output.c.obj)
 .text.out_func
                0x000000000000ae08       0x58 zephyr/libzephyr.a(log_output.c.obj)
 .text.log_output_process
                0x000000000000ae60      0x2d0 zephyr/libzephyr.a(log_output.c.obj)
                0x000000000000ae60                log_output_process
 .text.log_output_msg_process
                0x000000000000b130       0x6c zephyr/libzephyr.a(log_output.c.obj)
                0x000000000000b130                log_output_msg_process
 .text.log_output_dropped_process
                0x000000000000b19c       0x58 zephyr/libzephyr.a(log_output.c.obj)
                0x000000000000b19c                log_output_dropped_process
 .text.log_output_timestamp_freq_set
                0x000000000000b1f4       0x2c zephyr/libzephyr.a(log_output.c.obj)
                0x000000000000b1f4                log_output_timestamp_freq_set
 .text.format_set
                0x000000000000b220        0xc zephyr/libzephyr.a(log_backend_uart.c.obj)
 .text.panic    0x000000000000b22c       0x14 zephyr/libzephyr.a(log_backend_uart.c.obj)
 .text.dropped  0x000000000000b240        0xc zephyr/libzephyr.a(log_backend_uart.c.obj)
 .text.process  0x000000000000b24c       0x24 zephyr/libzephyr.a(log_backend_uart.c.obj)
 .text.char_out
                0x000000000000b270       0x24 zephyr/libzephyr.a(log_backend_uart.c.obj)
 .text.log_backend_uart_init
                0x000000000000b294       0x30 zephyr/libzephyr.a(log_backend_uart.c.obj)
 .text.ipc_service_open_instance
                0x000000000000b2c4       0x5c zephyr/libzephyr.a(ipc_service.c.obj)
                0x000000000000b2c4                ipc_service_open_instance
 .text.ipc_service_register_endpoint
                0x000000000000b320       0x64 zephyr/libzephyr.a(ipc_service.c.obj)
                0x000000000000b320                ipc_service_register_endpoint
 .text.ipc_service_send
                0x000000000000b384       0x84 zephyr/libzephyr.a(ipc_service.c.obj)
                0x000000000000b384                ipc_service_send
 .text.shared_memory_prepare
                0x000000000000b408       0x14 zephyr/libzephyr.a(ipc_rpmsg_static_vrings.c.obj)
 .text.bound_cb
                0x000000000000b41c       0x30 zephyr/libzephyr.a(ipc_rpmsg_static_vrings.c.obj)
 .text.advertise_ept
                0x000000000000b44c       0x44 zephyr/libzephyr.a(ipc_rpmsg_static_vrings.c.obj)
 .text.get_ept  0x000000000000b490       0x28 zephyr/libzephyr.a(ipc_rpmsg_static_vrings.c.obj)
 .text.open     0x000000000000b4b8      0x1b8 zephyr/libzephyr.a(ipc_rpmsg_static_vrings.c.obj)
 .text.close    0x000000000000b670       0xc4 zephyr/libzephyr.a(ipc_rpmsg_static_vrings.c.obj)
 .text.send     0x000000000000b734       0x4c zephyr/libzephyr.a(ipc_rpmsg_static_vrings.c.obj)
 .text.register_ept
                0x000000000000b780       0xe0 zephyr/libzephyr.a(ipc_rpmsg_static_vrings.c.obj)
 .text.ns_bind_cb
                0x000000000000b860       0x6c zephyr/libzephyr.a(ipc_rpmsg.c.obj)
 .text.ipc_rpmsg_register_ept
                0x000000000000b8cc       0x3c zephyr/libzephyr.a(ipc_rpmsg.c.obj)
                0x000000000000b8cc                ipc_rpmsg_register_ept
 .text.ipc_rpmsg_init
                0x000000000000b908       0x6c zephyr/libzephyr.a(ipc_rpmsg.c.obj)
                0x000000000000b908                ipc_rpmsg_init
 .text.ipc_static_vrings_init
                0x000000000000b974      0x104 zephyr/libzephyr.a(ipc_static_vrings.c.obj)
                0x000000000000b974                ipc_static_vrings_init
 .text.pm_state_notify
                0x000000000000ba78       0xc0 zephyr/libzephyr.a(pm.c.obj)
 .text.pm_system_resume
                0x000000000000bb38       0x70 zephyr/libzephyr.a(pm.c.obj)
                0x000000000000bb38                pm_system_resume
 .text.pm_system_suspend
                0x000000000000bba8      0x154 zephyr/libzephyr.a(pm.c.obj)
                0x000000000000bba8                pm_system_suspend
 .text.pm_policy_next_state
                0x000000000000bcfc       0x94 zephyr/libzephyr.a(policy.c.obj)
                0x000000000000bcfc                pm_policy_next_state
 .text.pm_state_cpu_get_all
                0x000000000000bd90       0x10 zephyr/libzephyr.a(state.c.obj)
                0x000000000000bd90                pm_state_cpu_get_all
 .text.sub_bytes
                0x000000000000bda0       0x18 zephyr/libzephyr.a(aes_encrypt.c.obj)
 .text.tc_aes128_set_encrypt_key
                0x000000000000bdb8       0xa8 zephyr/libzephyr.a(aes_encrypt.c.obj)
                0x000000000000bdb8                tc_aes128_set_encrypt_key
 .text.compress
                0x000000000000be60      0x1d4 zephyr/libzephyr.a(sha256.c.obj)
 .text.tc_sha256_init
                0x000000000000c034       0x58 zephyr/libzephyr.a(sha256.c.obj)
                0x000000000000c034                tc_sha256_init
 .text.z_arm_cpu_idle_init
                0x000000000000c08c        0xc zephyr/arch/arch/arm/core/aarch32/libarch__arm__core__aarch32.a(cpu_idle.S.obj)
                0x000000000000c08c                z_arm_cpu_idle_init
 .text.arch_cpu_idle
                0x000000000000c098       0x1c zephyr/arch/arch/arm/core/aarch32/libarch__arm__core__aarch32.a(cpu_idle.S.obj)
                0x000000000000c098                arch_cpu_idle
 .text.arch_cpu_atomic_idle
                0x000000000000c0b4       0x14 zephyr/arch/arch/arm/core/aarch32/libarch__arm__core__aarch32.a(cpu_idle.S.obj)
                0x000000000000c0b4                arch_cpu_atomic_idle
 .text.z_arm_fatal_error
                0x000000000000c0c8       0xcc zephyr/arch/arch/arm/core/aarch32/libarch__arm__core__aarch32.a(fatal.c.obj)
                0x000000000000c0c8                z_arm_fatal_error
 .text.arch_irq_enable
                0x000000000000c194       0x1c zephyr/arch/arch/arm/core/aarch32/libarch__arm__core__aarch32.a(irq_manage.c.obj)
                0x000000000000c194                arch_irq_enable
 .text.arch_irq_disable
                0x000000000000c1b0       0x28 zephyr/arch/arch/arm/core/aarch32/libarch__arm__core__aarch32.a(irq_manage.c.obj)
                0x000000000000c1b0                arch_irq_disable
 .text.arch_irq_is_enabled
                0x000000000000c1d8       0x1c zephyr/arch/arch/arm/core/aarch32/libarch__arm__core__aarch32.a(irq_manage.c.obj)
                0x000000000000c1d8                arch_irq_is_enabled
 .text.z_arm_irq_priority_set
                0x000000000000c1f4       0x64 zephyr/arch/arch/arm/core/aarch32/libarch__arm__core__aarch32.a(irq_manage.c.obj)
                0x000000000000c1f4                z_arm_irq_priority_set
 .text.z_SysNmiOnReset
                0x000000000000c258        0x8 zephyr/arch/arch/arm/core/aarch32/libarch__arm__core__aarch32.a(nmi_on_reset.S.obj)
                0x000000000000c258                z_SysNmiOnReset
 .text.z_arm_prep_c
                0x000000000000c260       0x38 zephyr/arch/arch/arm/core/aarch32/libarch__arm__core__aarch32.a(prep_c.c.obj)
                0x000000000000c260                z_arm_prep_c
 .text.arch_swap
                0x000000000000c298       0x34 zephyr/arch/arch/arm/core/aarch32/libarch__arm__core__aarch32.a(swap.c.obj)
                0x000000000000c298                arch_swap
 .text.z_arm_pendsv
                0x000000000000c2cc       0x60 zephyr/arch/arch/arm/core/aarch32/libarch__arm__core__aarch32.a(swap_helper.S.obj)
                0x000000000000c2cc                z_arm_pendsv
 .text.z_arm_svc
                0x000000000000c32c       0x20 zephyr/arch/arch/arm/core/aarch32/libarch__arm__core__aarch32.a(swap_helper.S.obj)
                0x000000000000c32c                z_arm_svc
 .text.arch_new_thread
                0x000000000000c34c       0x40 zephyr/arch/arch/arm/core/aarch32/libarch__arm__core__aarch32.a(thread.c.obj)
                0x000000000000c34c                arch_new_thread
 .text.arch_switch_to_main_thread
                0x000000000000c38c       0x28 zephyr/arch/arch/arm/core/aarch32/libarch__arm__core__aarch32.a(thread.c.obj)
                0x000000000000c38c                arch_switch_to_main_thread
 .text._isr_wrapper
                0x000000000000c3b4       0x40 zephyr/arch/arch/arm/core/aarch32/libarch__arm__core__aarch32.a(isr_wrapper.S.obj)
                0x000000000000c3b4                _isr_wrapper
 .text._HandlerModeExit
                0x000000000000c3f4       0x1c zephyr/arch/arch/arm/core/aarch32/cortex_m/libarch__arm__core__aarch32__cortex_m.a(exc_exit.S.obj)
                0x000000000000c3f4                z_arm_int_exit
                0x000000000000c3f4                z_arm_exc_exit
 .text.mem_manage_fault.constprop.0
                0x000000000000c410      0x170 zephyr/arch/arch/arm/core/aarch32/cortex_m/libarch__arm__core__aarch32__cortex_m.a(fault.c.obj)
 .text.bus_fault.constprop.0
                0x000000000000c580      0x130 zephyr/arch/arch/arm/core/aarch32/cortex_m/libarch__arm__core__aarch32__cortex_m.a(fault.c.obj)
 .text.usage_fault.constprop.0
                0x000000000000c6b0      0x118 zephyr/arch/arch/arm/core/aarch32/cortex_m/libarch__arm__core__aarch32__cortex_m.a(fault.c.obj)
 .text.z_arm_fault
                0x000000000000c7c8      0x298 zephyr/arch/arch/arm/core/aarch32/cortex_m/libarch__arm__core__aarch32__cortex_m.a(fault.c.obj)
                0x000000000000c7c8                z_arm_fault
 .text.z_arm_fault_init
                0x000000000000ca60       0x18 zephyr/arch/arch/arm/core/aarch32/cortex_m/libarch__arm__core__aarch32__cortex_m.a(fault.c.obj)
                0x000000000000ca60                z_arm_fault_init
 .text.__fault  0x000000000000ca78       0x14 zephyr/arch/arch/arm/core/aarch32/cortex_m/libarch__arm__core__aarch32__cortex_m.a(fault_s.S.obj)
                0x000000000000ca78                z_arm_usage_fault
                0x000000000000ca78                z_arm_mpu_fault
                0x000000000000ca78                z_arm_exc_spurious
                0x000000000000ca78                z_arm_debug_monitor
                0x000000000000ca78                z_arm_hard_fault
                0x000000000000ca78                z_arm_bus_fault
 .text.z_arm_interrupt_init
                0x000000000000ca8c       0x18 zephyr/arch/arch/arm/core/aarch32/cortex_m/libarch__arm__core__aarch32__cortex_m.a(irq_init.c.obj)
                0x000000000000ca8c                z_arm_interrupt_init
 .text._reset_section
                0x000000000000caa4       0x60 zephyr/arch/arch/arm/core/aarch32/cortex_m/libarch__arm__core__aarch32__cortex_m.a(reset.S.obj)
                0x000000000000caa4                __start
                0x000000000000caa4                z_arm_reset
 .text.sys_arch_reboot
                0x000000000000cb04       0x24 zephyr/arch/arch/arm/core/aarch32/cortex_m/libarch__arm__core__aarch32__cortex_m.a(scb.c.obj)
                0x000000000000cb04                sys_arch_reboot
 .text.z_arm_clear_arm_mpu_config
                0x000000000000cb28       0x24 zephyr/arch/arch/arm/core/aarch32/cortex_m/libarch__arm__core__aarch32__cortex_m.a(scb.c.obj)
                0x000000000000cb28                z_arm_clear_arm_mpu_config
 .text.z_arm_init_arch_hw_at_boot
                0x000000000000cb4c       0x4c zephyr/arch/arch/arm/core/aarch32/cortex_m/libarch__arm__core__aarch32__cortex_m.a(scb.c.obj)
                0x000000000000cb4c                z_arm_init_arch_hw_at_boot
 .text.z_impl_k_thread_abort
                0x000000000000cb98       0x2c zephyr/arch/arch/arm/core/aarch32/cortex_m/libarch__arm__core__aarch32__cortex_m.a(thread_abort.c.obj)
                0x000000000000cb98                z_impl_k_thread_abort
 .text.z_arm_configure_static_mpu_regions
                0x000000000000cbc4       0x38 zephyr/arch/arch/arm/core/aarch32/mpu/libarch__arm__core__aarch32__mpu.a(arm_core_mpu.c.obj)
                0x000000000000cbc4                z_arm_configure_static_mpu_regions
 .text.region_init
                0x000000000000cbfc       0x34 zephyr/arch/arch/arm/core/aarch32/mpu/libarch__arm__core__aarch32__mpu.a(arm_mpu.c.obj)
 .text.region_allocate_and_init.part.0
                0x000000000000cc30       0x30 zephyr/arch/arch/arm/core/aarch32/mpu/libarch__arm__core__aarch32__mpu.a(arm_mpu.c.obj)
 .text.mpu_configure_regions_and_partition.constprop.0
                0x000000000000cc60      0x19c zephyr/arch/arch/arm/core/aarch32/mpu/libarch__arm__core__aarch32__mpu.a(arm_mpu.c.obj)
 .text.arm_core_mpu_enable
                0x000000000000cdfc       0x18 zephyr/arch/arch/arm/core/aarch32/mpu/libarch__arm__core__aarch32__mpu.a(arm_mpu.c.obj)
                0x000000000000cdfc                arm_core_mpu_enable
 .text.arm_core_mpu_disable
                0x000000000000ce14       0x14 zephyr/arch/arch/arm/core/aarch32/mpu/libarch__arm__core__aarch32__mpu.a(arm_mpu.c.obj)
                0x000000000000ce14                arm_core_mpu_disable
 .text.arm_core_mpu_configure_static_mpu_regions
                0x000000000000ce28       0x48 zephyr/arch/arch/arm/core/aarch32/mpu/libarch__arm__core__aarch32__mpu.a(arm_mpu.c.obj)
                0x000000000000ce28                arm_core_mpu_configure_static_mpu_regions
 .text.arm_core_mpu_mark_areas_for_dynamic_regions
                0x000000000000ce70       0xe8 zephyr/arch/arch/arm/core/aarch32/mpu/libarch__arm__core__aarch32__mpu.a(arm_mpu.c.obj)
                0x000000000000ce70                arm_core_mpu_mark_areas_for_dynamic_regions
 .text.z_arm_mpu_init
                0x000000000000cf58       0xa8 zephyr/arch/arch/arm/core/aarch32/mpu/libarch__arm__core__aarch32__mpu.a(arm_mpu.c.obj)
                0x000000000000cf58                z_arm_mpu_init
 .text.__stdout_hook_install
                0x000000000000d000        0xc zephyr/lib/libc/minimal/liblib__libc__minimal.a(stdout_console.c.obj)
                0x000000000000d000                __stdout_hook_install
 .text.remoteproc_mgr_boot
                0x000000000000d00c       0x10 zephyr/boards/boards/arm/nrf5340dk_nrf5340_cpuapp_ns/libboards__arm__nrf5340dk_nrf5340.a(nrf5340_cpunet_reset.c.obj)
 .text.bt_hex   0x000000000000d01c       0x44 zephyr/subsys/bluetooth/common/libsubsys__bluetooth__common.a(bt_str.c.obj)
                0x000000000000d01c                bt_hex
 .text.bt_addr_le_str
                0x000000000000d060       0x7c zephyr/subsys/bluetooth/common/libsubsys__bluetooth__common.a(bt_str.c.obj)
                0x000000000000d060                bt_addr_le_str
 .text.long_wq_init
                0x000000000000d0dc       0x38 zephyr/subsys/bluetooth/host/libsubsys__bluetooth__host.a(long_wq.c.obj)
 .text.bt_long_wq_schedule
                0x000000000000d114        0xc zephyr/subsys/bluetooth/host/libsubsys__bluetooth__host.a(long_wq.c.obj)
                0x000000000000d114                bt_long_wq_schedule
 .text.uuid_to_uuid128
                0x000000000000d120       0x6c zephyr/subsys/bluetooth/host/libsubsys__bluetooth__host.a(uuid.c.obj)
 .text.bt_buf_get_rx
                0x000000000000d18c       0x68 zephyr/subsys/bluetooth/host/libsubsys__bluetooth__host.a(buf.c.obj)
                0x000000000000d18c                bt_buf_get_rx
 .text.bt_buf_get_cmd_complete
                0x000000000000d1f4       0x34 zephyr/subsys/bluetooth/host/libsubsys__bluetooth__host.a(buf.c.obj)
                0x000000000000d1f4                bt_buf_get_cmd_complete
 .text.bt_buf_get_evt
                0x000000000000d228       0x58 zephyr/subsys/bluetooth/host/libsubsys__bluetooth__host.a(buf.c.obj)
                0x000000000000d228                bt_buf_get_evt
 .text.hci_disconn_complete_prio
                0x000000000000d280       0x3c zephyr/subsys/bluetooth/host/libsubsys__bluetooth__host.a(hci_core.c.obj)
 .text.find_pending_connect.part.0
                0x000000000000d2bc       0x2c zephyr/subsys/bluetooth/host/libsubsys__bluetooth__host.a(hci_core.c.obj)
 .text.hci_data_buf_overflow
                0x000000000000d2e8       0x30 zephyr/subsys/bluetooth/host/libsubsys__bluetooth__host.a(hci_core.c.obj)
 .text.le_conn_param_neg_reply.part.0
                0x000000000000d318       0x24 zephyr/subsys/bluetooth/host/libsubsys__bluetooth__host.a(hci_core.c.obj)
 .text.le_conn_update_complete
                0x000000000000d33c       0x98 zephyr/subsys/bluetooth/host/libsubsys__bluetooth__host.a(hci_core.c.obj)
 .text.rx_queue_put
                0x000000000000d3d4       0x50 zephyr/subsys/bluetooth/host/libsubsys__bluetooth__host.a(hci_core.c.obj)
 .text.handle_event.part.0
                0x000000000000d424       0x48 zephyr/subsys/bluetooth/host/libsubsys__bluetooth__host.a(hci_core.c.obj)
 .text.hci_hardware_error
                0x000000000000d46c       0x34 zephyr/subsys/bluetooth/host/libsubsys__bluetooth__host.a(hci_core.c.obj)
 .text.le_data_len_change
                0x000000000000d4a0       0x40 zephyr/subsys/bluetooth/host/libsubsys__bluetooth__host.a(hci_core.c.obj)
 .text.le_phy_update_complete
                0x000000000000d4e0       0x44 zephyr/subsys/bluetooth/host/libsubsys__bluetooth__host.a(hci_core.c.obj)
 .text.hci_disconn_complete
                0x000000000000d524       0x58 zephyr/subsys/bluetooth/host/libsubsys__bluetooth__host.a(hci_core.c.obj)
 .text.handle_event
                0x000000000000d57c       0x60 zephyr/subsys/bluetooth/host/libsubsys__bluetooth__host.a(hci_core.c.obj)
 .text.rx_work_handler
                0x000000000000d5dc      0x190 zephyr/subsys/bluetooth/host/libsubsys__bluetooth__host.a(hci_core.c.obj)
 .text.hci_le_meta_event
                0x000000000000d76c       0x20 zephyr/subsys/bluetooth/host/libsubsys__bluetooth__host.a(hci_core.c.obj)
 .text.le_remote_feat_complete
                0x000000000000d78c       0x60 zephyr/subsys/bluetooth/host/libsubsys__bluetooth__host.a(hci_core.c.obj)
 .text.hci_cmd_done
                0x000000000000d7ec      0x130 zephyr/subsys/bluetooth/host/libsubsys__bluetooth__host.a(hci_core.c.obj)
 .text.hci_cmd_status
                0x000000000000d91c       0x2c zephyr/subsys/bluetooth/host/libsubsys__bluetooth__host.a(hci_core.c.obj)
 .text.hci_cmd_complete
                0x000000000000d948       0x30 zephyr/subsys/bluetooth/host/libsubsys__bluetooth__host.a(hci_core.c.obj)
 .text.hci_num_completed_packets
                0x000000000000d978      0x118 zephyr/subsys/bluetooth/host/libsubsys__bluetooth__host.a(hci_core.c.obj)
 .text.bt_hci_cmd_state_set_init
                0x000000000000da90       0x24 zephyr/subsys/bluetooth/host/libsubsys__bluetooth__host.a(hci_core.c.obj)
                0x000000000000da90                bt_hci_cmd_state_set_init
 .text.bt_hci_cmd_create
                0x000000000000dab4       0x9c zephyr/subsys/bluetooth/host/libsubsys__bluetooth__host.a(hci_core.c.obj)
                0x000000000000dab4                bt_hci_cmd_create
 .text.bt_hci_cmd_send_sync
                0x000000000000db50       0xf8 zephyr/subsys/bluetooth/host/libsubsys__bluetooth__host.a(hci_core.c.obj)
                0x000000000000db50                bt_hci_cmd_send_sync
 .text.hci_le_read_max_data_len
                0x000000000000dc48       0x50 zephyr/subsys/bluetooth/host/libsubsys__bluetooth__host.a(hci_core.c.obj)
 .text.bt_hci_le_rand
                0x000000000000dc98       0x58 zephyr/subsys/bluetooth/host/libsubsys__bluetooth__host.a(hci_core.c.obj)
                0x000000000000dc98                bt_hci_le_rand
 .text.bt_hci_le_enh_conn_complete
                0x000000000000dcf0      0x2e4 zephyr/subsys/bluetooth/host/libsubsys__bluetooth__host.a(hci_core.c.obj)
                0x000000000000dcf0                bt_hci_le_enh_conn_complete
 .text.le_legacy_conn_complete
                0x000000000000dfd4       0x68 zephyr/subsys/bluetooth/host/libsubsys__bluetooth__host.a(hci_core.c.obj)
 .text.bt_send  0x000000000000e03c       0x10 zephyr/subsys/bluetooth/host/libsubsys__bluetooth__host.a(hci_core.c.obj)
                0x000000000000e03c                bt_send
 .text.bt_hci_cmd_send
                0x000000000000e04c       0x6c zephyr/subsys/bluetooth/host/libsubsys__bluetooth__host.a(hci_core.c.obj)
                0x000000000000e04c                bt_hci_cmd_send
 .text.bt_hci_host_num_completed_packets
                0x000000000000e0b8       0xe4 zephyr/subsys/bluetooth/host/libsubsys__bluetooth__host.a(hci_core.c.obj)
                0x000000000000e0b8                bt_hci_host_num_completed_packets
 .text.le_conn_param_req
                0x000000000000e19c       0xd4 zephyr/subsys/bluetooth/host/libsubsys__bluetooth__host.a(hci_core.c.obj)
 .text.hci_tx_thread
                0x000000000000e270      0x194 zephyr/subsys/bluetooth/host/libsubsys__bluetooth__host.a(hci_core.c.obj)
 .text.hci_event_prio
                0x000000000000e404       0xa4 zephyr/subsys/bluetooth/host/libsubsys__bluetooth__host.a(hci_core.c.obj)
                0x000000000000e404                hci_event_prio
 .text.bt_recv  0x000000000000e4a8       0x68 zephyr/subsys/bluetooth/host/libsubsys__bluetooth__host.a(hci_core.c.obj)
                0x000000000000e4a8                bt_recv
 .text.bt_hci_driver_register
                0x000000000000e510       0x28 zephyr/subsys/bluetooth/host/libsubsys__bluetooth__host.a(hci_core.c.obj)
                0x000000000000e510                bt_hci_driver_register
 .text.bt_finalize_init
                0x000000000000e538        0xc zephyr/subsys/bluetooth/host/libsubsys__bluetooth__host.a(hci_core.c.obj)
                0x000000000000e538                bt_finalize_init
 .text.bt_init  0x000000000000e544      0x48c zephyr/subsys/bluetooth/host/libsubsys__bluetooth__host.a(hci_core.c.obj)
 .text.init_work
                0x000000000000e9d0       0x18 zephyr/subsys/bluetooth/host/libsubsys__bluetooth__host.a(hci_core.c.obj)
 .text.bt_enable
                0x000000000000e9e8      0x124 zephyr/subsys/bluetooth/host/libsubsys__bluetooth__host.a(hci_core.c.obj)
                0x000000000000e9e8                bt_enable
 .text.bt_is_ready
                0x000000000000eb0c       0x10 zephyr/subsys/bluetooth/host/libsubsys__bluetooth__host.a(hci_core.c.obj)
                0x000000000000eb0c                bt_is_ready
 .text.bt_get_name
                0x000000000000eb1c        0x8 zephyr/subsys/bluetooth/host/libsubsys__bluetooth__host.a(hci_core.c.obj)
                0x000000000000eb1c                bt_get_name
 .text.id_find  0x000000000000eb24       0x30 zephyr/subsys/bluetooth/host/libsubsys__bluetooth__host.a(id.c.obj)
 .text.set_random_address
                0x000000000000eb54       0x58 zephyr/subsys/bluetooth/host/libsubsys__bluetooth__host.a(id.c.obj)
 .text.id_create.constprop.0
                0x000000000000ebac       0x64 zephyr/subsys/bluetooth/host/libsubsys__bluetooth__host.a(id.c.obj)
 .text.bt_id_create
                0x000000000000ec10       0xa8 zephyr/subsys/bluetooth/host/libsubsys__bluetooth__host.a(id.c.obj)
                0x000000000000ec10                bt_id_create
 .text.bt_id_read_public_addr
                0x000000000000ecb8       0x88 zephyr/subsys/bluetooth/host/libsubsys__bluetooth__host.a(id.c.obj)
                0x000000000000ecb8                bt_id_read_public_addr
 .text.bt_setup_public_id_addr
                0x000000000000ed40       0x20 zephyr/subsys/bluetooth/host/libsubsys__bluetooth__host.a(id.c.obj)
                0x000000000000ed40                bt_setup_public_id_addr
 .text.bt_read_static_addr
                0x000000000000ed60       0xa4 zephyr/subsys/bluetooth/host/libsubsys__bluetooth__host.a(id.c.obj)
                0x000000000000ed60                bt_read_static_addr
 .text.bt_setup_random_id_addr
                0x000000000000ee04       0x5c zephyr/subsys/bluetooth/host/libsubsys__bluetooth__host.a(id.c.obj)
                0x000000000000ee04                bt_setup_random_id_addr
 .text.bt_id_set_adv_own_addr
                0x000000000000ee60       0xb4 zephyr/subsys/bluetooth/host/libsubsys__bluetooth__host.a(id.c.obj)
                0x000000000000ee60                bt_id_set_adv_own_addr
 .text.bt_id_init
                0x000000000000ef14       0x60 zephyr/subsys/bluetooth/host/libsubsys__bluetooth__host.a(id.c.obj)
                0x000000000000ef14                bt_id_init
 .text.hci_set_ad
                0x000000000000ef74       0xe0 zephyr/subsys/bluetooth/host/libsubsys__bluetooth__host.a(adv.c.obj)
 .text.le_adv_start_add_conn
                0x000000000000f054       0x6c zephyr/subsys/bluetooth/host/libsubsys__bluetooth__host.a(adv.c.obj)
 .text.valid_adv_param
                0x000000000000f0c0       0x84 zephyr/subsys/bluetooth/host/libsubsys__bluetooth__host.a(adv.c.obj)
 .text.bt_le_adv_lookup_legacy
                0x000000000000f144        0x8 zephyr/subsys/bluetooth/host/libsubsys__bluetooth__host.a(adv.c.obj)
                0x000000000000f144                bt_le_adv_lookup_legacy
 .text.bt_le_adv_start_legacy
                0x000000000000f14c      0x274 zephyr/subsys/bluetooth/host/libsubsys__bluetooth__host.a(adv.c.obj)
                0x000000000000f14c                bt_le_adv_start_legacy
 .text.bt_le_adv_start
                0x000000000000f3c0       0x64 zephyr/subsys/bluetooth/host/libsubsys__bluetooth__host.a(adv.c.obj)
                0x000000000000f3c0                bt_le_adv_start
 .text.bt_le_adv_stop
                0x000000000000f424       0x84 zephyr/subsys/bluetooth/host/libsubsys__bluetooth__host.a(adv.c.obj)
                0x000000000000f424                bt_le_adv_stop
 .text.adv_timeout
                0x000000000000f4a8       0x30 zephyr/subsys/bluetooth/host/libsubsys__bluetooth__host.a(adv.c.obj)
 .text.bt_le_adv_resume
                0x000000000000f4d8       0x80 zephyr/subsys/bluetooth/host/libsubsys__bluetooth__host.a(adv.c.obj)
                0x000000000000f4d8                bt_le_adv_resume
 .text.prng_reseed.constprop.0
                0x000000000000f558       0x6c zephyr/subsys/bluetooth/host/libsubsys__bluetooth__host.a(crypto.c.obj)
 .text.prng_init
                0x000000000000f5c4       0x50 zephyr/subsys/bluetooth/host/libsubsys__bluetooth__host.a(crypto.c.obj)
                0x000000000000f5c4                prng_init
 .text.bt_rand  0x000000000000f614       0x3c zephyr/subsys/bluetooth/host/libsubsys__bluetooth__host.a(crypto.c.obj)
                0x000000000000f614                bt_rand
 .text.notify_connected
                0x000000000000f650       0x6c zephyr/subsys/bluetooth/host/libsubsys__bluetooth__host.a(conn.c.obj)
 .text.tx_notify
                0x000000000000f6bc       0x60 zephyr/subsys/bluetooth/host/libsubsys__bluetooth__host.a(conn.c.obj)
 .text.conn_tx_destroy
                0x000000000000f71c       0x4c zephyr/subsys/bluetooth/host/libsubsys__bluetooth__host.a(conn.c.obj)
 .text.send_frag
                0x000000000000f768      0x188 zephyr/subsys/bluetooth/host/libsubsys__bluetooth__host.a(conn.c.obj)
 .text.bt_conn_get_pkts
                0x000000000000f8f0        0x8 zephyr/subsys/bluetooth/host/libsubsys__bluetooth__host.a(conn.c.obj)
                0x000000000000f8f0                bt_conn_get_pkts
 .text.bt_conn_new
                0x000000000000f8f8       0x5c zephyr/subsys/bluetooth/host/libsubsys__bluetooth__host.a(conn.c.obj)
                0x000000000000f8f8                bt_conn_new
 .text.conn_cleanup
                0x000000000000f954       0x94 zephyr/subsys/bluetooth/host/libsubsys__bluetooth__host.a(conn.c.obj)
 .text.bt_conn_recv
                0x000000000000f9e8      0x138 zephyr/subsys/bluetooth/host/libsubsys__bluetooth__host.a(conn.c.obj)
                0x000000000000f9e8                bt_conn_recv
 .text.bt_conn_send_cb
                0x000000000000fb20       0xd0 zephyr/subsys/bluetooth/host/libsubsys__bluetooth__host.a(conn.c.obj)
                0x000000000000fb20                bt_conn_send_cb
 .text.bt_conn_prepare_events
                0x000000000000fbf0       0x74 zephyr/subsys/bluetooth/host/libsubsys__bluetooth__host.a(conn.c.obj)
                0x000000000000fbf0                bt_conn_prepare_events
 .text.bt_conn_ref
                0x000000000000fc64       0x50 zephyr/subsys/bluetooth/host/libsubsys__bluetooth__host.a(conn.c.obj)
                0x000000000000fc64                bt_conn_ref
 .text.bt_conn_unref
                0x000000000000fcb4       0x60 zephyr/subsys/bluetooth/host/libsubsys__bluetooth__host.a(conn.c.obj)
                0x000000000000fcb4                bt_conn_unref
 .text.bt_conn_lookup_handle
                0x000000000000fd14       0x10 zephyr/subsys/bluetooth/host/libsubsys__bluetooth__host.a(conn.c.obj)
                0x000000000000fd14                bt_conn_lookup_handle
 .text.bt_conn_set_state
                0x000000000000fd24      0x1e0 zephyr/subsys/bluetooth/host/libsubsys__bluetooth__host.a(conn.c.obj)
                0x000000000000fd24                bt_conn_set_state
 .text.bt_conn_index
                0x000000000000ff04       0x4c zephyr/subsys/bluetooth/host/libsubsys__bluetooth__host.a(conn.c.obj)
                0x000000000000ff04                bt_conn_index
 .text.bt_conn_create_pdu_timeout
                0x000000000000ff50       0x7c zephyr/subsys/bluetooth/host/libsubsys__bluetooth__host.a(conn.c.obj)
                0x000000000000ff50                bt_conn_create_pdu_timeout
 .text.notify_le_param_updated
                0x000000000000ffcc       0xb8 zephyr/subsys/bluetooth/host/libsubsys__bluetooth__host.a(conn.c.obj)
                0x000000000000ffcc                notify_le_param_updated
 .text.le_param_req
                0x0000000000010084       0xa4 zephyr/subsys/bluetooth/host/libsubsys__bluetooth__host.a(conn.c.obj)
                0x0000000000010084                le_param_req
 .text.bt_conn_cb_register
                0x0000000000010128       0x10 zephyr/subsys/bluetooth/host/libsubsys__bluetooth__host.a(conn.c.obj)
                0x0000000000010128                bt_conn_cb_register
 .text.bt_conn_add_le
                0x0000000000010138       0x34 zephyr/subsys/bluetooth/host/libsubsys__bluetooth__host.a(conn.c.obj)
                0x0000000000010138                bt_conn_add_le
 .text.bt_conn_lookup_addr_le
                0x000000000001016c       0x34 zephyr/subsys/bluetooth/host/libsubsys__bluetooth__host.a(conn.c.obj)
                0x000000000001016c                bt_conn_lookup_addr_le
 .text.bt_conn_exists_le
                0x00000000000101a0       0x60 zephyr/subsys/bluetooth/host/libsubsys__bluetooth__host.a(conn.c.obj)
                0x00000000000101a0                bt_conn_exists_le
 .text.bt_conn_lookup_state_le
                0x0000000000010200       0x44 zephyr/subsys/bluetooth/host/libsubsys__bluetooth__host.a(conn.c.obj)
                0x0000000000010200                bt_conn_lookup_state_le
 .text.send_conn_le_param_update
                0x0000000000010244       0x68 zephyr/subsys/bluetooth/host/libsubsys__bluetooth__host.a(conn.c.obj)
 .text.deferred_work
                0x00000000000102ac       0xe0 zephyr/subsys/bluetooth/host/libsubsys__bluetooth__host.a(conn.c.obj)
 .text.bt_conn_create_frag_timeout
                0x000000000001038c        0xc zephyr/subsys/bluetooth/host/libsubsys__bluetooth__host.a(conn.c.obj)
                0x000000000001038c                bt_conn_create_frag_timeout
 .text.create_frag
                0x0000000000010398       0x6c zephyr/subsys/bluetooth/host/libsubsys__bluetooth__host.a(conn.c.obj)
 .text.bt_conn_process_tx
                0x0000000000010404       0xd8 zephyr/subsys/bluetooth/host/libsubsys__bluetooth__host.a(conn.c.obj)
                0x0000000000010404                bt_conn_process_tx
 .text.bt_conn_lookup_index
                0x00000000000104dc       0x10 zephyr/subsys/bluetooth/host/libsubsys__bluetooth__host.a(conn.c.obj)
                0x00000000000104dc                bt_conn_lookup_index
 .text.bt_conn_init
                0x00000000000104ec       0x44 zephyr/subsys/bluetooth/host/libsubsys__bluetooth__host.a(conn.c.obj)
                0x00000000000104ec                bt_conn_init
 .text.l2cap_create_le_sig_pdu.part.0
                0x0000000000010530       0x2c zephyr/subsys/bluetooth/host/libsubsys__bluetooth__host.a(l2cap.c.obj)
 .text.l2cap_accept.part.0
                0x000000000001055c       0x30 zephyr/subsys/bluetooth/host/libsubsys__bluetooth__host.a(l2cap.c.obj)
 .text.l2cap_accept
                0x000000000001058c       0x1c zephyr/subsys/bluetooth/host/libsubsys__bluetooth__host.a(l2cap.c.obj)
 .text.bt_l2cap_connected
                0x00000000000105a8       0xbc zephyr/subsys/bluetooth/host/libsubsys__bluetooth__host.a(l2cap.c.obj)
                0x00000000000105a8                bt_l2cap_connected
 .text.l2cap_recv
                0x0000000000010664       0xec zephyr/subsys/bluetooth/host/libsubsys__bluetooth__host.a(l2cap.c.obj)
 .text.bt_l2cap_recv
                0x0000000000010750       0x7c zephyr/subsys/bluetooth/host/libsubsys__bluetooth__host.a(l2cap.c.obj)
                0x0000000000010750                bt_l2cap_recv
 .text.bt_l2cap_update_conn_param
                0x00000000000107cc       0x64 zephyr/subsys/bluetooth/host/libsubsys__bluetooth__host.a(l2cap.c.obj)
                0x00000000000107cc                bt_l2cap_update_conn_param
 .text.att_op_get_type
                0x0000000000010830       0x74 zephyr/subsys/bluetooth/host/libsubsys__bluetooth__host.a(att.c.obj)
 .text.bt_att_released
                0x00000000000108a4       0x18 zephyr/subsys/bluetooth/host/libsubsys__bluetooth__host.a(att.c.obj)
 .text.tx_meta_data_free
                0x00000000000108bc       0x40 zephyr/subsys/bluetooth/host/libsubsys__bluetooth__host.a(att.c.obj)
 .text.find_type_cb
                0x00000000000108fc      0x180 zephyr/subsys/bluetooth/host/libsubsys__bluetooth__host.a(att.c.obj)
 .text.chan_send
                0x0000000000010a7c       0xe8 zephyr/subsys/bluetooth/host/libsubsys__bluetooth__host.a(att.c.obj)
 .text.bt_att_chan_req_send
                0x0000000000010b64       0x84 zephyr/subsys/bluetooth/host/libsubsys__bluetooth__host.a(att.c.obj)
 .text.att_get  0x0000000000010be8       0x88 zephyr/subsys/bluetooth/host/libsubsys__bluetooth__host.a(att.c.obj)
 .text.bt_att_connected
                0x0000000000010c70       0x3c zephyr/subsys/bluetooth/host/libsubsys__bluetooth__host.a(att.c.obj)
 .text.read_group_cb
                0x0000000000010cac       0xac zephyr/subsys/bluetooth/host/libsubsys__bluetooth__host.a(att.c.obj)
 .text.read_type_cb
                0x0000000000010d58       0xa0 zephyr/subsys/bluetooth/host/libsubsys__bluetooth__host.a(att.c.obj)
 .text.bt_att_accept
                0x0000000000010df8      0x110 zephyr/subsys/bluetooth/host/libsubsys__bluetooth__host.a(att.c.obj)
 .text.bt_att_chan_create_pdu
                0x0000000000010f08       0xd4 zephyr/subsys/bluetooth/host/libsubsys__bluetooth__host.a(att.c.obj)
                0x0000000000010f08                bt_att_chan_create_pdu
 .text.bt_att_recv
                0x0000000000010fdc      0x160 zephyr/subsys/bluetooth/host/libsubsys__bluetooth__host.a(att.c.obj)
 .text.att_write_rsp.constprop.0
                0x000000000001113c       0xc8 zephyr/subsys/bluetooth/host/libsubsys__bluetooth__host.a(att.c.obj)
 .text.bt_att_create_pdu
                0x0000000000011204       0x74 zephyr/subsys/bluetooth/host/libsubsys__bluetooth__host.a(att.c.obj)
                0x0000000000011204                bt_att_create_pdu
 .text.att_read_group_req
                0x0000000000011278       0xfc zephyr/subsys/bluetooth/host/libsubsys__bluetooth__host.a(att.c.obj)
 .text.att_read_mult_vl_req
                0x0000000000011374       0xa8 zephyr/subsys/bluetooth/host/libsubsys__bluetooth__host.a(att.c.obj)
 .text.att_read_mult_req
                0x000000000001141c       0xa8 zephyr/subsys/bluetooth/host/libsubsys__bluetooth__host.a(att.c.obj)
 .text.att_read_rsp
                0x00000000000114c4       0xa0 zephyr/subsys/bluetooth/host/libsubsys__bluetooth__host.a(att.c.obj)
 .text.att_read_type_req
                0x0000000000011564       0xc4 zephyr/subsys/bluetooth/host/libsubsys__bluetooth__host.a(att.c.obj)
 .text.att_find_type_req
                0x0000000000011628       0xd0 zephyr/subsys/bluetooth/host/libsubsys__bluetooth__host.a(att.c.obj)
 .text.att_find_info_req
                0x00000000000116f8       0x78 zephyr/subsys/bluetooth/host/libsubsys__bluetooth__host.a(att.c.obj)
 .text.bt_att_init
                0x0000000000011770       0x38 zephyr/subsys/bluetooth/host/libsubsys__bluetooth__host.a(att.c.obj)
                0x0000000000011770                bt_att_init
 .text.bt_att_req_alloc
                0x00000000000117a8       0x44 zephyr/subsys/bluetooth/host/libsubsys__bluetooth__host.a(att.c.obj)
                0x00000000000117a8                bt_att_req_alloc
 .text.bt_att_req_free
                0x00000000000117ec       0x30 zephyr/subsys/bluetooth/host/libsubsys__bluetooth__host.a(att.c.obj)
                0x00000000000117ec                bt_att_req_free
 .text.att_handle_rsp
                0x000000000001181c       0x90 zephyr/subsys/bluetooth/host/libsubsys__bluetooth__host.a(att.c.obj)
 .text.bt_att_disconnected
                0x00000000000118ac       0xc8 zephyr/subsys/bluetooth/host/libsubsys__bluetooth__host.a(att.c.obj)
 .text.att_timeout
                0x0000000000011974       0x30 zephyr/subsys/bluetooth/host/libsubsys__bluetooth__host.a(att.c.obj)
 .text.bt_att_send
                0x00000000000119a4       0xbc zephyr/subsys/bluetooth/host/libsubsys__bluetooth__host.a(att.c.obj)
                0x00000000000119a4                bt_att_send
 .text.bt_att_req_send
                0x0000000000011a60       0x6c zephyr/subsys/bluetooth/host/libsubsys__bluetooth__host.a(att.c.obj)
                0x0000000000011a60                bt_att_req_send
 .text.find_cf_cfg
                0x0000000000011acc       0x30 zephyr/subsys/bluetooth/host/libsubsys__bluetooth__host.a(gatt.c.obj)
 .text.find_sc_cfg
                0x0000000000011afc       0x20 zephyr/subsys/bluetooth/host/libsubsys__bluetooth__host.a(gatt.c.obj)
 .text.find_ccc_cfg
                0x0000000000011b1c       0x28 zephyr/subsys/bluetooth/host/libsubsys__bluetooth__host.a(gatt.c.obj)
 .text.bt_gatt_attr_write_ccc
                0x0000000000011b44       0xc8 zephyr/subsys/bluetooth/host/libsubsys__bluetooth__host.a(gatt.c.obj)
                0x0000000000011b44                bt_gatt_attr_write_ccc
 .text.clear_cf_cfg
                0x0000000000011c0c       0x30 zephyr/subsys/bluetooth/host/libsubsys__bluetooth__host.a(gatt.c.obj)
 .text.sc_save  0x0000000000011c3c       0x6c zephyr/subsys/bluetooth/host/libsubsys__bluetooth__host.a(gatt.c.obj)
 .text.cf_write
                0x0000000000011ca8       0xa8 zephyr/subsys/bluetooth/host/libsubsys__bluetooth__host.a(gatt.c.obj)
 .text.disconnected_cb
                0x0000000000011d50       0xa0 zephyr/subsys/bluetooth/host/libsubsys__bluetooth__host.a(gatt.c.obj)
 .text.read_ppcp
                0x0000000000011df0       0x38 zephyr/subsys/bluetooth/host/libsubsys__bluetooth__host.a(gatt.c.obj)
 .text.sc_indicate_rsp
                0x0000000000011e28       0x50 zephyr/subsys/bluetooth/host/libsubsys__bluetooth__host.a(gatt.c.obj)
 .text.bt_gatt_init
                0x0000000000011e78       0xd0 zephyr/subsys/bluetooth/host/libsubsys__bluetooth__host.a(gatt.c.obj)
                0x0000000000011e78                bt_gatt_init
 .text.bt_gatt_attr_get_handle
                0x0000000000011f48       0x90 zephyr/subsys/bluetooth/host/libsubsys__bluetooth__host.a(gatt.c.obj)
                0x0000000000011f48                bt_gatt_attr_get_handle
 .text.bt_gatt_foreach_attr_type
                0x0000000000011fd8       0xe0 zephyr/subsys/bluetooth/host/libsubsys__bluetooth__host.a(gatt.c.obj)
                0x0000000000011fd8                bt_gatt_foreach_attr_type
 .text.db_hash_gen.constprop.0
                0x00000000000120b8       0x94 zephyr/subsys/bluetooth/host/libsubsys__bluetooth__host.a(gatt.c.obj)
 .text.db_hash_read
                0x000000000001214c       0x74 zephyr/subsys/bluetooth/host/libsubsys__bluetooth__host.a(gatt.c.obj)
 .text.bt_gatt_attr_next
                0x00000000000121c0       0x24 zephyr/subsys/bluetooth/host/libsubsys__bluetooth__host.a(gatt.c.obj)
                0x00000000000121c0                bt_gatt_attr_next
 .text.bt_gatt_is_subscribed
                0x00000000000121e4      0x194 zephyr/subsys/bluetooth/host/libsubsys__bluetooth__host.a(gatt.c.obj)
                0x00000000000121e4                bt_gatt_is_subscribed
 .text.gatt_indicate
                0x0000000000012378      0x100 zephyr/subsys/bluetooth/host/libsubsys__bluetooth__host.a(gatt.c.obj)
 .text.bt_gatt_indicate
                0x0000000000012478      0x144 zephyr/subsys/bluetooth/host/libsubsys__bluetooth__host.a(gatt.c.obj)
                0x0000000000012478                bt_gatt_indicate
 .text.sc_process
                0x00000000000125bc       0x98 zephyr/subsys/bluetooth/host/libsubsys__bluetooth__host.a(gatt.c.obj)
 .text.update_ccc
                0x0000000000012654       0xec zephyr/subsys/bluetooth/host/libsubsys__bluetooth__host.a(gatt.c.obj)
 .text.gatt_notify
                0x0000000000012740       0xd4 zephyr/subsys/bluetooth/host/libsubsys__bluetooth__host.a(gatt.c.obj)
 .text.notify_cb
                0x0000000000012814      0x118 zephyr/subsys/bluetooth/host/libsubsys__bluetooth__host.a(gatt.c.obj)
 .text.bt_gatt_connected
                0x000000000001292c       0x20 zephyr/subsys/bluetooth/host/libsubsys__bluetooth__host.a(gatt.c.obj)
                0x000000000001292c                bt_gatt_connected
 .text.bt_gatt_att_max_mtu_changed
                0x000000000001294c       0x28 zephyr/subsys/bluetooth/host/libsubsys__bluetooth__host.a(gatt.c.obj)
                0x000000000001294c                bt_gatt_att_max_mtu_changed
 .text.bt_gatt_disconnected
                0x0000000000012974       0x48 zephyr/subsys/bluetooth/host/libsubsys__bluetooth__host.a(gatt.c.obj)
                0x0000000000012974                bt_gatt_disconnected
 .text.bt_smp_accept.part.0
                0x00000000000129bc       0x30 zephyr/subsys/bluetooth/host/libsubsys__bluetooth__host.a(smp_null.c.obj)
 .text.bt_smp_accept
                0x00000000000129ec       0x1c zephyr/subsys/bluetooth/host/libsubsys__bluetooth__host.a(smp_null.c.obj)
 .text.net_buf_pool_get
                0x0000000000012a08       0x10 zephyr/subsys/net/libsubsys__net.a(buf.c.obj)
                0x0000000000012a08                net_buf_pool_get
 .text.net_buf_id
                0x0000000000012a18       0x24 zephyr/subsys/net/libsubsys__net.a(buf.c.obj)
                0x0000000000012a18                net_buf_id
 .text.fixed_data_alloc
                0x0000000000012a3c       0x30 zephyr/subsys/net/libsubsys__net.a(buf.c.obj)
 .text.net_buf_alloc_len
                0x0000000000012a6c      0x1ec zephyr/subsys/net/libsubsys__net.a(buf.c.obj)
                0x0000000000012a6c                net_buf_alloc_len
 .text.net_buf_get
                0x0000000000012c58       0x5c zephyr/subsys/net/libsubsys__net.a(buf.c.obj)
                0x0000000000012c58                net_buf_get
 .text.net_buf_simple_reserve
                0x0000000000012cb4       0x4c zephyr/subsys/net/libsubsys__net.a(buf.c.obj)
                0x0000000000012cb4                net_buf_simple_reserve
 .text.net_buf_slist_put
                0x0000000000012d00       0xe0 zephyr/subsys/net/libsubsys__net.a(buf.c.obj)
                0x0000000000012d00                net_buf_slist_put
 .text.net_buf_slist_get
                0x0000000000012de0       0xfc zephyr/subsys/net/libsubsys__net.a(buf.c.obj)
                0x0000000000012de0                net_buf_slist_get
 .text.net_buf_put
                0x0000000000012edc       0x60 zephyr/subsys/net/libsubsys__net.a(buf.c.obj)
                0x0000000000012edc                net_buf_put
 .text.net_buf_unref
                0x0000000000012f3c       0x88 zephyr/subsys/net/libsubsys__net.a(buf.c.obj)
                0x0000000000012f3c                net_buf_unref
 .text.net_buf_ref
                0x0000000000012fc4       0x30 zephyr/subsys/net/libsubsys__net.a(buf.c.obj)
                0x0000000000012fc4                net_buf_ref
 .text.net_buf_frag_last
                0x0000000000012ff4       0x34 zephyr/subsys/net/libsubsys__net.a(buf.c.obj)
                0x0000000000012ff4                net_buf_frag_last
 .text.net_buf_frag_insert
                0x0000000000013028       0x58 zephyr/subsys/net/libsubsys__net.a(buf.c.obj)
                0x0000000000013028                net_buf_frag_insert
 .text.net_buf_frag_add
                0x0000000000013080       0x48 zephyr/subsys/net/libsubsys__net.a(buf.c.obj)
                0x0000000000013080                net_buf_frag_add
 .text.net_buf_simple_push
                0x00000000000130c8       0x40 zephyr/subsys/net/libsubsys__net.a(buf.c.obj)
                0x00000000000130c8                net_buf_simple_push
 .text.net_buf_simple_pull
                0x0000000000013108       0x3c zephyr/subsys/net/libsubsys__net.a(buf.c.obj)
                0x0000000000013108                net_buf_simple_pull
 .text.net_buf_simple_pull_mem
                0x0000000000013144       0x3c zephyr/subsys/net/libsubsys__net.a(buf.c.obj)
                0x0000000000013144                net_buf_simple_pull_mem
 .text.net_buf_simple_add
                0x0000000000013180       0x40 zephyr/subsys/net/libsubsys__net.a(buf.c.obj)
                0x0000000000013180                net_buf_simple_add
 .text.xoshiro128_initialize
                0x00000000000131c0       0x18 zephyr/subsys/random/libsubsys__random.a(rand32_xoshiro128.c.obj)
 .text.onoff_start
                0x00000000000131d8       0x3c zephyr/drivers/clock_control/libdrivers__clock_control.a(clock_control_nrf.c.obj)
 .text.get_status
                0x0000000000013214       0x3c zephyr/drivers/clock_control/libdrivers__clock_control.a(clock_control_nrf.c.obj)
 .text.stop     0x0000000000013250       0x80 zephyr/drivers/clock_control/libdrivers__clock_control.a(clock_control_nrf.c.obj)
 .text.onoff_stop
                0x00000000000132d0       0x28 zephyr/drivers/clock_control/libdrivers__clock_control.a(clock_control_nrf.c.obj)
 .text.clk_init
                0x00000000000132f8       0x64 zephyr/drivers/clock_control/libdrivers__clock_control.a(clock_control_nrf.c.obj)
 .text.clkstarted_handle.constprop.0
                0x000000000001335c       0x38 zephyr/drivers/clock_control/libdrivers__clock_control.a(clock_control_nrf.c.obj)
 .text.clock_event_handler
                0x0000000000013394       0x70 zephyr/drivers/clock_control/libdrivers__clock_control.a(clock_control_nrf.c.obj)
 .text.generic_hfclk_start
                0x0000000000013404       0x64 zephyr/drivers/clock_control/libdrivers__clock_control.a(clock_control_nrf.c.obj)
 .text.api_blocking_start
                0x0000000000013468       0x3c zephyr/drivers/clock_control/libdrivers__clock_control.a(clock_control_nrf.c.obj)
 .text.generic_hfclk_stop
                0x00000000000134a4       0x24 zephyr/drivers/clock_control/libdrivers__clock_control.a(clock_control_nrf.c.obj)
 .text.z_nrf_clock_control_lf_on
                0x00000000000134c8      0x138 zephyr/drivers/clock_control/libdrivers__clock_control.a(clock_control_nrf.c.obj)
                0x00000000000134c8                z_nrf_clock_control_lf_on
 .text.uart_console_init
                0x0000000000013600       0x28 zephyr/drivers/console/libdrivers__console.a(uart_console.c.obj)
 .text.console_out
                0x0000000000013628       0x28 zephyr/drivers/console/libdrivers__console.a(uart_console.c.obj)
 .text.gpio_nrfx_manage_callback
                0x0000000000013650       0xa0 zephyr/drivers/gpio/libdrivers__gpio.a(gpio_nrfx.c.obj)
 .text.gpio_nrfx_pin_interrupt_configure
                0x00000000000136f0      0x110 zephyr/drivers/gpio/libdrivers__gpio.a(gpio_nrfx.c.obj)
 .text.gpio_nrfx_init
                0x0000000000013800       0x38 zephyr/drivers/gpio/libdrivers__gpio.a(gpio_nrfx.c.obj)
 .text.nrfx_gpio_handler
                0x0000000000013838       0x78 zephyr/drivers/gpio/libdrivers__gpio.a(gpio_nrfx.c.obj)
 .text.gpio_nrfx_pin_configure
                0x00000000000138b0      0x164 zephyr/drivers/gpio/libdrivers__gpio.a(gpio_nrfx.c.obj)
 .text.pwm_nrfx_get_cycles_per_sec
                0x0000000000013a14       0x10 zephyr/drivers/pwm/libdrivers__pwm.a(pwm_nrfx.c.obj)
 .text.nrf_gpio_pin_port_decode
                0x0000000000013a24       0x5c zephyr/drivers/pwm/libdrivers__pwm.a(pwm_nrfx.c.obj)
 .text.pwm_nrfx_init
                0x0000000000013a80       0xf0 zephyr/drivers/pwm/libdrivers__pwm.a(pwm_nrfx.c.obj)
 .text.pwm_nrfx_set_cycles
                0x0000000000013b70      0x198 zephyr/drivers/pwm/libdrivers__pwm.a(pwm_nrfx.c.obj)
 .text.uarte_nrfx_configure
                0x0000000000013d08      0x17c zephyr/drivers/serial/libdrivers__serial.a(uart_nrfx_uarte.c.obj)
 .text.uarte_0_init
                0x0000000000013e84      0x134 zephyr/drivers/serial/libdrivers__serial.a(uart_nrfx_uarte.c.obj)
 .text.uarte_nrfx_poll_out
                0x0000000000013fb8       0xcc zephyr/drivers/serial/libdrivers__serial.a(uart_nrfx_uarte.c.obj)
 .text.bt_rpmsg_send
                0x0000000000014084       0x78 zephyr/drivers/bluetooth/libdrivers__bluetooth.a(rpmsg.c.obj)
 .text.bt_rpmsg_init
                0x00000000000140fc       0x40 zephyr/drivers/bluetooth/libdrivers__bluetooth.a(rpmsg.c.obj)
 .text.hci_ept_bound
                0x000000000001413c        0xc zephyr/drivers/bluetooth/libdrivers__bluetooth.a(rpmsg.c.obj)
 .text.bt_rpmsg_open
                0x0000000000014148       0x8c zephyr/drivers/bluetooth/libdrivers__bluetooth.a(rpmsg.c.obj)
 .text.hci_ept_recv
                0x00000000000141d4      0x214 zephyr/drivers/bluetooth/libdrivers__bluetooth.a(rpmsg.c.obj)
 .text.entropy_cc3xx_rng_get_entropy
                0x00000000000143e8       0x4c zephyr/drivers/entropy/libdrivers__entropy.a(entropy_cc3xx.c.obj)
 .text.compare_int_lock
                0x0000000000014434       0x40 zephyr/drivers/timer/libdrivers__timer.a(nrf_rtc_timer.c.obj)
 .text.sys_clock_timeout_handler
                0x0000000000014474       0x80 zephyr/drivers/timer/libdrivers__timer.a(nrf_rtc_timer.c.obj)
 .text.compare_int_unlock
                0x00000000000144f4       0x4c zephyr/drivers/timer/libdrivers__timer.a(nrf_rtc_timer.c.obj)
 .text.z_nrf_rtc_timer_compare_evt_address_get
                0x0000000000014540       0x34 zephyr/drivers/timer/libdrivers__timer.a(nrf_rtc_timer.c.obj)
                0x0000000000014540                z_nrf_rtc_timer_compare_evt_address_get
 .text.z_nrf_rtc_timer_capture_task_address_get
                0x0000000000014574       0x34 zephyr/drivers/timer/libdrivers__timer.a(nrf_rtc_timer.c.obj)
                0x0000000000014574                z_nrf_rtc_timer_capture_task_address_get
 .text.z_nrf_rtc_timer_compare_read
                0x00000000000145a8       0x38 zephyr/drivers/timer/libdrivers__timer.a(nrf_rtc_timer.c.obj)
                0x00000000000145a8                z_nrf_rtc_timer_compare_read
 .text.z_nrf_rtc_timer_read
                0x00000000000145e0       0x44 zephyr/drivers/timer/libdrivers__timer.a(nrf_rtc_timer.c.obj)
                0x00000000000145e0                z_nrf_rtc_timer_read
 .text.compare_set
                0x0000000000014624      0x140 zephyr/drivers/timer/libdrivers__timer.a(nrf_rtc_timer.c.obj)
 .text.z_nrf_rtc_timer_set
                0x0000000000014764       0x34 zephyr/drivers/timer/libdrivers__timer.a(nrf_rtc_timer.c.obj)
                0x0000000000014764                z_nrf_rtc_timer_set
 .text.sys_clock_driver_init
                0x0000000000014798       0x94 zephyr/drivers/timer/libdrivers__timer.a(nrf_rtc_timer.c.obj)
 .text.rtc_nrf_isr
                0x000000000001482c      0x118 zephyr/drivers/timer/libdrivers__timer.a(nrf_rtc_timer.c.obj)
                0x000000000001482c                rtc_nrf_isr
 .text.z_nrf_rtc_timer_chan_alloc
                0x0000000000014944       0x3c zephyr/drivers/timer/libdrivers__timer.a(nrf_rtc_timer.c.obj)
                0x0000000000014944                z_nrf_rtc_timer_chan_alloc
 .text.z_nrf_rtc_timer_chan_free
                0x0000000000014980       0x44 zephyr/drivers/timer/libdrivers__timer.a(nrf_rtc_timer.c.obj)
                0x0000000000014980                z_nrf_rtc_timer_chan_free
 .text.sys_clock_set_timeout
                0x00000000000149c4       0x60 zephyr/drivers/timer/libdrivers__timer.a(nrf_rtc_timer.c.obj)
                0x00000000000149c4                sys_clock_set_timeout
 .text.sys_clock_elapsed
                0x0000000000014a24       0x14 zephyr/drivers/timer/libdrivers__timer.a(nrf_rtc_timer.c.obj)
                0x0000000000014a24                sys_clock_elapsed
 .text.nrf_gpio_pin_port_decode
                0x0000000000014a38       0x5c zephyr/drivers/pinctrl/libdrivers__pinctrl.a(pinctrl_nrf.c.obj)
 .text.mbox_nrf_init
                0x0000000000014a94       0xb4 zephyr/drivers/mbox/libdrivers__mbox.a(mbox_nrfx_ipc.c.obj)
 .text.mbox_nrf_set_enabled
                0x0000000000014b48       0xa0 zephyr/drivers/mbox/libdrivers__mbox.a(mbox_nrfx_ipc.c.obj)
 .text.mbox_nrf_send
                0x0000000000014be8       0x54 zephyr/drivers/mbox/libdrivers__mbox.a(mbox_nrfx_ipc.c.obj)
 .text.mbox_dispatcher
                0x0000000000014c3c       0x7c zephyr/drivers/mbox/libdrivers__mbox.a(mbox_nrfx_ipc.c.obj)
 .text.z_impl_gpio_pin_configure
                0x0000000000014cb8      0x15c modules/nrf/lib/dk_buttons_and_leds/lib..__nrf__lib__dk_buttons_and_leds.a(dk_buttons_and_leds.c.obj)
 .text.gpio_pin_set
                0x0000000000014e14       0x5c modules/nrf/lib/dk_buttons_and_leds/lib..__nrf__lib__dk_buttons_and_leds.a(dk_buttons_and_leds.c.obj)
 .text.dk_set_leds_state.part.0
                0x0000000000014e70       0x68 modules/nrf/lib/dk_buttons_and_leds/lib..__nrf__lib__dk_buttons_and_leds.a(dk_buttons_and_leds.c.obj)
 .text.dk_leds_init
                0x0000000000014ed8       0x58 modules/nrf/lib/dk_buttons_and_leds/lib..__nrf__lib__dk_buttons_and_leds.a(dk_buttons_and_leds.c.obj)
                0x0000000000014ed8                dk_leds_init
 .text.dk_set_led
                0x0000000000014f30       0x64 modules/nrf/lib/dk_buttons_and_leds/lib..__nrf__lib__dk_buttons_and_leds.a(dk_buttons_and_leds.c.obj)
                0x0000000000014f30                dk_set_led
 .text.k_sys_fatal_error_handler
                0x0000000000014f94       0x2c modules/nrf/lib/fatal_error/lib..__nrf__lib__fatal_error.a(fatal_error.c.obj)
                0x0000000000014f94                k_sys_fatal_error_handler
 .text.tfm_ns_interface_dispatch
                0x0000000000014fc0       0x64 modules/trusted-firmware-m/libtfm_api.a(interface.c.obj)
                0x0000000000014fc0                tfm_ns_interface_dispatch
 .text.psa_generate_random
                0x0000000000015024       0x44 modules/trusted-firmware-m/libtfm_api.a(tfm_crypto_ipc_api.c.obj)
                0x0000000000015024                psa_generate_random
 .text.psa_call
                0x0000000000015068       0x38 modules/trusted-firmware-m/libtfm_api.a(tfm_psa_ns_api.c.obj)
                0x0000000000015068                psa_call
 .text.psa_connect
                0x00000000000150a0       0x1c modules/trusted-firmware-m/libtfm_api.a(tfm_psa_ns_api.c.obj)
                0x00000000000150a0                psa_connect
 .text.psa_close
                0x00000000000150bc       0x1c modules/trusted-firmware-m/libtfm_api.a(tfm_psa_ns_api.c.obj)
                0x00000000000150bc                psa_close
 .text.SystemCoreClockUpdate
                0x00000000000150d8       0x20 modules/hal_nordic/nrfx/libmodules__hal_nordic__nrfx.a(system_nrf5340_application.c.obj)
                0x00000000000150d8                SystemCoreClockUpdate
 .text.nrfx_flag32_alloc
                0x00000000000150f8       0x38 modules/hal_nordic/nrfx/libmodules__hal_nordic__nrfx.a(nrfx_flag32_allocator.c.obj)
                0x00000000000150f8                nrfx_flag32_alloc
 .text.nrfx_flag32_free
                0x0000000000015130       0x38 modules/hal_nordic/nrfx/libmodules__hal_nordic__nrfx.a(nrfx_flag32_allocator.c.obj)
                0x0000000000015130                nrfx_flag32_free
 .text.clock_stop
                0x0000000000015168      0x1a4 modules/hal_nordic/nrfx/libmodules__hal_nordic__nrfx.a(nrfx_clock.c.obj)
 .text.nrfx_clock_init
                0x000000000001530c       0x48 modules/hal_nordic/nrfx/libmodules__hal_nordic__nrfx.a(nrfx_clock.c.obj)
                0x000000000001530c                nrfx_clock_init
 .text.nrfx_clock_enable
                0x0000000000015354       0x54 modules/hal_nordic/nrfx/libmodules__hal_nordic__nrfx.a(nrfx_clock.c.obj)
                0x0000000000015354                nrfx_clock_enable
 .text.nrfx_clock_start
                0x00000000000153a8       0xfc modules/hal_nordic/nrfx/libmodules__hal_nordic__nrfx.a(nrfx_clock.c.obj)
                0x00000000000153a8                nrfx_clock_start
 .text.nrfx_clock_stop
                0x00000000000154a4       0x38 modules/hal_nordic/nrfx/libmodules__hal_nordic__nrfx.a(nrfx_clock.c.obj)
                0x00000000000154a4                nrfx_clock_stop
 .text.nrfx_power_clock_irq_handler
                0x00000000000154dc       0xac modules/hal_nordic/nrfx/libmodules__hal_nordic__nrfx.a(nrfx_clock.c.obj)
                0x00000000000154dc                nrfx_power_clock_irq_handler
 .text.nrfx_dppi_channel_alloc
                0x0000000000015588        0xc modules/hal_nordic/nrfx/libmodules__hal_nordic__nrfx.a(nrfx_dppi.c.obj)
                0x0000000000015588                nrfx_dppi_channel_alloc
 .text.nrfx_dppi_channel_free
                0x0000000000015594       0x1c modules/hal_nordic/nrfx/libmodules__hal_nordic__nrfx.a(nrfx_dppi.c.obj)
                0x0000000000015594                nrfx_dppi_channel_free
 .text.pin_in_use_by_te
                0x00000000000155b0       0x14 modules/hal_nordic/nrfx/libmodules__hal_nordic__nrfx.a(nrfx_gpiote.c.obj)
 .text.pin_has_trigger
                0x00000000000155c4       0x18 modules/hal_nordic/nrfx/libmodules__hal_nordic__nrfx.a(nrfx_gpiote.c.obj)
 .text.pin_is_output
                0x00000000000155dc       0x14 modules/hal_nordic/nrfx/libmodules__hal_nordic__nrfx.a(nrfx_gpiote.c.obj)
 .text.call_handler
                0x00000000000155f0       0x3c modules/hal_nordic/nrfx/libmodules__hal_nordic__nrfx.a(nrfx_gpiote.c.obj)
 .text.release_handler
                0x000000000001562c       0x7c modules/hal_nordic/nrfx/libmodules__hal_nordic__nrfx.a(nrfx_gpiote.c.obj)
 .text.pin_handler_trigger_uninit
                0x00000000000156a8       0x3c modules/hal_nordic/nrfx/libmodules__hal_nordic__nrfx.a(nrfx_gpiote.c.obj)
 .text.nrf_gpio_pin_port_decode
                0x00000000000156e4       0x68 modules/hal_nordic/nrfx/libmodules__hal_nordic__nrfx.a(nrfx_gpiote.c.obj)
 .text.nrfx_gpiote_input_configure
                0x000000000001574c      0x150 modules/hal_nordic/nrfx/libmodules__hal_nordic__nrfx.a(nrfx_gpiote.c.obj)
                0x000000000001574c                nrfx_gpiote_input_configure
 .text.nrfx_gpiote_output_configure
                0x000000000001589c       0xf0 modules/hal_nordic/nrfx/libmodules__hal_nordic__nrfx.a(nrfx_gpiote.c.obj)
                0x000000000001589c                nrfx_gpiote_output_configure
 .text.nrfx_gpiote_global_callback_set
                0x000000000001598c        0xc modules/hal_nordic/nrfx/libmodules__hal_nordic__nrfx.a(nrfx_gpiote.c.obj)
                0x000000000001598c                nrfx_gpiote_global_callback_set
 .text.nrfx_gpiote_channel_get
                0x0000000000015998       0x50 modules/hal_nordic/nrfx/libmodules__hal_nordic__nrfx.a(nrfx_gpiote.c.obj)
                0x0000000000015998                nrfx_gpiote_channel_get
 .text.nrfx_gpiote_init
                0x00000000000159e8       0x50 modules/hal_nordic/nrfx/libmodules__hal_nordic__nrfx.a(nrfx_gpiote.c.obj)
                0x00000000000159e8                nrfx_gpiote_init
 .text.nrfx_gpiote_is_init
                0x0000000000015a38       0x14 modules/hal_nordic/nrfx/libmodules__hal_nordic__nrfx.a(nrfx_gpiote.c.obj)
                0x0000000000015a38                nrfx_gpiote_is_init
 .text.nrfx_gpiote_channel_free
                0x0000000000015a4c        0xc modules/hal_nordic/nrfx/libmodules__hal_nordic__nrfx.a(nrfx_gpiote.c.obj)
                0x0000000000015a4c                nrfx_gpiote_channel_free
 .text.nrfx_gpiote_channel_alloc
                0x0000000000015a58        0xc modules/hal_nordic/nrfx/libmodules__hal_nordic__nrfx.a(nrfx_gpiote.c.obj)
                0x0000000000015a58                nrfx_gpiote_channel_alloc
 .text.nrfx_gpiote_trigger_enable
                0x0000000000015a64       0xd4 modules/hal_nordic/nrfx/libmodules__hal_nordic__nrfx.a(nrfx_gpiote.c.obj)
                0x0000000000015a64                nrfx_gpiote_trigger_enable
 .text.nrfx_gpiote_trigger_disable
                0x0000000000015b38       0x54 modules/hal_nordic/nrfx/libmodules__hal_nordic__nrfx.a(nrfx_gpiote.c.obj)
                0x0000000000015b38                nrfx_gpiote_trigger_disable
 .text.nrfx_gpiote_pin_uninit
                0x0000000000015b8c       0x50 modules/hal_nordic/nrfx/libmodules__hal_nordic__nrfx.a(nrfx_gpiote.c.obj)
                0x0000000000015b8c                nrfx_gpiote_pin_uninit
 .text.nrfx_gpiote_irq_handler
                0x0000000000015bdc      0x1b4 modules/hal_nordic/nrfx/libmodules__hal_nordic__nrfx.a(nrfx_gpiote.c.obj)
                0x0000000000015bdc                nrfx_gpiote_irq_handler
 .text.nrfx_ipc_init
                0x0000000000015d90       0x30 modules/hal_nordic/nrfx/libmodules__hal_nordic__nrfx.a(nrfx_ipc.c.obj)
                0x0000000000015d90                nrfx_ipc_init
 .text.nrfx_ipc_config_load
                0x0000000000015dc0       0x84 modules/hal_nordic/nrfx/libmodules__hal_nordic__nrfx.a(nrfx_ipc.c.obj)
                0x0000000000015dc0                nrfx_ipc_config_load
 .text.nrfx_ipc_receive_event_enable
                0x0000000000015e44       0x3c modules/hal_nordic/nrfx/libmodules__hal_nordic__nrfx.a(nrfx_ipc.c.obj)
                0x0000000000015e44                nrfx_ipc_receive_event_enable
 .text.nrfx_ipc_receive_event_disable
                0x0000000000015e80       0x3c modules/hal_nordic/nrfx/libmodules__hal_nordic__nrfx.a(nrfx_ipc.c.obj)
                0x0000000000015e80                nrfx_ipc_receive_event_disable
 .text.nrfx_ipc_irq_handler
                0x0000000000015ebc       0x68 modules/hal_nordic/nrfx/libmodules__hal_nordic__nrfx.a(nrfx_ipc.c.obj)
                0x0000000000015ebc                nrfx_ipc_irq_handler
 .text.nrf_gpio_pin_port_decode
                0x0000000000015f24       0x5c modules/hal_nordic/nrfx/libmodules__hal_nordic__nrfx.a(nrfx_pwm.c.obj)
 .text.nrf_pwm_sequence_set
                0x0000000000015f80       0xd8 modules/hal_nordic/nrfx/libmodules__hal_nordic__nrfx.a(nrfx_pwm.c.obj)
 .text.nrfx_pwm_init
                0x0000000000016058      0x19c modules/hal_nordic/nrfx/libmodules__hal_nordic__nrfx.a(nrfx_pwm.c.obj)
                0x0000000000016058                nrfx_pwm_init
 .text.nrfx_pwm_simple_playback
                0x00000000000161f4       0xe8 modules/hal_nordic/nrfx/libmodules__hal_nordic__nrfx.a(nrfx_pwm.c.obj)
                0x00000000000161f4                nrfx_pwm_simple_playback
 .text.nrfx_pwm_is_stopped
                0x00000000000162dc       0x54 modules/hal_nordic/nrfx/libmodules__hal_nordic__nrfx.a(nrfx_pwm.c.obj)
                0x00000000000162dc                nrfx_pwm_is_stopped
 .text.nrfx_pwm_stop
                0x0000000000016330       0x64 modules/hal_nordic/nrfx/libmodules__hal_nordic__nrfx.a(nrfx_pwm.c.obj)
                0x0000000000016330                nrfx_pwm_stop
 .text.metal_generic_dev_open
                0x0000000000016394       0x40 modules/libmetal/libmetal/lib/libmetal.a(device.c.obj)
                0x0000000000016394                metal_generic_dev_open
 .text.metal_bus_unregister
                0x00000000000163d4       0x3c modules/libmetal/libmetal/lib/libmetal.a(device.c.obj)
                0x00000000000163d4                metal_bus_unregister
 .text.metal_bus_find
                0x0000000000016410       0x3c modules/libmetal/libmetal/lib/libmetal.a(device.c.obj)
                0x0000000000016410                metal_bus_find
 .text.metal_bus_register
                0x000000000001644c       0x68 modules/libmetal/libmetal/lib/libmetal.a(device.c.obj)
                0x000000000001644c                metal_bus_register
 .text.metal_device_close
                0x00000000000164b4       0x38 modules/libmetal/libmetal/lib/libmetal.a(device.c.obj)
                0x00000000000164b4                metal_device_close
 .text.metal_register_generic_device
                0x00000000000164ec       0x40 modules/libmetal/libmetal/lib/libmetal.a(device.c.obj)
                0x00000000000164ec                metal_register_generic_device
 .text.metal_init
                0x000000000001652c       0x40 modules/libmetal/libmetal/lib/libmetal.a(init.c.obj)
                0x000000000001652c                metal_init
 .text.metal_finish
                0x000000000001656c       0x18 modules/libmetal/libmetal/lib/libmetal.a(init.c.obj)
                0x000000000001656c                metal_finish
 .text.metal_sys_init
                0x0000000000016584       0x10 modules/libmetal/libmetal/lib/libmetal.a(init.c.obj)
                0x0000000000016584                metal_sys_init
 .text.metal_sys_finish
                0x0000000000016594        0xc modules/libmetal/libmetal/lib/libmetal.a(init.c.obj)
                0x0000000000016594                metal_sys_finish
 .text.metal_zephyr_log_handler
                0x00000000000165a0       0x3c modules/libmetal/libmetal/lib/libmetal.a(log.c.obj)
                0x00000000000165a0                metal_zephyr_log_handler
 .text.virtio_create_virtqueues
                0x00000000000165dc       0xa0 modules/open-amp/open-amp/lib/libopen_amp.a(virtio.c.obj)
                0x00000000000165dc                virtio_create_virtqueues
 .text.virtqueue_free
                0x000000000001667c       0x38 modules/open-amp/open-amp/lib/libopen_amp.a(virtqueue.c.obj)
                0x000000000001667c                virtqueue_free
 .text.virtqueue_add_consumed_buffer
                0x00000000000166b4       0x38 modules/open-amp/open-amp/lib/libopen_amp.a(virtqueue.c.obj)
                0x00000000000166b4                virtqueue_add_consumed_buffer
 .text.rpmsg_send_offchannel_raw
                0x00000000000166ec       0x24 modules/open-amp/open-amp/lib/libopen_amp.a(rpmsg.c.obj)
                0x00000000000166ec                rpmsg_send_offchannel_raw
 .text.rpmsg_send_offchannel_nocopy
                0x0000000000016710       0x28 modules/open-amp/open-amp/lib/libopen_amp.a(rpmsg.c.obj)
                0x0000000000016710                rpmsg_send_offchannel_nocopy
 .text.rpmsg_register_endpoint
                0x0000000000016738       0x40 modules/open-amp/open-amp/lib/libopen_amp.a(rpmsg.c.obj)
                0x0000000000016738                rpmsg_register_endpoint
 .text.rpmsg_create_ept
                0x0000000000016778       0xf4 modules/open-amp/open-amp/lib/libopen_amp.a(rpmsg.c.obj)
                0x0000000000016778                rpmsg_create_ept
 .text.rpmsg_virtio_send_offchannel_nocopy
                0x000000000001686c       0xe8 modules/open-amp/open-amp/lib/libopen_amp.a(rpmsg_virtio.c.obj)
 .text.rpmsg_virtio_rx_callback
                0x0000000000016954       0xdc modules/open-amp/open-amp/lib/libopen_amp.a(rpmsg_virtio.c.obj)
 .text.rpmsg_virtio_send_offchannel_raw
                0x0000000000016a30       0x84 modules/open-amp/open-amp/lib/libopen_amp.a(rpmsg_virtio.c.obj)
 .text.rpmsg_virtio_get_buffer_size
                0x0000000000016ab4       0x4c modules/open-amp/open-amp/lib/libopen_amp.a(rpmsg_virtio.c.obj)
                0x0000000000016ab4                rpmsg_virtio_get_buffer_size
 .text.rpmsg_init_vdev_with_config
                0x0000000000016b00      0x220 modules/open-amp/open-amp/lib/libopen_amp.a(rpmsg_virtio.c.obj)
                0x0000000000016b00                rpmsg_init_vdev_with_config
 .text.rpmsg_init_vdev
                0x0000000000016d20       0x28 modules/open-amp/open-amp/lib/libopen_amp.a(rpmsg_virtio.c.obj)
                0x0000000000016d20                rpmsg_init_vdev
 .text.z_fatal_error
                0x0000000000016d48      0x12c zephyr/kernel/libkernel.a(fatal.c.obj)
                0x0000000000016d48                z_fatal_error
 .text.z_sys_init_run_level
                0x0000000000016e74       0x44 zephyr/kernel/libkernel.a(init.c.obj)
 .text.bg_thread_main
                0x0000000000016eb8       0x34 zephyr/kernel/libkernel.a(init.c.obj)
 .text.z_bss_zero
                0x0000000000016eec       0x18 zephyr/kernel/libkernel.a(init.c.obj)
                0x0000000000016eec                z_bss_zero
 .text.z_init_cpu
                0x0000000000016f04       0x68 zephyr/kernel/libkernel.a(init.c.obj)
                0x0000000000016f04                z_init_cpu
 .text.z_cstart
                0x0000000000016f6c       0xe4 zephyr/kernel/libkernel.a(init.c.obj)
                0x0000000000016f6c                z_cstart
 .text.statics_init
                0x0000000000017050       0x50 zephyr/kernel/libkernel.a(kheap.c.obj)
 .text.k_heap_aligned_alloc
                0x00000000000170a0      0x140 zephyr/kernel/libkernel.a(kheap.c.obj)
                0x00000000000170a0                k_heap_aligned_alloc
 .text.k_heap_free
                0x00000000000171e0       0xa4 zephyr/kernel/libkernel.a(kheap.c.obj)
                0x00000000000171e0                k_heap_free
 .text.init_mem_slab_module
                0x0000000000017284       0x50 zephyr/kernel/libkernel.a(mem_slab.c.obj)
 .text.k_mem_slab_alloc
                0x00000000000172d4       0xd4 zephyr/kernel/libkernel.a(mem_slab.c.obj)
                0x00000000000172d4                k_mem_slab_alloc
 .text.k_mem_slab_free
                0x00000000000173a8       0xc4 zephyr/kernel/libkernel.a(mem_slab.c.obj)
                0x00000000000173a8                k_mem_slab_free
 .text.z_setup_new_thread
                0x000000000001746c       0xa8 zephyr/kernel/libkernel.a(thread.c.obj)
                0x000000000001746c                z_setup_new_thread
 .text.z_impl_k_thread_create
                0x0000000000017514       0x8c zephyr/kernel/libkernel.a(thread.c.obj)
                0x0000000000017514                z_impl_k_thread_create
 .text.z_init_static_threads
                0x00000000000175a0      0x108 zephyr/kernel/libkernel.a(thread.c.obj)
                0x00000000000175a0                z_init_static_threads
 .text.z_spin_lock_valid
                0x00000000000176a8       0x1c zephyr/kernel/libkernel.a(thread.c.obj)
                0x00000000000176a8                z_spin_lock_valid
 .text.z_spin_unlock_valid
                0x00000000000176c4       0x1c zephyr/kernel/libkernel.a(thread.c.obj)
                0x00000000000176c4                z_spin_unlock_valid
 .text.z_spin_lock_set_owner
                0x00000000000176e0       0x10 zephyr/kernel/libkernel.a(thread.c.obj)
                0x00000000000176e0                z_spin_lock_set_owner
 .text.idle     0x00000000000176f0       0x64 zephyr/kernel/libkernel.a(idle.c.obj)
                0x00000000000176f0                idle
 .text.z_impl_k_mutex_lock
                0x0000000000017754      0x1a0 zephyr/kernel/libkernel.a(mutex.c.obj)
                0x0000000000017754                z_impl_k_mutex_lock
 .text.z_impl_k_mutex_unlock
                0x00000000000178f4      0x11c zephyr/kernel/libkernel.a(mutex.c.obj)
                0x00000000000178f4                z_impl_k_mutex_unlock
 .text.queue_insert
                0x0000000000017a10      0x134 zephyr/kernel/libkernel.a(queue.c.obj)
 .text.k_queue_append_list
                0x0000000000017b44       0xbc zephyr/kernel/libkernel.a(queue.c.obj)
                0x0000000000017b44                k_queue_append_list
 .text.z_impl_k_queue_get
                0x0000000000017c00       0xd4 zephyr/kernel/libkernel.a(queue.c.obj)
                0x0000000000017c00                z_impl_k_queue_get
 .text.z_impl_k_sem_give
                0x0000000000017cd4       0x88 zephyr/kernel/libkernel.a(sem.c.obj)
                0x0000000000017cd4                z_impl_k_sem_give
 .text.z_impl_k_sem_take
                0x0000000000017d5c       0xf4 zephyr/kernel/libkernel.a(sem.c.obj)
                0x0000000000017d5c                z_impl_k_sem_take
 .text.k_sys_work_q_init
                0x0000000000017e50       0x34 zephyr/kernel/libkernel.a(system_work_q.c.obj)
 .text.work_queue_main
                0x0000000000017e84      0x1e8 zephyr/kernel/libkernel.a(work.c.obj)
 .text.cancel_sync_locked
                0x000000000001806c       0x3c zephyr/kernel/libkernel.a(work.c.obj)
 .text.submit_to_queue_locked
                0x00000000000180a8       0xd8 zephyr/kernel/libkernel.a(work.c.obj)
 .text.work_timeout
                0x0000000000018180       0xa4 zephyr/kernel/libkernel.a(work.c.obj)
 .text.k_work_init
                0x0000000000018224       0x4c zephyr/kernel/libkernel.a(work.c.obj)
                0x0000000000018224                k_work_init
 .text.k_work_busy_get
                0x0000000000018270       0x8c zephyr/kernel/libkernel.a(work.c.obj)
                0x0000000000018270                k_work_busy_get
 .text.z_work_submit_to_queue
                0x00000000000182fc       0xb4 zephyr/kernel/libkernel.a(work.c.obj)
                0x00000000000182fc                z_work_submit_to_queue
 .text.k_work_submit
                0x00000000000183b0        0xc zephyr/kernel/libkernel.a(work.c.obj)
                0x00000000000183b0                k_work_submit
 .text.k_work_queue_init
                0x00000000000183bc       0x34 zephyr/kernel/libkernel.a(work.c.obj)
                0x00000000000183bc                k_work_queue_init
 .text.k_work_queue_start
                0x00000000000183f0       0xd0 zephyr/kernel/libkernel.a(work.c.obj)
                0x00000000000183f0                k_work_queue_start
 .text.k_work_queue_drain
                0x00000000000184c0      0x11c zephyr/kernel/libkernel.a(work.c.obj)
                0x00000000000184c0                k_work_queue_drain
 .text.k_work_init_delayable
                0x00000000000185dc       0x58 zephyr/kernel/libkernel.a(work.c.obj)
                0x00000000000185dc                k_work_init_delayable
 .text.k_work_schedule_for_queue
                0x0000000000018634       0xec zephyr/kernel/libkernel.a(work.c.obj)
                0x0000000000018634                k_work_schedule_for_queue
 .text.k_work_schedule
                0x0000000000018720        0xc zephyr/kernel/libkernel.a(work.c.obj)
                0x0000000000018720                k_work_schedule
 .text.k_work_reschedule_for_queue
                0x000000000001872c       0xe8 zephyr/kernel/libkernel.a(work.c.obj)
                0x000000000001872c                k_work_reschedule_for_queue
 .text.k_work_reschedule
                0x0000000000018814        0xc zephyr/kernel/libkernel.a(work.c.obj)
                0x0000000000018814                k_work_reschedule
 .text.k_work_cancel_delayable
                0x0000000000018820       0xb4 zephyr/kernel/libkernel.a(work.c.obj)
                0x0000000000018820                k_work_cancel_delayable
 .text.k_work_cancel_delayable_sync
                0x00000000000188d4      0x120 zephyr/kernel/libkernel.a(work.c.obj)
                0x00000000000188d4                k_work_cancel_delayable_sync
 .text.z_reset_time_slice
                0x00000000000189f4       0x28 zephyr/kernel/libkernel.a(sched.c.obj)
                0x00000000000189f4                z_reset_time_slice
 .text.update_cache
                0x0000000000018a1c       0x68 zephyr/kernel/libkernel.a(sched.c.obj)
 .text.ready_thread
                0x0000000000018a84       0x94 zephyr/kernel/libkernel.a(sched.c.obj)
 .text.k_sched_time_slice_set
                0x0000000000018b18       0xc8 zephyr/kernel/libkernel.a(sched.c.obj)
                0x0000000000018b18                k_sched_time_slice_set
 .text.z_ready_thread
                0x0000000000018be0       0x8c zephyr/kernel/libkernel.a(sched.c.obj)
                0x0000000000018be0                z_ready_thread
 .text.z_unpend_thread_no_timeout
                0x0000000000018c6c       0x8c zephyr/kernel/libkernel.a(sched.c.obj)
                0x0000000000018c6c                z_unpend_thread_no_timeout
 .text.z_reschedule
                0x0000000000018cf8       0x84 zephyr/kernel/libkernel.a(sched.c.obj)
                0x0000000000018cf8                z_reschedule
 .text.z_sched_start
                0x0000000000018d7c       0xa4 zephyr/kernel/libkernel.a(sched.c.obj)
                0x0000000000018d7c                z_sched_start
 .text.k_sched_lock
                0x0000000000018e20       0xd8 zephyr/kernel/libkernel.a(sched.c.obj)
                0x0000000000018e20                k_sched_lock
 .text.k_sched_unlock
                0x0000000000018ef8       0xe8 zephyr/kernel/libkernel.a(sched.c.obj)
                0x0000000000018ef8                k_sched_unlock
 .text.z_priq_dumb_remove
                0x0000000000018fe0       0x40 zephyr/kernel/libkernel.a(sched.c.obj)
                0x0000000000018fe0                z_priq_dumb_remove
 .text.move_thread_to_end_of_prio_q
                0x0000000000019020       0xa4 zephyr/kernel/libkernel.a(sched.c.obj)
 .text.z_time_slice
                0x00000000000190c4       0xec zephyr/kernel/libkernel.a(sched.c.obj)
                0x00000000000190c4                z_time_slice
 .text.unready_thread
                0x00000000000191b0       0x38 zephyr/kernel/libkernel.a(sched.c.obj)
 .text.add_to_waitq_locked
                0x00000000000191e8       0x7c zephyr/kernel/libkernel.a(sched.c.obj)
 .text.pend_locked
                0x0000000000019264       0x30 zephyr/kernel/libkernel.a(sched.c.obj)
 .text.z_pend_curr
                0x0000000000019294       0xec zephyr/kernel/libkernel.a(sched.c.obj)
                0x0000000000019294                z_pend_curr
 .text.z_set_prio
                0x0000000000019380      0x124 zephyr/kernel/libkernel.a(sched.c.obj)
                0x0000000000019380                z_set_prio
 .text.z_impl_k_thread_suspend
                0x00000000000194a4       0xd0 zephyr/kernel/libkernel.a(sched.c.obj)
                0x00000000000194a4                z_impl_k_thread_suspend
 .text.unpend_thread_no_timeout
                0x0000000000019574       0x40 zephyr/kernel/libkernel.a(sched.c.obj)
 .text.z_unpend_thread
                0x00000000000195b4       0x94 zephyr/kernel/libkernel.a(sched.c.obj)
                0x00000000000195b4                z_unpend_thread
 .text.z_thread_timeout
                0x0000000000019648       0xb0 zephyr/kernel/libkernel.a(sched.c.obj)
                0x0000000000019648                z_thread_timeout
 .text.z_unpend1_no_timeout
                0x00000000000196f8       0x98 zephyr/kernel/libkernel.a(sched.c.obj)
                0x00000000000196f8                z_unpend1_no_timeout
 .text.z_unpend_first_thread
                0x0000000000019790       0xa0 zephyr/kernel/libkernel.a(sched.c.obj)
                0x0000000000019790                z_unpend_first_thread
 .text.z_sched_init
                0x0000000000019830       0x18 zephyr/kernel/libkernel.a(sched.c.obj)
                0x0000000000019830                z_sched_init
 .text.z_impl_k_yield
                0x0000000000019848      0x130 zephyr/kernel/libkernel.a(sched.c.obj)
                0x0000000000019848                z_impl_k_yield
 .text.z_tick_sleep
                0x0000000000019978      0x144 zephyr/kernel/libkernel.a(sched.c.obj)
 .text.z_impl_k_sleep
                0x0000000000019abc       0x68 zephyr/kernel/libkernel.a(sched.c.obj)
                0x0000000000019abc                z_impl_k_sleep
 .text.z_impl_z_current_get
                0x0000000000019b24        0xc zephyr/kernel/libkernel.a(sched.c.obj)
                0x0000000000019b24                z_impl_z_current_get
 .text.z_thread_abort
                0x0000000000019b30      0x190 zephyr/kernel/libkernel.a(sched.c.obj)
                0x0000000000019b30                z_thread_abort
 .text.z_sched_wake
                0x0000000000019cc0       0xbc zephyr/kernel/libkernel.a(sched.c.obj)
                0x0000000000019cc0                z_sched_wake
 .text.z_sched_wait
                0x0000000000019d7c       0x24 zephyr/kernel/libkernel.a(sched.c.obj)
                0x0000000000019d7c                z_sched_wait
 .text.z_data_copy
                0x0000000000019da0       0x34 zephyr/kernel/libkernel.a(xip.c.obj)
                0x0000000000019da0                z_data_copy
 .text.elapsed  0x0000000000019dd4       0x14 zephyr/kernel/libkernel.a(timeout.c.obj)
 .text.next_timeout
                0x0000000000019de8       0x50 zephyr/kernel/libkernel.a(timeout.c.obj)
 .text.remove_timeout
                0x0000000000019e38       0x38 zephyr/kernel/libkernel.a(timeout.c.obj)
 .text.z_add_timeout
                0x0000000000019e70      0x18c zephyr/kernel/libkernel.a(timeout.c.obj)
                0x0000000000019e70                z_add_timeout
 .text.z_abort_timeout
                0x0000000000019ffc       0x98 zephyr/kernel/libkernel.a(timeout.c.obj)